LINE: "
  [0, 1] source.smalltalk.gnu comment.block.double-quoted.smalltalk punctuation.definition.comment.begin.smalltalk : """
LINE:     File: 01_literals_numbers.st
  [0, 33] source.smalltalk.gnu comment.block.double-quoted.smalltalk : "    File: 01_literals_numbers.st"
LINE:     Purpose: Test cases for various number literals in GNU Smalltalk.
  [0, 70] source.smalltalk.gnu comment.block.double-quoted.smalltalk : "    Purpose: Test cases for various number literals in GNU Smalltalk."
LINE: "
  [0, 1] source.smalltalk.gnu comment.block.double-quoted.smalltalk punctuation.definition.comment.end.smalltalk : """
LINE: 
  [0, 1] source.smalltalk.gnu : ""
LINE: " --- Integers --- "
  [0, 1] source.smalltalk.gnu comment.block.double-quoted.smalltalk punctuation.definition.comment.begin.smalltalk : """
  [1, 19] source.smalltalk.gnu comment.block.double-quoted.smalltalk : " --- Integers --- "
  [19, 20] source.smalltalk.gnu comment.block.double-quoted.smalltalk punctuation.definition.comment.end.smalltalk : """
LINE: " Simple Integers "
  [0, 1] source.smalltalk.gnu comment.block.double-quoted.smalltalk punctuation.definition.comment.begin.smalltalk : """
  [1, 18] source.smalltalk.gnu comment.block.double-quoted.smalltalk : " Simple Integers "
  [18, 19] source.smalltalk.gnu comment.block.double-quoted.smalltalk punctuation.definition.comment.end.smalltalk : """
LINE: 123.
  [0, 3] source.smalltalk.gnu constant.numeric.integer.smalltalk : "123"
  [3, 4] source.smalltalk.gnu punctuation.terminator.statement.smalltalk : "."
LINE: 0.
  [0, 1] source.smalltalk.gnu constant.numeric.integer.smalltalk : "0"
  [1, 2] source.smalltalk.gnu punctuation.terminator.statement.smalltalk : "."
LINE: -456.
  [0, 1] source.smalltalk.gnu keyword.operator.binary.smalltalk : "-"
  [1, 4] source.smalltalk.gnu constant.numeric.integer.smalltalk : "456"
  [4, 5] source.smalltalk.gnu punctuation.terminator.statement.smalltalk : "."
LINE: 
  [0, 1] source.smalltalk.gnu : ""
LINE: " Integers with _ separators "
  [0, 1] source.smalltalk.gnu comment.block.double-quoted.smalltalk punctuation.definition.comment.begin.smalltalk : """
  [1, 29] source.smalltalk.gnu comment.block.double-quoted.smalltalk : " Integers with _ separators "
  [29, 30] source.smalltalk.gnu comment.block.double-quoted.smalltalk punctuation.definition.comment.end.smalltalk : """
LINE: 1_000_000.
  [0, 9] source.smalltalk.gnu constant.numeric.integer.smalltalk : "1_000_000"
  [9, 10] source.smalltalk.gnu punctuation.terminator.statement.smalltalk : "."
LINE: -2_500.
  [0, 1] source.smalltalk.gnu keyword.operator.binary.smalltalk : "-"
  [1, 6] source.smalltalk.gnu constant.numeric.integer.smalltalk : "2_500"
  [6, 7] source.smalltalk.gnu punctuation.terminator.statement.smalltalk : "."
LINE: 
  [0, 1] source.smalltalk.gnu : ""
LINE: " --- Radix Integers --- "
  [0, 1] source.smalltalk.gnu comment.block.double-quoted.smalltalk punctuation.definition.comment.begin.smalltalk : """
  [1, 25] source.smalltalk.gnu comment.block.double-quoted.smalltalk : " --- Radix Integers --- "
  [25, 26] source.smalltalk.gnu comment.block.double-quoted.smalltalk punctuation.definition.comment.end.smalltalk : """
LINE: " Binary (2r) "
  [0, 1] source.smalltalk.gnu comment.block.double-quoted.smalltalk punctuation.definition.comment.begin.smalltalk : """
  [1, 14] source.smalltalk.gnu comment.block.double-quoted.smalltalk : " Binary (2r) "
  [14, 15] source.smalltalk.gnu comment.block.double-quoted.smalltalk punctuation.definition.comment.end.smalltalk : """
LINE: 2r1011.      " 11 "
  [0, 2] source.smalltalk.gnu constant.numeric.integer.radix.smalltalk constant.numeric.radix.base.smalltalk : "2r"
  [2, 6] source.smalltalk.gnu constant.numeric.integer.radix.smalltalk constant.numeric.radix.number.smalltalk : "1011"
  [6, 7] source.smalltalk.gnu punctuation.terminator.statement.smalltalk : "."
  [7, 13] source.smalltalk.gnu keyword.operator.binary.smalltalk : "      "
  [13, 14] source.smalltalk.gnu comment.block.double-quoted.smalltalk punctuation.definition.comment.begin.smalltalk : """
  [14, 18] source.smalltalk.gnu comment.block.double-quoted.smalltalk : " 11 "
  [18, 19] source.smalltalk.gnu comment.block.double-quoted.smalltalk punctuation.definition.comment.end.smalltalk : """
LINE: -2r100.      " -4 "
  [0, 1] source.smalltalk.gnu keyword.operator.binary.smalltalk : "-"
  [1, 3] source.smalltalk.gnu constant.numeric.integer.radix.smalltalk constant.numeric.radix.base.smalltalk : "2r"
  [3, 6] source.smalltalk.gnu constant.numeric.integer.radix.smalltalk constant.numeric.radix.number.smalltalk : "100"
  [6, 7] source.smalltalk.gnu punctuation.terminator.statement.smalltalk : "."
  [7, 13] source.smalltalk.gnu keyword.operator.binary.smalltalk : "      "
  [13, 14] source.smalltalk.gnu comment.block.double-quoted.smalltalk punctuation.definition.comment.begin.smalltalk : """
  [14, 18] source.smalltalk.gnu comment.block.double-quoted.smalltalk : " -4 "
  [18, 19] source.smalltalk.gnu comment.block.double-quoted.smalltalk punctuation.definition.comment.end.smalltalk : """
LINE: 2r1111_0000. " 240 "
  [0, 2] source.smalltalk.gnu constant.numeric.integer.radix.smalltalk constant.numeric.radix.base.smalltalk : "2r"
  [2, 11] source.smalltalk.gnu constant.numeric.integer.radix.smalltalk constant.numeric.radix.number.smalltalk : "1111_0000"
  [11, 12] source.smalltalk.gnu punctuation.terminator.statement.smalltalk : "."
  [12, 13] source.smalltalk.gnu keyword.operator.binary.smalltalk : " "
  [13, 14] source.smalltalk.gnu comment.block.double-quoted.smalltalk punctuation.definition.comment.begin.smalltalk : """
  [14, 19] source.smalltalk.gnu comment.block.double-quoted.smalltalk : " 240 "
  [19, 20] source.smalltalk.gnu comment.block.double-quoted.smalltalk punctuation.definition.comment.end.smalltalk : """
LINE: 
  [0, 1] source.smalltalk.gnu : ""
LINE: " Octal (8r) "
  [0, 1] source.smalltalk.gnu comment.block.double-quoted.smalltalk punctuation.definition.comment.begin.smalltalk : """
  [1, 13] source.smalltalk.gnu comment.block.double-quoted.smalltalk : " Octal (8r) "
  [13, 14] source.smalltalk.gnu comment.block.double-quoted.smalltalk punctuation.definition.comment.end.smalltalk : """
LINE: 8r777.       " 511 "
  [0, 2] source.smalltalk.gnu constant.numeric.integer.radix.smalltalk constant.numeric.radix.base.smalltalk : "8r"
  [2, 5] source.smalltalk.gnu constant.numeric.integer.radix.smalltalk constant.numeric.radix.number.smalltalk : "777"
  [5, 6] source.smalltalk.gnu punctuation.terminator.statement.smalltalk : "."
  [6, 13] source.smalltalk.gnu keyword.operator.binary.smalltalk : "       "
  [13, 14] source.smalltalk.gnu comment.block.double-quoted.smalltalk punctuation.definition.comment.begin.smalltalk : """
  [14, 19] source.smalltalk.gnu comment.block.double-quoted.smalltalk : " 511 "
  [19, 20] source.smalltalk.gnu comment.block.double-quoted.smalltalk punctuation.definition.comment.end.smalltalk : """
LINE: -8r10.       " -8 "
  [0, 1] source.smalltalk.gnu keyword.operator.binary.smalltalk : "-"
  [1, 3] source.smalltalk.gnu constant.numeric.integer.radix.smalltalk constant.numeric.radix.base.smalltalk : "8r"
  [3, 5] source.smalltalk.gnu constant.numeric.integer.radix.smalltalk constant.numeric.radix.number.smalltalk : "10"
  [5, 6] source.smalltalk.gnu punctuation.terminator.statement.smalltalk : "."
  [6, 13] source.smalltalk.gnu keyword.operator.binary.smalltalk : "       "
  [13, 14] source.smalltalk.gnu comment.block.double-quoted.smalltalk punctuation.definition.comment.begin.smalltalk : """
  [14, 18] source.smalltalk.gnu comment.block.double-quoted.smalltalk : " -8 "
  [18, 19] source.smalltalk.gnu comment.block.double-quoted.smalltalk punctuation.definition.comment.end.smalltalk : """
LINE: 8r1_7.       " 15 "
  [0, 2] source.smalltalk.gnu constant.numeric.integer.radix.smalltalk constant.numeric.radix.base.smalltalk : "8r"
  [2, 5] source.smalltalk.gnu constant.numeric.integer.radix.smalltalk constant.numeric.radix.number.smalltalk : "1_7"
  [5, 6] source.smalltalk.gnu punctuation.terminator.statement.smalltalk : "."
  [6, 13] source.smalltalk.gnu keyword.operator.binary.smalltalk : "       "
  [13, 14] source.smalltalk.gnu comment.block.double-quoted.smalltalk punctuation.definition.comment.begin.smalltalk : """
  [14, 18] source.smalltalk.gnu comment.block.double-quoted.smalltalk : " 15 "
  [18, 19] source.smalltalk.gnu comment.block.double-quoted.smalltalk punctuation.definition.comment.end.smalltalk : """
LINE: 
  [0, 1] source.smalltalk.gnu : ""
LINE: " Hexadecimal (16r) "
  [0, 1] source.smalltalk.gnu comment.block.double-quoted.smalltalk punctuation.definition.comment.begin.smalltalk : """
  [1, 20] source.smalltalk.gnu comment.block.double-quoted.smalltalk : " Hexadecimal (16r) "
  [20, 21] source.smalltalk.gnu comment.block.double-quoted.smalltalk punctuation.definition.comment.end.smalltalk : """
LINE: 16rFF.       " 255 "
  [0, 3] source.smalltalk.gnu constant.numeric.integer.radix.smalltalk constant.numeric.radix.base.smalltalk : "16r"
  [3, 5] source.smalltalk.gnu constant.numeric.integer.radix.smalltalk constant.numeric.radix.number.smalltalk : "FF"
  [5, 6] source.smalltalk.gnu punctuation.terminator.statement.smalltalk : "."
  [6, 13] source.smalltalk.gnu keyword.operator.binary.smalltalk : "       "
  [13, 14] source.smalltalk.gnu comment.block.double-quoted.smalltalk punctuation.definition.comment.begin.smalltalk : """
  [14, 19] source.smalltalk.gnu comment.block.double-quoted.smalltalk : " 255 "
  [19, 20] source.smalltalk.gnu comment.block.double-quoted.smalltalk punctuation.definition.comment.end.smalltalk : """
LINE: -16rA0.      " -160 "
  [0, 1] source.smalltalk.gnu keyword.operator.binary.smalltalk : "-"
  [1, 4] source.smalltalk.gnu constant.numeric.integer.radix.smalltalk constant.numeric.radix.base.smalltalk : "16r"
  [4, 6] source.smalltalk.gnu constant.numeric.integer.radix.smalltalk constant.numeric.radix.number.smalltalk : "A0"
  [6, 7] source.smalltalk.gnu punctuation.terminator.statement.smalltalk : "."
  [7, 13] source.smalltalk.gnu keyword.operator.binary.smalltalk : "      "
  [13, 14] source.smalltalk.gnu comment.block.double-quoted.smalltalk punctuation.definition.comment.begin.smalltalk : """
  [14, 20] source.smalltalk.gnu comment.block.double-quoted.smalltalk : " -160 "
  [20, 21] source.smalltalk.gnu comment.block.double-quoted.smalltalk punctuation.definition.comment.end.smalltalk : """
LINE: 16rCAFE_BABE. " 3405691582 "
  [0, 3] source.smalltalk.gnu constant.numeric.integer.radix.smalltalk constant.numeric.radix.base.smalltalk : "16r"
  [3, 12] source.smalltalk.gnu constant.numeric.integer.radix.smalltalk constant.numeric.radix.number.smalltalk : "CAFE_BABE"
  [12, 13] source.smalltalk.gnu punctuation.terminator.statement.smalltalk : "."
  [13, 14] source.smalltalk.gnu keyword.operator.binary.smalltalk : " "
  [14, 15] source.smalltalk.gnu comment.block.double-quoted.smalltalk punctuation.definition.comment.begin.smalltalk : """
  [15, 27] source.smalltalk.gnu comment.block.double-quoted.smalltalk : " 3405691582 "
  [27, 28] source.smalltalk.gnu comment.block.double-quoted.smalltalk punctuation.definition.comment.end.smalltalk : """
LINE: 16rff.       " 255 (lowercase) "
  [0, 3] source.smalltalk.gnu constant.numeric.integer.radix.smalltalk constant.numeric.radix.base.smalltalk : "16r"
  [3, 5] source.smalltalk.gnu constant.numeric.integer.radix.smalltalk constant.numeric.radix.number.smalltalk : "ff"
  [5, 6] source.smalltalk.gnu punctuation.terminator.statement.smalltalk : "."
  [6, 13] source.smalltalk.gnu keyword.operator.binary.smalltalk : "       "
  [13, 14] source.smalltalk.gnu comment.block.double-quoted.smalltalk punctuation.definition.comment.begin.smalltalk : """
  [14, 31] source.smalltalk.gnu comment.block.double-quoted.smalltalk : " 255 (lowercase) "
  [31, 32] source.smalltalk.gnu comment.block.double-quoted.smalltalk punctuation.definition.comment.end.smalltalk : """
LINE: 
  [0, 1] source.smalltalk.gnu : ""
LINE: " Other Radix (e.g., 36r) "
  [0, 1] source.smalltalk.gnu comment.block.double-quoted.smalltalk punctuation.definition.comment.begin.smalltalk : """
  [1, 26] source.smalltalk.gnu comment.block.double-quoted.smalltalk : " Other Radix (e.g., 36r) "
  [26, 27] source.smalltalk.gnu comment.block.double-quoted.smalltalk punctuation.definition.comment.end.smalltalk : """
LINE: 36rSMALLTALK. " 80465390982035363 "
  [0, 3] source.smalltalk.gnu constant.numeric.integer.radix.smalltalk constant.numeric.radix.base.smalltalk : "36r"
  [3, 12] source.smalltalk.gnu constant.numeric.integer.radix.smalltalk constant.numeric.radix.number.smalltalk : "SMALLTALK"
  [12, 13] source.smalltalk.gnu punctuation.terminator.statement.smalltalk : "."
  [13, 14] source.smalltalk.gnu keyword.operator.binary.smalltalk : " "
  [14, 15] source.smalltalk.gnu comment.block.double-quoted.smalltalk punctuation.definition.comment.begin.smalltalk : """
  [15, 34] source.smalltalk.gnu comment.block.double-quoted.smalltalk : " 80465390982035363 "
  [34, 35] source.smalltalk.gnu comment.block.double-quoted.smalltalk punctuation.definition.comment.end.smalltalk : """
LINE: 
  [0, 1] source.smalltalk.gnu : ""
LINE: " --- Floats --- "
  [0, 1] source.smalltalk.gnu comment.block.double-quoted.smalltalk punctuation.definition.comment.begin.smalltalk : """
  [1, 17] source.smalltalk.gnu comment.block.double-quoted.smalltalk : " --- Floats --- "
  [17, 18] source.smalltalk.gnu comment.block.double-quoted.smalltalk punctuation.definition.comment.end.smalltalk : """
LINE: " FLOATD_LITERAL (Double-precision) - default, or with 'd' suffix "
  [0, 1] source.smalltalk.gnu comment.block.double-quoted.smalltalk punctuation.definition.comment.begin.smalltalk : """
  [1, 66] source.smalltalk.gnu comment.block.double-quoted.smalltalk : " FLOATD_LITERAL (Double-precision) - default, or with 'd' suffix "
  [66, 67] source.smalltalk.gnu comment.block.double-quoted.smalltalk punctuation.definition.comment.end.smalltalk : """
LINE: 1.0.
  [0, 3] source.smalltalk.gnu constant.numeric.float.smalltalk : "1.0"
  [3, 4] source.smalltalk.gnu punctuation.terminator.statement.smalltalk : "."
LINE: -0.5.
  [0, 1] source.smalltalk.gnu keyword.operator.binary.smalltalk : "-"
  [1, 4] source.smalltalk.gnu constant.numeric.float.smalltalk : "0.5"
  [4, 5] source.smalltalk.gnu punctuation.terminator.statement.smalltalk : "."
LINE: 123.456.
  [0, 7] source.smalltalk.gnu constant.numeric.float.smalltalk : "123.456"
  [7, 8] source.smalltalk.gnu punctuation.terminator.statement.smalltalk : "."
LINE: 1.23456789d.
  [0, 10] source.smalltalk.gnu constant.numeric.float.smalltalk : "1.23456789"
  [10, 11] source.smalltalk.gnu constant.numeric.float.smalltalk constant.numeric.float.exponent-indicator.smalltalk : "d"
  [11, 12] source.smalltalk.gnu punctuation.terminator.statement.smalltalk : "."
LINE: -2.5d.
  [0, 1] source.smalltalk.gnu keyword.operator.binary.smalltalk : "-"
  [1, 4] source.smalltalk.gnu constant.numeric.float.smalltalk : "2.5"
  [4, 5] source.smalltalk.gnu constant.numeric.float.smalltalk constant.numeric.float.exponent-indicator.smalltalk : "d"
  [5, 6] source.smalltalk.gnu punctuation.terminator.statement.smalltalk : "."
LINE: 1_000.500_000d.
  [0, 13] source.smalltalk.gnu constant.numeric.float.smalltalk : "1_000.500_000"
  [13, 14] source.smalltalk.gnu constant.numeric.float.smalltalk constant.numeric.float.exponent-indicator.smalltalk : "d"
  [14, 15] source.smalltalk.gnu punctuation.terminator.statement.smalltalk : "."
LINE: 2r101.01d.   " 5.25 "
  [0, 2] source.smalltalk.gnu constant.numeric.float.smalltalk constant.numeric.radix.base.smalltalk : "2r"
  [2, 5] source.smalltalk.gnu constant.numeric.float.smalltalk constant.numeric.radix.number.smalltalk : "101"
  [5, 6] source.smalltalk.gnu constant.numeric.float.smalltalk : "."
  [6, 8] source.smalltalk.gnu constant.numeric.float.smalltalk constant.numeric.radix.number.smalltalk : "01"
  [8, 9] source.smalltalk.gnu constant.numeric.float.smalltalk constant.numeric.float.exponent-indicator.smalltalk : "d"
  [9, 10] source.smalltalk.gnu punctuation.terminator.statement.smalltalk : "."
  [10, 13] source.smalltalk.gnu keyword.operator.binary.smalltalk : "   "
  [13, 14] source.smalltalk.gnu comment.block.double-quoted.smalltalk punctuation.definition.comment.begin.smalltalk : """
  [14, 20] source.smalltalk.gnu comment.block.double-quoted.smalltalk : " 5.25 "
  [20, 21] source.smalltalk.gnu comment.block.double-quoted.smalltalk punctuation.definition.comment.end.smalltalk : """
LINE: 16rF.Fd.     " 15.8125 "
  [0, 3] source.smalltalk.gnu constant.numeric.float.smalltalk constant.numeric.radix.base.smalltalk : "16r"
  [3, 4] source.smalltalk.gnu constant.numeric.float.smalltalk constant.numeric.radix.number.smalltalk : "F"
  [4, 5] source.smalltalk.gnu constant.numeric.float.smalltalk : "."
  [5, 6] source.smalltalk.gnu constant.numeric.float.smalltalk constant.numeric.radix.number.smalltalk : "F"
  [6, 7] source.smalltalk.gnu constant.numeric.float.smalltalk constant.numeric.float.exponent-indicator.smalltalk : "d"
  [7, 8] source.smalltalk.gnu punctuation.terminator.statement.smalltalk : "."
  [8, 13] source.smalltalk.gnu keyword.operator.binary.smalltalk : "     "
  [13, 14] source.smalltalk.gnu comment.block.double-quoted.smalltalk punctuation.definition.comment.begin.smalltalk : """
  [14, 23] source.smalltalk.gnu comment.block.double-quoted.smalltalk : " 15.8125 "
  [23, 24] source.smalltalk.gnu comment.block.double-quoted.smalltalk punctuation.definition.comment.end.smalltalk : """
LINE: 
  [0, 1] source.smalltalk.gnu : ""
LINE: " Exponent notation for doubles "
  [0, 1] source.smalltalk.gnu comment.block.double-quoted.smalltalk punctuation.definition.comment.begin.smalltalk : """
  [1, 32] source.smalltalk.gnu comment.block.double-quoted.smalltalk : " Exponent notation for doubles "
  [32, 33] source.smalltalk.gnu comment.block.double-quoted.smalltalk punctuation.definition.comment.end.smalltalk : """
LINE: 1.0e2.       " 100.0 "
  [0, 3] source.smalltalk.gnu constant.numeric.float.smalltalk : "1.0"
  [3, 4] source.smalltalk.gnu constant.numeric.float.smalltalk constant.numeric.float.exponent-indicator.smalltalk : "e"
  [4, 5] source.smalltalk.gnu constant.numeric.float.smalltalk constant.numeric.integer.smalltalk : "2"
  [5, 6] source.smalltalk.gnu punctuation.terminator.statement.smalltalk : "."
  [6, 13] source.smalltalk.gnu keyword.operator.binary.smalltalk : "       "
  [13, 14] source.smalltalk.gnu comment.block.double-quoted.smalltalk punctuation.definition.comment.begin.smalltalk : """
  [14, 21] source.smalltalk.gnu comment.block.double-quoted.smalltalk : " 100.0 "
  [21, 22] source.smalltalk.gnu comment.block.double-quoted.smalltalk punctuation.definition.comment.end.smalltalk : """
LINE: 1.0d2.       " 100.0 "
  [0, 3] source.smalltalk.gnu constant.numeric.float.smalltalk : "1.0"
  [3, 4] source.smalltalk.gnu constant.numeric.float.smalltalk constant.numeric.float.exponent-indicator.smalltalk : "d"
  [4, 5] source.smalltalk.gnu constant.numeric.float.smalltalk constant.numeric.integer.smalltalk : "2"
  [5, 6] source.smalltalk.gnu punctuation.terminator.statement.smalltalk : "."
  [6, 13] source.smalltalk.gnu keyword.operator.binary.smalltalk : "       "
  [13, 14] source.smalltalk.gnu comment.block.double-quoted.smalltalk punctuation.definition.comment.begin.smalltalk : """
  [14, 21] source.smalltalk.gnu comment.block.double-quoted.smalltalk : " 100.0 "
  [21, 22] source.smalltalk.gnu comment.block.double-quoted.smalltalk punctuation.definition.comment.end.smalltalk : """
LINE: -3.14e-1.    " -0.314 "
  [0, 1] source.smalltalk.gnu keyword.operator.binary.smalltalk : "-"
  [1, 5] source.smalltalk.gnu constant.numeric.float.smalltalk : "3.14"
  [5, 6] source.smalltalk.gnu constant.numeric.float.smalltalk constant.numeric.float.exponent-indicator.smalltalk : "e"
  [6, 8] source.smalltalk.gnu constant.numeric.float.smalltalk constant.numeric.integer.smalltalk : "-1"
  [8, 9] source.smalltalk.gnu punctuation.terminator.statement.smalltalk : "."
  [9, 13] source.smalltalk.gnu keyword.operator.binary.smalltalk : "    "
  [13, 14] source.smalltalk.gnu comment.block.double-quoted.smalltalk punctuation.definition.comment.begin.smalltalk : """
  [14, 22] source.smalltalk.gnu comment.block.double-quoted.smalltalk : " -0.314 "
  [22, 23] source.smalltalk.gnu comment.block.double-quoted.smalltalk punctuation.definition.comment.end.smalltalk : """
LINE: 12.34E5.     " 1234000.0 "
  [0, 5] source.smalltalk.gnu constant.numeric.float.smalltalk : "12.34"
  [5, 6] source.smalltalk.gnu : "E"
  [6, 7] source.smalltalk.gnu constant.numeric.integer.smalltalk : "5"
  [7, 8] source.smalltalk.gnu punctuation.terminator.statement.smalltalk : "."
  [8, 13] source.smalltalk.gnu keyword.operator.binary.smalltalk : "     "
  [13, 14] source.smalltalk.gnu comment.block.double-quoted.smalltalk punctuation.definition.comment.begin.smalltalk : """
  [14, 25] source.smalltalk.gnu comment.block.double-quoted.smalltalk : " 1234000.0 "
  [25, 26] source.smalltalk.gnu comment.block.double-quoted.smalltalk punctuation.definition.comment.end.smalltalk : """
LINE: 
  [0, 1] source.smalltalk.gnu : ""
LINE: " FLOATE_LITERAL (Single-precision) - with 'e' suffix if no decimal point, or 'e' exponent "
  [0, 1] source.smalltalk.gnu comment.block.double-quoted.smalltalk punctuation.definition.comment.begin.smalltalk : """
  [1, 91] source.smalltalk.gnu comment.block.double-quoted.smalltalk : " FLOATE_LITERAL (Single-precision) - with 'e' suffix if no decimal point, or 'e' exponent "
  [91, 92] source.smalltalk.gnu comment.block.double-quoted.smalltalk punctuation.definition.comment.end.smalltalk : """
LINE: " Note: GST typically promotes to double if 'e' is used as exponent with a decimal point.
  [0, 1] source.smalltalk.gnu comment.block.double-quoted.smalltalk punctuation.definition.comment.begin.smalltalk : """
  [1, 90] source.smalltalk.gnu comment.block.double-quoted.smalltalk : " Note: GST typically promotes to double if 'e' is used as exponent with a decimal point."
LINE:   The 'e' suffix for single precision is more for integer-like numbers.
  [0, 72] source.smalltalk.gnu comment.block.double-quoted.smalltalk : "  The 'e' suffix for single precision is more for integer-like numbers."
LINE:   1e is a float, 1.0e is a float.
  [0, 34] source.smalltalk.gnu comment.block.double-quoted.smalltalk : "  1e is a float, 1.0e is a float."
LINE:   1e0 is a float.
  [0, 18] source.smalltalk.gnu comment.block.double-quoted.smalltalk : "  1e0 is a float."
LINE:   123e. " " This form (integer followed by 'e' alone) might be lexed as IDENTIFIER if not careful, GST specific "
  [0, 8] source.smalltalk.gnu comment.block.double-quoted.smalltalk : "  123e. "
  [8, 9] source.smalltalk.gnu comment.block.double-quoted.smalltalk punctuation.definition.comment.end.smalltalk : """
  [9, 10] source.smalltalk.gnu keyword.operator.binary.smalltalk : " "
  [10, 11] source.smalltalk.gnu comment.block.double-quoted.smalltalk punctuation.definition.comment.begin.smalltalk : """
  [11, 112] source.smalltalk.gnu comment.block.double-quoted.smalltalk : " This form (integer followed by 'e' alone) might be lexed as IDENTIFIER if not careful, GST specific "
  [112, 113] source.smalltalk.gnu comment.block.double-quoted.smalltalk punctuation.definition.comment.end.smalltalk : """
LINE: 123e2.      " 12300.0 (parsed as float) "
  [0, 3] source.smalltalk.gnu constant.numeric.float.smalltalk : "123"
  [3, 4] source.smalltalk.gnu constant.numeric.float.smalltalk constant.numeric.float.exponent-indicator.smalltalk : "e"
  [4, 5] source.smalltalk.gnu constant.numeric.float.smalltalk constant.numeric.integer.smalltalk : "2"
  [5, 6] source.smalltalk.gnu punctuation.terminator.statement.smalltalk : "."
  [6, 12] source.smalltalk.gnu keyword.operator.binary.smalltalk : "      "
  [12, 13] source.smalltalk.gnu comment.block.double-quoted.smalltalk punctuation.definition.comment.begin.smalltalk : """
  [13, 40] source.smalltalk.gnu comment.block.double-quoted.smalltalk : " 12300.0 (parsed as float) "
  [40, 41] source.smalltalk.gnu comment.block.double-quoted.smalltalk punctuation.definition.comment.end.smalltalk : """
LINE: 123e-1.     " 12.3 (parsed as float) "
  [0, 3] source.smalltalk.gnu constant.numeric.float.smalltalk : "123"
  [3, 4] source.smalltalk.gnu constant.numeric.float.smalltalk constant.numeric.float.exponent-indicator.smalltalk : "e"
  [4, 6] source.smalltalk.gnu constant.numeric.float.smalltalk constant.numeric.integer.smalltalk : "-1"
  [6, 7] source.smalltalk.gnu punctuation.terminator.statement.smalltalk : "."
  [7, 12] source.smalltalk.gnu keyword.operator.binary.smalltalk : "     "
  [12, 13] source.smalltalk.gnu comment.block.double-quoted.smalltalk punctuation.definition.comment.begin.smalltalk : """
  [13, 37] source.smalltalk.gnu comment.block.double-quoted.smalltalk : " 12.3 (parsed as float) "
  [37, 38] source.smalltalk.gnu comment.block.double-quoted.smalltalk punctuation.definition.comment.end.smalltalk : """
LINE: 1.0e.       " This is 1.0, a double "
  [0, 3] source.smalltalk.gnu constant.numeric.float.smalltalk : "1.0"
  [3, 4] source.smalltalk.gnu constant.numeric.float.smalltalk constant.numeric.float.exponent-indicator.smalltalk : "e"
  [4, 5] source.smalltalk.gnu punctuation.terminator.statement.smalltalk : "."
  [5, 12] source.smalltalk.gnu keyword.operator.binary.smalltalk : "       "
  [12, 13] source.smalltalk.gnu comment.block.double-quoted.smalltalk punctuation.definition.comment.begin.smalltalk : """
  [13, 36] source.smalltalk.gnu comment.block.double-quoted.smalltalk : " This is 1.0, a double "
  [36, 37] source.smalltalk.gnu comment.block.double-quoted.smalltalk punctuation.definition.comment.end.smalltalk : """
LINE: 
  [0, 1] source.smalltalk.gnu : ""
LINE: " FLOATQ_LITERAL (Quad-precision) - with 'q' suffix "
  [0, 1] source.smalltalk.gnu comment.block.double-quoted.smalltalk punctuation.definition.comment.begin.smalltalk : """
  [1, 52] source.smalltalk.gnu comment.block.double-quoted.smalltalk : " FLOATQ_LITERAL (Quad-precision) - with 'q' suffix "
  [52, 53] source.smalltalk.gnu comment.block.double-quoted.smalltalk punctuation.definition.comment.end.smalltalk : """
LINE: 1.0q.
  [0, 3] source.smalltalk.gnu constant.numeric.float.smalltalk : "1.0"
  [3, 4] source.smalltalk.gnu constant.numeric.float.smalltalk constant.numeric.float.exponent-indicator.smalltalk : "q"
  [4, 5] source.smalltalk.gnu punctuation.terminator.statement.smalltalk : "."
LINE: -2.5q.
  [0, 1] source.smalltalk.gnu keyword.operator.binary.smalltalk : "-"
  [1, 4] source.smalltalk.gnu constant.numeric.float.smalltalk : "2.5"
  [4, 5] source.smalltalk.gnu constant.numeric.float.smalltalk constant.numeric.float.exponent-indicator.smalltalk : "q"
  [5, 6] source.smalltalk.gnu punctuation.terminator.statement.smalltalk : "."
LINE: 1.234567890123456789q.
  [0, 20] source.smalltalk.gnu constant.numeric.float.smalltalk : "1.234567890123456789"
  [20, 21] source.smalltalk.gnu constant.numeric.float.smalltalk constant.numeric.float.exponent-indicator.smalltalk : "q"
  [21, 22] source.smalltalk.gnu punctuation.terminator.statement.smalltalk : "."
LINE: 1.0q2.       " 100.0 (quad) "
  [0, 3] source.smalltalk.gnu constant.numeric.float.smalltalk : "1.0"
  [3, 4] source.smalltalk.gnu constant.numeric.float.smalltalk constant.numeric.float.exponent-indicator.smalltalk : "q"
  [4, 5] source.smalltalk.gnu constant.numeric.float.smalltalk constant.numeric.integer.smalltalk : "2"
  [5, 6] source.smalltalk.gnu punctuation.terminator.statement.smalltalk : "."
  [6, 13] source.smalltalk.gnu keyword.operator.binary.smalltalk : "       "
  [13, 14] source.smalltalk.gnu comment.block.double-quoted.smalltalk punctuation.definition.comment.begin.smalltalk : """
  [14, 28] source.smalltalk.gnu comment.block.double-quoted.smalltalk : " 100.0 (quad) "
  [28, 29] source.smalltalk.gnu comment.block.double-quoted.smalltalk punctuation.definition.comment.end.smalltalk : """
LINE: -3.14q-1.    " -0.314 (quad) "
  [0, 1] source.smalltalk.gnu keyword.operator.binary.smalltalk : "-"
  [1, 5] source.smalltalk.gnu constant.numeric.float.smalltalk : "3.14"
  [5, 6] source.smalltalk.gnu constant.numeric.float.smalltalk constant.numeric.float.exponent-indicator.smalltalk : "q"
  [6, 8] source.smalltalk.gnu constant.numeric.float.smalltalk constant.numeric.integer.smalltalk : "-1"
  [8, 9] source.smalltalk.gnu punctuation.terminator.statement.smalltalk : "."
  [9, 13] source.smalltalk.gnu keyword.operator.binary.smalltalk : "    "
  [13, 14] source.smalltalk.gnu comment.block.double-quoted.smalltalk punctuation.definition.comment.begin.smalltalk : """
  [14, 29] source.smalltalk.gnu comment.block.double-quoted.smalltalk : " -0.314 (quad) "
  [29, 30] source.smalltalk.gnu comment.block.double-quoted.smalltalk punctuation.definition.comment.end.smalltalk : """
LINE: 
  [0, 1] source.smalltalk.gnu : ""
LINE: " --- Scaled Decimals --- "
  [0, 1] source.smalltalk.gnu comment.block.double-quoted.smalltalk punctuation.definition.comment.begin.smalltalk : """
  [1, 26] source.smalltalk.gnu comment.block.double-quoted.smalltalk : " --- Scaled Decimals --- "
  [26, 27] source.smalltalk.gnu comment.block.double-quoted.smalltalk punctuation.definition.comment.end.smalltalk : """
LINE: " Simple scaled decimals "
  [0, 1] source.smalltalk.gnu comment.block.double-quoted.smalltalk punctuation.definition.comment.begin.smalltalk : """
  [1, 25] source.smalltalk.gnu comment.block.double-quoted.smalltalk : " Simple scaled decimals "
  [25, 26] source.smalltalk.gnu comment.block.double-quoted.smalltalk punctuation.definition.comment.end.smalltalk : """
LINE: 1s.          " 1 with scale 0 "
  [0, 1] source.smalltalk.gnu constant.numeric.scaled-decimal.gst.smalltalk : "1"
  [1, 2] source.smalltalk.gnu constant.numeric.scaled-decimal.gst.smalltalk constant.numeric.scaled-decimal.scale-indicator.gst.smalltalk : "s"
  [2, 3] source.smalltalk.gnu punctuation.terminator.statement.smalltalk : "."
  [3, 13] source.smalltalk.gnu keyword.operator.binary.smalltalk : "          "
  [13, 14] source.smalltalk.gnu comment.block.double-quoted.smalltalk punctuation.definition.comment.begin.smalltalk : """
  [14, 30] source.smalltalk.gnu comment.block.double-quoted.smalltalk : " 1 with scale 0 "
  [30, 31] source.smalltalk.gnu comment.block.double-quoted.smalltalk punctuation.definition.comment.end.smalltalk : """
LINE: 1.2s.        " 1.2 with scale 1 "
  [0, 3] source.smalltalk.gnu constant.numeric.scaled-decimal.gst.smalltalk : "1.2"
  [3, 4] source.smalltalk.gnu constant.numeric.scaled-decimal.gst.smalltalk constant.numeric.scaled-decimal.scale-indicator.gst.smalltalk : "s"
  [4, 5] source.smalltalk.gnu punctuation.terminator.statement.smalltalk : "."
  [5, 13] source.smalltalk.gnu keyword.operator.binary.smalltalk : "        "
  [13, 14] source.smalltalk.gnu comment.block.double-quoted.smalltalk punctuation.definition.comment.begin.smalltalk : """
  [14, 32] source.smalltalk.gnu comment.block.double-quoted.smalltalk : " 1.2 with scale 1 "
  [32, 33] source.smalltalk.gnu comment.block.double-quoted.smalltalk punctuation.definition.comment.end.smalltalk : """
LINE: -3.14s.       " -3.14 with scale 2 "
  [0, 1] source.smalltalk.gnu keyword.operator.binary.smalltalk : "-"
  [1, 5] source.smalltalk.gnu constant.numeric.scaled-decimal.gst.smalltalk : "3.14"
  [5, 6] source.smalltalk.gnu constant.numeric.scaled-decimal.gst.smalltalk constant.numeric.scaled-decimal.scale-indicator.gst.smalltalk : "s"
  [6, 7] source.smalltalk.gnu punctuation.terminator.statement.smalltalk : "."
  [7, 14] source.smalltalk.gnu keyword.operator.binary.smalltalk : "       "
  [14, 15] source.smalltalk.gnu comment.block.double-quoted.smalltalk punctuation.definition.comment.begin.smalltalk : """
  [15, 35] source.smalltalk.gnu comment.block.double-quoted.smalltalk : " -3.14 with scale 2 "
  [35, 36] source.smalltalk.gnu comment.block.double-quoted.smalltalk punctuation.definition.comment.end.smalltalk : """
LINE: 
  [0, 1] source.smalltalk.gnu : ""
LINE: " Scaled decimals with explicit scale "
  [0, 1] source.smalltalk.gnu comment.block.double-quoted.smalltalk punctuation.definition.comment.begin.smalltalk : """
  [1, 38] source.smalltalk.gnu comment.block.double-quoted.smalltalk : " Scaled decimals with explicit scale "
  [38, 39] source.smalltalk.gnu comment.block.double-quoted.smalltalk punctuation.definition.comment.end.smalltalk : """
LINE: 1s0.         " 1 with scale 0 "
  [0, 1] source.smalltalk.gnu constant.numeric.scaled-decimal.gst.smalltalk : "1"
  [1, 2] source.smalltalk.gnu constant.numeric.scaled-decimal.gst.smalltalk constant.numeric.scaled-decimal.scale-indicator.gst.smalltalk : "s"
  [2, 3] source.smalltalk.gnu constant.numeric.scaled-decimal.gst.smalltalk constant.numeric.integer.scale-value.gst.smalltalk : "0"
  [3, 4] source.smalltalk.gnu punctuation.terminator.statement.smalltalk : "."
  [4, 13] source.smalltalk.gnu keyword.operator.binary.smalltalk : "         "
  [13, 14] source.smalltalk.gnu comment.block.double-quoted.smalltalk punctuation.definition.comment.begin.smalltalk : """
  [14, 30] source.smalltalk.gnu comment.block.double-quoted.smalltalk : " 1 with scale 0 "
  [30, 31] source.smalltalk.gnu comment.block.double-quoted.smalltalk punctuation.definition.comment.end.smalltalk : """
LINE: 123s2.       " 123 with scale 2 (effectively 1.23 if it were float, but it's precise) "
  [0, 3] source.smalltalk.gnu constant.numeric.scaled-decimal.gst.smalltalk : "123"
  [3, 4] source.smalltalk.gnu constant.numeric.scaled-decimal.gst.smalltalk constant.numeric.scaled-decimal.scale-indicator.gst.smalltalk : "s"
  [4, 5] source.smalltalk.gnu constant.numeric.scaled-decimal.gst.smalltalk constant.numeric.integer.scale-value.gst.smalltalk : "2"
  [5, 6] source.smalltalk.gnu punctuation.terminator.statement.smalltalk : "."
  [6, 13] source.smalltalk.gnu keyword.operator.binary.smalltalk : "       "
  [13, 14] source.smalltalk.gnu comment.block.double-quoted.smalltalk punctuation.definition.comment.begin.smalltalk : """
  [14, 86] source.smalltalk.gnu comment.block.double-quoted.smalltalk : " 123 with scale 2 (effectively 1.23 if it were float, but it's precise) "
  [86, 87] source.smalltalk.gnu comment.block.double-quoted.smalltalk punctuation.definition.comment.end.smalltalk : """
LINE: 1.2s2.       " 1.2 with scale 2 "
  [0, 3] source.smalltalk.gnu constant.numeric.scaled-decimal.gst.smalltalk : "1.2"
  [3, 4] source.smalltalk.gnu constant.numeric.scaled-decimal.gst.smalltalk constant.numeric.scaled-decimal.scale-indicator.gst.smalltalk : "s"
  [4, 5] source.smalltalk.gnu constant.numeric.scaled-decimal.gst.smalltalk constant.numeric.integer.scale-value.gst.smalltalk : "2"
  [5, 6] source.smalltalk.gnu punctuation.terminator.statement.smalltalk : "."
  [6, 13] source.smalltalk.gnu keyword.operator.binary.smalltalk : "       "
  [13, 14] source.smalltalk.gnu comment.block.double-quoted.smalltalk punctuation.definition.comment.begin.smalltalk : """
  [14, 32] source.smalltalk.gnu comment.block.double-quoted.smalltalk : " 1.2 with scale 2 "
  [32, 33] source.smalltalk.gnu comment.block.double-quoted.smalltalk punctuation.definition.comment.end.smalltalk : """
LINE: -0.5s1.       " -0.5 with scale 1 "
  [0, 1] source.smalltalk.gnu keyword.operator.binary.smalltalk : "-"
  [1, 4] source.smalltalk.gnu constant.numeric.scaled-decimal.gst.smalltalk : "0.5"
  [4, 5] source.smalltalk.gnu constant.numeric.scaled-decimal.gst.smalltalk constant.numeric.scaled-decimal.scale-indicator.gst.smalltalk : "s"
  [5, 6] source.smalltalk.gnu constant.numeric.scaled-decimal.gst.smalltalk constant.numeric.integer.scale-value.gst.smalltalk : "1"
  [6, 7] source.smalltalk.gnu punctuation.terminator.statement.smalltalk : "."
  [7, 14] source.smalltalk.gnu keyword.operator.binary.smalltalk : "       "
  [14, 15] source.smalltalk.gnu comment.block.double-quoted.smalltalk punctuation.definition.comment.begin.smalltalk : """
  [15, 34] source.smalltalk.gnu comment.block.double-quoted.smalltalk : " -0.5 with scale 1 "
  [34, 35] source.smalltalk.gnu comment.block.double-quoted.smalltalk punctuation.definition.comment.end.smalltalk : """
LINE: 1_000.50s3.
  [0, 8] source.smalltalk.gnu constant.numeric.scaled-decimal.gst.smalltalk : "1_000.50"
  [8, 9] source.smalltalk.gnu constant.numeric.scaled-decimal.gst.smalltalk constant.numeric.scaled-decimal.scale-indicator.gst.smalltalk : "s"
  [9, 10] source.smalltalk.gnu constant.numeric.scaled-decimal.gst.smalltalk constant.numeric.integer.scale-value.gst.smalltalk : "3"
  [10, 11] source.smalltalk.gnu punctuation.terminator.statement.smalltalk : "."
LINE: 
  [0, 1] source.smalltalk.gnu : ""
LINE: " Radix with scaled decimals "
  [0, 1] source.smalltalk.gnu comment.block.double-quoted.smalltalk punctuation.definition.comment.begin.smalltalk : """
  [1, 29] source.smalltalk.gnu comment.block.double-quoted.smalltalk : " Radix with scaled decimals "
  [29, 30] source.smalltalk.gnu comment.block.double-quoted.smalltalk punctuation.definition.comment.end.smalltalk : """
LINE: 16rA.Bs2.    " 10.6875 with scale 2 "
  [0, 3] source.smalltalk.gnu constant.numeric.scaled-decimal.gst.smalltalk constant.numeric.radix.base.smalltalk : "16r"
  [3, 4] source.smalltalk.gnu constant.numeric.scaled-decimal.gst.smalltalk constant.numeric.radix.number.smalltalk : "A"
  [4, 5] source.smalltalk.gnu constant.numeric.scaled-decimal.gst.smalltalk : "."
  [5, 6] source.smalltalk.gnu constant.numeric.scaled-decimal.gst.smalltalk constant.numeric.radix.number.smalltalk : "B"
  [6, 7] source.smalltalk.gnu constant.numeric.scaled-decimal.gst.smalltalk constant.numeric.scaled-decimal.scale-indicator.gst.smalltalk : "s"
  [7, 8] source.smalltalk.gnu constant.numeric.scaled-decimal.gst.smalltalk constant.numeric.integer.scale-value.gst.smalltalk : "2"
  [8, 9] source.smalltalk.gnu punctuation.terminator.statement.smalltalk : "."
  [9, 13] source.smalltalk.gnu keyword.operator.binary.smalltalk : "    "
  [13, 14] source.smalltalk.gnu comment.block.double-quoted.smalltalk punctuation.definition.comment.begin.smalltalk : """
  [14, 36] source.smalltalk.gnu comment.block.double-quoted.smalltalk : " 10.6875 with scale 2 "
  [36, 37] source.smalltalk.gnu comment.block.double-quoted.smalltalk punctuation.definition.comment.end.smalltalk : """
LINE: 
  [0, 1] source.smalltalk.gnu : ""
LINE: " End of Number Literals Test "
  [0, 1] source.smalltalk.gnu comment.block.double-quoted.smalltalk punctuation.definition.comment.begin.smalltalk : """
  [1, 30] source.smalltalk.gnu comment.block.double-quoted.smalltalk : " End of Number Literals Test "
  [30, 31] source.smalltalk.gnu comment.block.double-quoted.smalltalk punctuation.definition.comment.end.smalltalk : """
LINE: !
  [0, 1] source.smalltalk.gnu keyword.operator.binary.smalltalk : "!"
LINE: 
  [0, 1] source.smalltalk.gnu : ""