LINE: "
  [0, 1] source.smalltalk.gnu comment.block.double-quoted.smalltalk punctuation.definition.comment.begin.smalltalk : """
LINE:     File: 02_literals_strings_chars_symbols.st
  [0, 47] source.smalltalk.gnu comment.block.double-quoted.smalltalk : "    File: 02_literals_strings_chars_symbols.st"
LINE:     Purpose: Test cases for string, character, and symbol literals.
  [0, 68] source.smalltalk.gnu comment.block.double-quoted.smalltalk : "    Purpose: Test cases for string, character, and symbol literals."
LINE: "
  [0, 1] source.smalltalk.gnu comment.block.double-quoted.smalltalk punctuation.definition.comment.end.smalltalk : """
LINE: 
  [0, 1] source.smalltalk.gnu : ""
LINE: " --- String Literals (STRING_LITERAL) --- "
  [0, 1] source.smalltalk.gnu comment.block.double-quoted.smalltalk punctuation.definition.comment.begin.smalltalk : """
  [1, 43] source.smalltalk.gnu comment.block.double-quoted.smalltalk : " --- String Literals (STRING_LITERAL) --- "
  [43, 44] source.smalltalk.gnu comment.block.double-quoted.smalltalk punctuation.definition.comment.end.smalltalk : """
LINE: 'Hello, world!'.
  [0, 1] source.smalltalk.gnu string.quoted.single.smalltalk punctuation.definition.string.begin.smalltalk : "'"
  [1, 14] source.smalltalk.gnu string.quoted.single.smalltalk : "Hello, world!"
  [14, 15] source.smalltalk.gnu string.quoted.single.smalltalk punctuation.definition.string.end.smalltalk : "'"
  [15, 16] source.smalltalk.gnu punctuation.terminator.statement.smalltalk : "."
LINE: 'This is a simple string.'.
  [0, 1] source.smalltalk.gnu string.quoted.single.smalltalk punctuation.definition.string.begin.smalltalk : "'"
  [1, 25] source.smalltalk.gnu string.quoted.single.smalltalk : "This is a simple string."
  [25, 26] source.smalltalk.gnu string.quoted.single.smalltalk punctuation.definition.string.end.smalltalk : "'"
  [26, 27] source.smalltalk.gnu punctuation.terminator.statement.smalltalk : "."
LINE: 'A string with an embedded ''single quote''.'.
  [0, 1] source.smalltalk.gnu string.quoted.single.smalltalk punctuation.definition.string.begin.smalltalk : "'"
  [1, 27] source.smalltalk.gnu string.quoted.single.smalltalk : "A string with an embedded "
  [27, 28] source.smalltalk.gnu string.quoted.single.smalltalk punctuation.definition.string.end.smalltalk : "'"
  [28, 29] source.smalltalk.gnu string.quoted.single.smalltalk punctuation.definition.string.begin.smalltalk : "'"
  [29, 41] source.smalltalk.gnu string.quoted.single.smalltalk : "single quote"
  [41, 42] source.smalltalk.gnu string.quoted.single.smalltalk punctuation.definition.string.end.smalltalk : "'"
  [42, 43] source.smalltalk.gnu string.quoted.single.smalltalk punctuation.definition.string.begin.smalltalk : "'"
  [43, 44] source.smalltalk.gnu string.quoted.single.smalltalk : "."
  [44, 45] source.smalltalk.gnu string.quoted.single.smalltalk punctuation.definition.string.end.smalltalk : "'"
  [45, 46] source.smalltalk.gnu punctuation.terminator.statement.smalltalk : "."
LINE: 'Another string with two '''' consecutively.'.
  [0, 1] source.smalltalk.gnu string.quoted.single.smalltalk punctuation.definition.string.begin.smalltalk : "'"
  [1, 25] source.smalltalk.gnu string.quoted.single.smalltalk : "Another string with two "
  [25, 26] source.smalltalk.gnu string.quoted.single.smalltalk punctuation.definition.string.end.smalltalk : "'"
  [26, 27] source.smalltalk.gnu string.quoted.single.smalltalk punctuation.definition.string.begin.smalltalk : "'"
  [27, 28] source.smalltalk.gnu string.quoted.single.smalltalk punctuation.definition.string.end.smalltalk : "'"
  [28, 29] source.smalltalk.gnu string.quoted.single.smalltalk punctuation.definition.string.begin.smalltalk : "'"
  [29, 44] source.smalltalk.gnu string.quoted.single.smalltalk : " consecutively."
  [44, 45] source.smalltalk.gnu string.quoted.single.smalltalk punctuation.definition.string.end.smalltalk : "'"
  [45, 46] source.smalltalk.gnu punctuation.terminator.statement.smalltalk : "."
LINE: ''.  " Empty string "
  [0, 1] source.smalltalk.gnu string.quoted.single.smalltalk punctuation.definition.string.begin.smalltalk : "'"
  [1, 2] source.smalltalk.gnu string.quoted.single.smalltalk punctuation.definition.string.end.smalltalk : "'"
  [2, 3] source.smalltalk.gnu punctuation.terminator.statement.smalltalk : "."
  [3, 5] source.smalltalk.gnu keyword.operator.binary.smalltalk : "  "
  [5, 6] source.smalltalk.gnu comment.block.double-quoted.smalltalk punctuation.definition.comment.begin.smalltalk : """
  [6, 20] source.smalltalk.gnu comment.block.double-quoted.smalltalk : " Empty string "
  [20, 21] source.smalltalk.gnu comment.block.double-quoted.smalltalk punctuation.definition.comment.end.smalltalk : """
LINE: 
  [0, 1] source.smalltalk.gnu : ""
LINE: " Multi-line strings are typically done by concatenation in Smalltalk,
  [0, 1] source.smalltalk.gnu comment.block.double-quoted.smalltalk punctuation.definition.comment.begin.smalltalk : """
  [1, 71] source.smalltalk.gnu comment.block.double-quoted.smalltalk : " Multi-line strings are typically done by concatenation in Smalltalk,"
LINE:   but the lexer should handle a string token correctly regardless of content.
  [0, 78] source.smalltalk.gnu comment.block.double-quoted.smalltalk : "  but the lexer should handle a string token correctly regardless of content."
LINE:   Actual parsing of newlines within a raw string literal is not standard. "
  [0, 74] source.smalltalk.gnu comment.block.double-quoted.smalltalk : "  Actual parsing of newlines within a raw string literal is not standard. "
  [74, 75] source.smalltalk.gnu comment.block.double-quoted.smalltalk punctuation.definition.comment.end.smalltalk : """
LINE: 'This is technically one line in Smalltalk'.
  [0, 1] source.smalltalk.gnu string.quoted.single.smalltalk punctuation.definition.string.begin.smalltalk : "'"
  [1, 42] source.smalltalk.gnu string.quoted.single.smalltalk : "This is technically one line in Smalltalk"
  [42, 43] source.smalltalk.gnu string.quoted.single.smalltalk punctuation.definition.string.end.smalltalk : "'"
  [43, 44] source.smalltalk.gnu punctuation.terminator.statement.smalltalk : "."
LINE: 
  [0, 1] source.smalltalk.gnu : ""
LINE: " String literal with actual newline characters (parser treats as one token) "
  [0, 1] source.smalltalk.gnu comment.block.double-quoted.smalltalk punctuation.definition.comment.begin.smalltalk : """
  [1, 77] source.smalltalk.gnu comment.block.double-quoted.smalltalk : " String literal with actual newline characters (parser treats as one token) "
  [77, 78] source.smalltalk.gnu comment.block.double-quoted.smalltalk punctuation.definition.comment.end.smalltalk : """
LINE: 'multi-
  [0, 1] source.smalltalk.gnu string.quoted.single.smalltalk punctuation.definition.string.begin.smalltalk : "'"
  [1, 8] source.smalltalk.gnu string.quoted.single.smalltalk : "multi-"
LINE: line
  [0, 5] source.smalltalk.gnu string.quoted.single.smalltalk : "line"
LINE: string'.
  [0, 6] source.smalltalk.gnu string.quoted.single.smalltalk : "string"
  [6, 7] source.smalltalk.gnu string.quoted.single.smalltalk punctuation.definition.string.end.smalltalk : "'"
  [7, 8] source.smalltalk.gnu punctuation.terminator.statement.smalltalk : "."
LINE: 
  [0, 1] source.smalltalk.gnu : ""
LINE: " --- Character Literals (CHAR_LITERAL) --- "
  [0, 1] source.smalltalk.gnu comment.block.double-quoted.smalltalk punctuation.definition.comment.begin.smalltalk : """
  [1, 44] source.smalltalk.gnu comment.block.double-quoted.smalltalk : " --- Character Literals (CHAR_LITERAL) --- "
  [44, 45] source.smalltalk.gnu comment.block.double-quoted.smalltalk punctuation.definition.comment.end.smalltalk : """
LINE: $a.
  [0, 1] source.smalltalk.gnu constant.character.simple.smalltalk punctuation.definition.character.smalltalk : "$"
  [1, 2] source.smalltalk.gnu constant.character.simple.smalltalk : "a"
  [2, 3] source.smalltalk.gnu punctuation.terminator.statement.smalltalk : "."
LINE: $Z.
  [0, 1] source.smalltalk.gnu constant.character.simple.smalltalk punctuation.definition.character.smalltalk : "$"
  [1, 2] source.smalltalk.gnu constant.character.simple.smalltalk : "Z"
  [2, 3] source.smalltalk.gnu punctuation.terminator.statement.smalltalk : "."
LINE: $0.
  [0, 1] source.smalltalk.gnu constant.character.simple.smalltalk punctuation.definition.character.smalltalk : "$"
  [1, 2] source.smalltalk.gnu constant.character.simple.smalltalk : "0"
  [2, 3] source.smalltalk.gnu punctuation.terminator.statement.smalltalk : "."
LINE: $$.          " Dollar sign character "
  [0, 1] source.smalltalk.gnu constant.character.simple.smalltalk punctuation.definition.character.smalltalk : "$"
  [1, 2] source.smalltalk.gnu constant.character.simple.smalltalk : "$"
  [2, 3] source.smalltalk.gnu punctuation.terminator.statement.smalltalk : "."
  [3, 13] source.smalltalk.gnu keyword.operator.binary.smalltalk : "          "
  [13, 14] source.smalltalk.gnu comment.block.double-quoted.smalltalk punctuation.definition.comment.begin.smalltalk : """
  [14, 37] source.smalltalk.gnu comment.block.double-quoted.smalltalk : " Dollar sign character "
  [37, 38] source.smalltalk.gnu comment.block.double-quoted.smalltalk punctuation.definition.comment.end.smalltalk : """
LINE: $_underscore. " Underscore character "
  [0, 1] source.smalltalk.gnu constant.character.simple.smalltalk punctuation.definition.character.smalltalk : "$"
  [1, 2] source.smalltalk.gnu constant.character.simple.smalltalk : "_"
  [2, 12] source.smalltalk.gnu : "underscore"
  [12, 13] source.smalltalk.gnu punctuation.terminator.statement.smalltalk : "."
  [13, 14] source.smalltalk.gnu keyword.operator.binary.smalltalk : " "
  [14, 15] source.smalltalk.gnu comment.block.double-quoted.smalltalk punctuation.definition.comment.begin.smalltalk : """
  [15, 37] source.smalltalk.gnu comment.block.double-quoted.smalltalk : " Underscore character "
  [37, 38] source.smalltalk.gnu comment.block.double-quoted.smalltalk punctuation.definition.comment.end.smalltalk : """
LINE: $<.          " Less than character "
  [0, 1] source.smalltalk.gnu constant.character.simple.smalltalk punctuation.definition.character.smalltalk : "$"
  [1, 2] source.smalltalk.gnu constant.character.simple.smalltalk : "<"
  [2, 3] source.smalltalk.gnu punctuation.terminator.statement.smalltalk : "."
  [3, 13] source.smalltalk.gnu keyword.operator.binary.smalltalk : "          "
  [13, 14] source.smalltalk.gnu comment.block.double-quoted.smalltalk punctuation.definition.comment.begin.smalltalk : """
  [14, 35] source.smalltalk.gnu comment.block.double-quoted.smalltalk : " Less than character "
  [35, 36] source.smalltalk.gnu comment.block.double-quoted.smalltalk punctuation.definition.comment.end.smalltalk : """
LINE: $>.          " Greater than character "
  [0, 1] source.smalltalk.gnu constant.character.simple.smalltalk punctuation.definition.character.smalltalk : "$"
  [1, 2] source.smalltalk.gnu constant.character.simple.smalltalk : ">"
  [2, 3] source.smalltalk.gnu punctuation.terminator.statement.smalltalk : "."
  [3, 13] source.smalltalk.gnu keyword.operator.binary.smalltalk : "          "
  [13, 14] source.smalltalk.gnu comment.block.double-quoted.smalltalk punctuation.definition.comment.begin.smalltalk : """
  [14, 38] source.smalltalk.gnu comment.block.double-quoted.smalltalk : " Greater than character "
  [38, 39] source.smalltalk.gnu comment.block.double-quoted.smalltalk punctuation.definition.comment.end.smalltalk : """
LINE: $-.          " Hyphen character "
  [0, 1] source.smalltalk.gnu constant.character.simple.smalltalk punctuation.definition.character.smalltalk : "$"
  [1, 2] source.smalltalk.gnu constant.character.simple.smalltalk : "-"
  [2, 3] source.smalltalk.gnu punctuation.terminator.statement.smalltalk : "."
  [3, 13] source.smalltalk.gnu keyword.operator.binary.smalltalk : "          "
  [13, 14] source.smalltalk.gnu comment.block.double-quoted.smalltalk punctuation.definition.comment.begin.smalltalk : """
  [14, 32] source.smalltalk.gnu comment.block.double-quoted.smalltalk : " Hyphen character "
  [32, 33] source.smalltalk.gnu comment.block.double-quoted.smalltalk punctuation.definition.comment.end.smalltalk : """
LINE: $+.          " Plus character "
  [0, 1] source.smalltalk.gnu constant.character.simple.smalltalk punctuation.definition.character.smalltalk : "$"
  [1, 2] source.smalltalk.gnu constant.character.simple.smalltalk : "+"
  [2, 3] source.smalltalk.gnu punctuation.terminator.statement.smalltalk : "."
  [3, 13] source.smalltalk.gnu keyword.operator.binary.smalltalk : "          "
  [13, 14] source.smalltalk.gnu comment.block.double-quoted.smalltalk punctuation.definition.comment.begin.smalltalk : """
  [14, 30] source.smalltalk.gnu comment.block.double-quoted.smalltalk : " Plus character "
  [30, 31] source.smalltalk.gnu comment.block.double-quoted.smalltalk punctuation.definition.comment.end.smalltalk : """
LINE: 
  [0, 1] source.smalltalk.gnu : ""
LINE: " Special character forms (e.g., Unicode code points) "
  [0, 1] source.smalltalk.gnu comment.block.double-quoted.smalltalk punctuation.definition.comment.begin.smalltalk : """
  [1, 54] source.smalltalk.gnu comment.block.double-quoted.smalltalk : " Special character forms (e.g., Unicode code points) "
  [54, 55] source.smalltalk.gnu comment.block.double-quoted.smalltalk punctuation.definition.comment.end.smalltalk : """
LINE: $<65>.       " Character for ASCII 65 (A) "
  [0, 2] source.smalltalk.gnu constant.character.numeric.gst.smalltalk punctuation.definition.character.numeric.begin.gst.smalltalk : "$<"
  [2, 4] source.smalltalk.gnu constant.character.numeric.gst.smalltalk constant.numeric.integer.smalltalk : "65"
  [4, 5] source.smalltalk.gnu constant.character.numeric.gst.smalltalk punctuation.definition.character.numeric.end.gst.smalltalk : ">"
  [5, 6] source.smalltalk.gnu punctuation.terminator.statement.smalltalk : "."
  [6, 13] source.smalltalk.gnu keyword.operator.binary.smalltalk : "       "
  [13, 14] source.smalltalk.gnu comment.block.double-quoted.smalltalk punctuation.definition.comment.begin.smalltalk : """
  [14, 42] source.smalltalk.gnu comment.block.double-quoted.smalltalk : " Character for ASCII 65 (A) "
  [42, 43] source.smalltalk.gnu comment.block.double-quoted.smalltalk punctuation.definition.comment.end.smalltalk : """
LINE: $<163>.      " Character for £ (pound sign) "
  [0, 2] source.smalltalk.gnu constant.character.numeric.gst.smalltalk punctuation.definition.character.numeric.begin.gst.smalltalk : "$<"
  [2, 5] source.smalltalk.gnu constant.character.numeric.gst.smalltalk constant.numeric.integer.smalltalk : "163"
  [5, 6] source.smalltalk.gnu constant.character.numeric.gst.smalltalk punctuation.definition.character.numeric.end.gst.smalltalk : ">"
  [6, 7] source.smalltalk.gnu punctuation.terminator.statement.smalltalk : "."
  [7, 13] source.smalltalk.gnu keyword.operator.binary.smalltalk : "      "
  [13, 14] source.smalltalk.gnu comment.block.double-quoted.smalltalk punctuation.definition.comment.begin.smalltalk : """
  [14, 44] source.smalltalk.gnu comment.block.double-quoted.smalltalk : " Character for £ (pound sign) "
  [44, 45] source.smalltalk.gnu comment.block.double-quoted.smalltalk punctuation.definition.comment.end.smalltalk : """
LINE: $<9731>.     " Character for ☃ (snowman) "
  [0, 2] source.smalltalk.gnu constant.character.numeric.gst.smalltalk punctuation.definition.character.numeric.begin.gst.smalltalk : "$<"
  [2, 6] source.smalltalk.gnu constant.character.numeric.gst.smalltalk constant.numeric.integer.smalltalk : "9731"
  [6, 7] source.smalltalk.gnu constant.character.numeric.gst.smalltalk punctuation.definition.character.numeric.end.gst.smalltalk : ">"
  [7, 8] source.smalltalk.gnu punctuation.terminator.statement.smalltalk : "."
  [8, 13] source.smalltalk.gnu keyword.operator.binary.smalltalk : "     "
  [13, 14] source.smalltalk.gnu comment.block.double-quoted.smalltalk punctuation.definition.comment.begin.smalltalk : """
  [14, 41] source.smalltalk.gnu comment.block.double-quoted.smalltalk : " Character for ☃ (snowman) "
  [41, 42] source.smalltalk.gnu comment.block.double-quoted.smalltalk punctuation.definition.comment.end.smalltalk : """
LINE: 
  [0, 1] source.smalltalk.gnu : ""
LINE: " Hexadecimal character code points "
  [0, 1] source.smalltalk.gnu comment.block.double-quoted.smalltalk punctuation.definition.comment.begin.smalltalk : """
  [1, 36] source.smalltalk.gnu comment.block.double-quoted.smalltalk : " Hexadecimal character code points "
  [36, 37] source.smalltalk.gnu comment.block.double-quoted.smalltalk punctuation.definition.comment.end.smalltalk : """
LINE: $<16r42>. " Character code point hex (B) "
  [0, 2] source.smalltalk.gnu constant.character.numeric.gst.smalltalk punctuation.definition.character.numeric.begin.gst.smalltalk : "$<"
  [2, 5] source.smalltalk.gnu constant.character.numeric.gst.smalltalk constant.numeric.radix.base.smalltalk : "16r"
  [5, 7] source.smalltalk.gnu constant.character.numeric.gst.smalltalk constant.numeric.integer.smalltalk : "42"
  [7, 8] source.smalltalk.gnu constant.character.numeric.gst.smalltalk punctuation.definition.character.numeric.end.gst.smalltalk : ">"
  [8, 9] source.smalltalk.gnu punctuation.terminator.statement.smalltalk : "."
  [9, 10] source.smalltalk.gnu keyword.operator.binary.smalltalk : " "
  [10, 11] source.smalltalk.gnu comment.block.double-quoted.smalltalk punctuation.definition.comment.begin.smalltalk : """
  [11, 41] source.smalltalk.gnu comment.block.double-quoted.smalltalk : " Character code point hex (B) "
  [41, 42] source.smalltalk.gnu comment.block.double-quoted.smalltalk punctuation.definition.comment.end.smalltalk : """
LINE: $<16rFF>. " Character code point hex (ÿ) "
  [0, 2] source.smalltalk.gnu constant.character.numeric.gst.smalltalk punctuation.definition.character.numeric.begin.gst.smalltalk : "$<"
  [2, 5] source.smalltalk.gnu constant.character.numeric.gst.smalltalk constant.numeric.radix.base.smalltalk : "16r"
  [5, 7] source.smalltalk.gnu constant.character.numeric.gst.smalltalk constant.numeric.integer.smalltalk : "FF"
  [7, 8] source.smalltalk.gnu constant.character.numeric.gst.smalltalk punctuation.definition.character.numeric.end.gst.smalltalk : ">"
  [8, 9] source.smalltalk.gnu punctuation.terminator.statement.smalltalk : "."
  [9, 10] source.smalltalk.gnu keyword.operator.binary.smalltalk : " "
  [10, 11] source.smalltalk.gnu comment.block.double-quoted.smalltalk punctuation.definition.comment.begin.smalltalk : """
  [11, 41] source.smalltalk.gnu comment.block.double-quoted.smalltalk : " Character code point hex (ÿ) "
  [41, 42] source.smalltalk.gnu comment.block.double-quoted.smalltalk punctuation.definition.comment.end.smalltalk : """
LINE: 
  [0, 1] source.smalltalk.gnu : ""
LINE: 
  [0, 1] source.smalltalk.gnu : ""
LINE: " --- Symbol Literals (SYMBOL_LITERAL) --- "
  [0, 1] source.smalltalk.gnu comment.block.double-quoted.smalltalk punctuation.definition.comment.begin.smalltalk : """
  [1, 43] source.smalltalk.gnu comment.block.double-quoted.smalltalk : " --- Symbol Literals (SYMBOL_LITERAL) --- "
  [43, 44] source.smalltalk.gnu comment.block.double-quoted.smalltalk punctuation.definition.comment.end.smalltalk : """
LINE: " Identifier-like symbols "
  [0, 1] source.smalltalk.gnu comment.block.double-quoted.smalltalk punctuation.definition.comment.begin.smalltalk : """
  [1, 26] source.smalltalk.gnu comment.block.double-quoted.smalltalk : " Identifier-like symbols "
  [26, 27] source.smalltalk.gnu comment.block.double-quoted.smalltalk punctuation.definition.comment.end.smalltalk : """
LINE: #aSymbol.
  [0, 1] source.smalltalk.gnu constant.other.symbol.identifier.smalltalk punctuation.definition.symbol.smalltalk : "#"
  [1, 8] source.smalltalk.gnu constant.other.symbol.identifier.smalltalk : "aSymbol"
  [8, 9] source.smalltalk.gnu punctuation.terminator.statement.smalltalk : "."
LINE: #anotherSymbol.
  [0, 1] source.smalltalk.gnu constant.other.symbol.identifier.smalltalk punctuation.definition.symbol.smalltalk : "#"
  [1, 14] source.smalltalk.gnu constant.other.symbol.identifier.smalltalk : "anotherSymbol"
  [14, 15] source.smalltalk.gnu punctuation.terminator.statement.smalltalk : "."
LINE: #symbolWith_Underscore.
  [0, 1] source.smalltalk.gnu constant.other.symbol.identifier.smalltalk punctuation.definition.symbol.smalltalk : "#"
  [1, 22] source.smalltalk.gnu constant.other.symbol.identifier.smalltalk : "symbolWith_Underscore"
  [22, 23] source.smalltalk.gnu punctuation.terminator.statement.smalltalk : "."
LINE: #symbolWith123Numbers.
  [0, 1] source.smalltalk.gnu constant.other.symbol.identifier.smalltalk punctuation.definition.symbol.smalltalk : "#"
  [1, 21] source.smalltalk.gnu constant.other.symbol.identifier.smalltalk : "symbolWith123Numbers"
  [21, 22] source.smalltalk.gnu punctuation.terminator.statement.smalltalk : "."
LINE: #yourself.
  [0, 1] source.smalltalk.gnu constant.other.symbol.identifier.smalltalk punctuation.definition.symbol.smalltalk : "#"
  [1, 9] source.smalltalk.gnu constant.other.symbol.identifier.smalltalk : "yourself"
  [9, 10] source.smalltalk.gnu punctuation.terminator.statement.smalltalk : "."
LINE: 
  [0, 1] source.smalltalk.gnu : ""
LINE: " Keyword-like symbols (ending with a colon) "
  [0, 1] source.smalltalk.gnu comment.block.double-quoted.smalltalk punctuation.definition.comment.begin.smalltalk : """
  [1, 45] source.smalltalk.gnu comment.block.double-quoted.smalltalk : " Keyword-like symbols (ending with a colon) "
  [45, 46] source.smalltalk.gnu comment.block.double-quoted.smalltalk punctuation.definition.comment.end.smalltalk : """
LINE: #aKeyword:.
  [0, 1] source.smalltalk.gnu constant.other.symbol.keyword.smalltalk punctuation.definition.symbol.smalltalk : "#"
  [1, 10] source.smalltalk.gnu constant.other.symbol.keyword.smalltalk entity.name.function.keyword.symbol.smalltalk : "aKeyword:"
  [10, 11] source.smalltalk.gnu punctuation.terminator.statement.smalltalk : "."
LINE: #ifTrue:.
  [0, 1] source.smalltalk.gnu constant.other.symbol.keyword.smalltalk punctuation.definition.symbol.smalltalk : "#"
  [1, 8] source.smalltalk.gnu constant.other.symbol.keyword.smalltalk entity.name.function.keyword.symbol.smalltalk : "ifTrue:"
  [8, 9] source.smalltalk.gnu punctuation.terminator.statement.smalltalk : "."
LINE: #value:value:.
  [0, 1] source.smalltalk.gnu constant.other.symbol.keyword.smalltalk punctuation.definition.symbol.smalltalk : "#"
  [1, 13] source.smalltalk.gnu constant.other.symbol.keyword.smalltalk entity.name.function.keyword.symbol.smalltalk : "value:value:"
  [13, 14] source.smalltalk.gnu punctuation.terminator.statement.smalltalk : "."
LINE: 
  [0, 1] source.smalltalk.gnu : ""
LINE: " Multi-keyword symbol "
  [0, 1] source.smalltalk.gnu comment.block.double-quoted.smalltalk punctuation.definition.comment.begin.smalltalk : """
  [1, 23] source.smalltalk.gnu comment.block.double-quoted.smalltalk : " Multi-keyword symbol "
  [23, 24] source.smalltalk.gnu comment.block.double-quoted.smalltalk punctuation.definition.comment.end.smalltalk : """
LINE: #keyword:anotherKeyword:.
  [0, 1] source.smalltalk.gnu constant.other.symbol.keyword.smalltalk punctuation.definition.symbol.smalltalk : "#"
  [1, 24] source.smalltalk.gnu constant.other.symbol.keyword.smalltalk entity.name.function.keyword.symbol.smalltalk : "keyword:anotherKeyword:"
  [24, 25] source.smalltalk.gnu punctuation.terminator.statement.smalltalk : "."
LINE: 
  [0, 1] source.smalltalk.gnu : ""
LINE: " Quoted string symbols (allows spaces and special characters) "
  [0, 1] source.smalltalk.gnu comment.block.double-quoted.smalltalk punctuation.definition.comment.begin.smalltalk : """
  [1, 63] source.smalltalk.gnu comment.block.double-quoted.smalltalk : " Quoted string symbols (allows spaces and special characters) "
  [63, 64] source.smalltalk.gnu comment.block.double-quoted.smalltalk punctuation.definition.comment.end.smalltalk : """
LINE: #'a string symbol'.
  [0, 1] source.smalltalk.gnu constant.other.symbol.quoted.smalltalk punctuation.definition.symbol.smalltalk : "#"
  [1, 2] source.smalltalk.gnu constant.other.symbol.quoted.smalltalk punctuation.definition.string.begin.symbol.smalltalk : "'"
  [2, 17] source.smalltalk.gnu constant.other.symbol.quoted.smalltalk string.quoted.single.symbol.smalltalk : "a string symbol"
  [17, 18] source.smalltalk.gnu constant.other.symbol.quoted.smalltalk punctuation.definition.string.end.symbol.smalltalk : "'"
  [18, 19] source.smalltalk.gnu punctuation.terminator.statement.smalltalk : "."
LINE: #'symbol with spaces and ''quotes'''.
  [0, 1] source.smalltalk.gnu constant.other.symbol.quoted.smalltalk punctuation.definition.symbol.smalltalk : "#"
  [1, 2] source.smalltalk.gnu constant.other.symbol.quoted.smalltalk punctuation.definition.string.begin.symbol.smalltalk : "'"
  [2, 25] source.smalltalk.gnu constant.other.symbol.quoted.smalltalk string.quoted.single.symbol.smalltalk : "symbol with spaces and "
  [25, 26] source.smalltalk.gnu constant.other.symbol.quoted.smalltalk punctuation.definition.string.end.symbol.smalltalk : "'"
  [26, 27] source.smalltalk.gnu string.quoted.single.smalltalk punctuation.definition.string.begin.smalltalk : "'"
  [27, 33] source.smalltalk.gnu string.quoted.single.smalltalk : "quotes"
  [33, 34] source.smalltalk.gnu string.quoted.single.smalltalk punctuation.definition.string.end.smalltalk : "'"
  [34, 35] source.smalltalk.gnu string.quoted.single.smalltalk punctuation.definition.string.begin.smalltalk : "'"
  [35, 36] source.smalltalk.gnu string.quoted.single.smalltalk punctuation.definition.string.end.smalltalk : "'"
  [36, 37] source.smalltalk.gnu punctuation.terminator.statement.smalltalk : "."
LINE: #'another-one!@#$%^&*()'.
  [0, 1] source.smalltalk.gnu constant.other.symbol.quoted.smalltalk punctuation.definition.symbol.smalltalk : "#"
  [1, 2] source.smalltalk.gnu constant.other.symbol.quoted.smalltalk punctuation.definition.string.begin.symbol.smalltalk : "'"
  [2, 23] source.smalltalk.gnu constant.other.symbol.quoted.smalltalk string.quoted.single.symbol.smalltalk : "another-one!@#$%^&*()"
  [23, 24] source.smalltalk.gnu constant.other.symbol.quoted.smalltalk punctuation.definition.string.end.symbol.smalltalk : "'"
  [24, 25] source.smalltalk.gnu punctuation.terminator.statement.smalltalk : "."
LINE: #''.          " Empty string symbol "
  [0, 1] source.smalltalk.gnu constant.other.symbol.quoted.smalltalk punctuation.definition.symbol.smalltalk : "#"
  [1, 2] source.smalltalk.gnu constant.other.symbol.quoted.smalltalk punctuation.definition.string.begin.symbol.smalltalk : "'"
  [2, 3] source.smalltalk.gnu constant.other.symbol.quoted.smalltalk punctuation.definition.string.end.symbol.smalltalk : "'"
  [3, 4] source.smalltalk.gnu punctuation.terminator.statement.smalltalk : "."
  [4, 14] source.smalltalk.gnu keyword.operator.binary.smalltalk : "          "
  [14, 15] source.smalltalk.gnu comment.block.double-quoted.smalltalk punctuation.definition.comment.begin.smalltalk : """
  [15, 36] source.smalltalk.gnu comment.block.double-quoted.smalltalk : " Empty string symbol "
  [36, 37] source.smalltalk.gnu comment.block.double-quoted.smalltalk punctuation.definition.comment.end.smalltalk : """
LINE: 
  [0, 1] source.smalltalk.gnu : ""
LINE: " Binary operator symbols "
  [0, 1] source.smalltalk.gnu comment.block.double-quoted.smalltalk punctuation.definition.comment.begin.smalltalk : """
  [1, 26] source.smalltalk.gnu comment.block.double-quoted.smalltalk : " Binary operator symbols "
  [26, 27] source.smalltalk.gnu comment.block.double-quoted.smalltalk punctuation.definition.comment.end.smalltalk : """
LINE: #+.
  [0, 1] source.smalltalk.gnu constant.other.symbol.operator.smalltalk punctuation.definition.symbol.smalltalk : "#"
  [1, 2] source.smalltalk.gnu constant.other.symbol.operator.smalltalk : "+"
  [2, 3] source.smalltalk.gnu punctuation.terminator.statement.smalltalk : "."
LINE: #-.
  [0, 1] source.smalltalk.gnu constant.other.symbol.operator.smalltalk punctuation.definition.symbol.smalltalk : "#"
  [1, 2] source.smalltalk.gnu constant.other.symbol.operator.smalltalk : "-"
  [2, 3] source.smalltalk.gnu punctuation.terminator.statement.smalltalk : "."
LINE: #*.
  [0, 1] source.smalltalk.gnu constant.other.symbol.operator.smalltalk punctuation.definition.symbol.smalltalk : "#"
  [1, 2] source.smalltalk.gnu constant.other.symbol.operator.smalltalk : "*"
  [2, 3] source.smalltalk.gnu punctuation.terminator.statement.smalltalk : "."
LINE: #/.
  [0, 1] source.smalltalk.gnu constant.other.symbol.operator.smalltalk punctuation.definition.symbol.smalltalk : "#"
  [1, 2] source.smalltalk.gnu constant.other.symbol.operator.smalltalk : "/"
  [2, 3] source.smalltalk.gnu punctuation.terminator.statement.smalltalk : "."
LINE: #\\.
  [0, 1] source.smalltalk.gnu constant.other.symbol.operator.smalltalk punctuation.definition.symbol.smalltalk : "#"
  [1, 3] source.smalltalk.gnu constant.other.symbol.operator.smalltalk : "\\"
  [3, 4] source.smalltalk.gnu punctuation.terminator.statement.smalltalk : "."
LINE: #~=.
  [0, 1] source.smalltalk.gnu constant.other.symbol.operator.smalltalk punctuation.definition.symbol.smalltalk : "#"
  [1, 3] source.smalltalk.gnu constant.other.symbol.operator.smalltalk : "~="
  [3, 4] source.smalltalk.gnu punctuation.terminator.statement.smalltalk : "."
LINE: #==.
  [0, 1] source.smalltalk.gnu constant.other.symbol.operator.smalltalk punctuation.definition.symbol.smalltalk : "#"
  [1, 3] source.smalltalk.gnu constant.other.symbol.operator.smalltalk : "=="
  [3, 4] source.smalltalk.gnu punctuation.terminator.statement.smalltalk : "."
LINE: #<.
  [0, 1] source.smalltalk.gnu constant.other.symbol.operator.smalltalk punctuation.definition.symbol.smalltalk : "#"
  [1, 2] source.smalltalk.gnu constant.other.symbol.operator.smalltalk : "<"
  [2, 3] source.smalltalk.gnu punctuation.terminator.statement.smalltalk : "."
LINE: #<=.
  [0, 1] source.smalltalk.gnu constant.other.symbol.operator.smalltalk punctuation.definition.symbol.smalltalk : "#"
  [1, 3] source.smalltalk.gnu constant.other.symbol.operator.smalltalk : "<="
  [3, 4] source.smalltalk.gnu punctuation.terminator.statement.smalltalk : "."
LINE: #>.
  [0, 1] source.smalltalk.gnu constant.other.symbol.operator.smalltalk punctuation.definition.symbol.smalltalk : "#"
  [1, 2] source.smalltalk.gnu constant.other.symbol.operator.smalltalk : ">"
  [2, 3] source.smalltalk.gnu punctuation.terminator.statement.smalltalk : "."
LINE: #>=.
  [0, 1] source.smalltalk.gnu constant.other.symbol.operator.smalltalk punctuation.definition.symbol.smalltalk : "#"
  [1, 3] source.smalltalk.gnu constant.other.symbol.operator.smalltalk : ">="
  [3, 4] source.smalltalk.gnu punctuation.terminator.statement.smalltalk : "."
LINE: #@.
  [0, 1] source.smalltalk.gnu constant.other.symbol.operator.smalltalk punctuation.definition.symbol.smalltalk : "#"
  [1, 2] source.smalltalk.gnu constant.other.symbol.operator.smalltalk : "@"
  [2, 3] source.smalltalk.gnu punctuation.terminator.statement.smalltalk : "."
LINE: #,.
  [0, 1] source.smalltalk.gnu constant.other.symbol.operator.smalltalk punctuation.definition.symbol.smalltalk : "#"
  [1, 2] source.smalltalk.gnu constant.other.symbol.operator.smalltalk : ","
  [2, 3] source.smalltalk.gnu punctuation.terminator.statement.smalltalk : "."
LINE: #&.
  [0, 1] source.smalltalk.gnu constant.other.symbol.operator.smalltalk punctuation.definition.symbol.smalltalk : "#"
  [1, 2] source.smalltalk.gnu constant.other.symbol.operator.smalltalk : "&"
  [2, 3] source.smalltalk.gnu punctuation.terminator.statement.smalltalk : "."
LINE: #|.
  [0, 1] source.smalltalk.gnu constant.other.symbol.operator.smalltalk punctuation.definition.symbol.smalltalk : "#"
  [1, 2] source.smalltalk.gnu constant.other.symbol.operator.smalltalk : "|"
  [2, 3] source.smalltalk.gnu punctuation.terminator.statement.smalltalk : "."
LINE: #--. " multi-char binary op symbol "
  [0, 1] source.smalltalk.gnu constant.other.symbol.operator.smalltalk punctuation.definition.symbol.smalltalk : "#"
  [1, 3] source.smalltalk.gnu constant.other.symbol.operator.smalltalk : "--"
  [3, 4] source.smalltalk.gnu punctuation.terminator.statement.smalltalk : "."
  [4, 5] source.smalltalk.gnu keyword.operator.binary.smalltalk : " "
  [5, 6] source.smalltalk.gnu comment.block.double-quoted.smalltalk punctuation.definition.comment.begin.smalltalk : """
  [6, 35] source.smalltalk.gnu comment.block.double-quoted.smalltalk : " multi-char binary op symbol "
  [35, 36] source.smalltalk.gnu comment.block.double-quoted.smalltalk punctuation.definition.comment.end.smalltalk : """
LINE: 
  [0, 1] source.smalltalk.gnu : ""
LINE: " Symbols that might look like numbers but are symbols "
  [0, 1] source.smalltalk.gnu comment.block.double-quoted.smalltalk punctuation.definition.comment.begin.smalltalk : """
  [1, 55] source.smalltalk.gnu comment.block.double-quoted.smalltalk : " Symbols that might look like numbers but are symbols "
  [55, 56] source.smalltalk.gnu comment.block.double-quoted.smalltalk punctuation.definition.comment.end.smalltalk : """
LINE: #123.
  [0, 1] source.smalltalk.gnu constant.other.symbol.numeric.smalltalk punctuation.definition.symbol.smalltalk : "#"
  [1, 4] source.smalltalk.gnu constant.other.symbol.numeric.smalltalk : "123"
  [4, 5] source.smalltalk.gnu punctuation.terminator.statement.smalltalk : "."
LINE: #1.0.
  [0, 1] source.smalltalk.gnu constant.other.symbol.numeric.smalltalk punctuation.definition.symbol.smalltalk : "#"
  [1, 4] source.smalltalk.gnu constant.other.symbol.numeric.smalltalk : "1.0"
  [4, 5] source.smalltalk.gnu punctuation.terminator.statement.smalltalk : "."
LINE: #1s.
  [0, 1] source.smalltalk.gnu constant.other.symbol.numeric.smalltalk punctuation.definition.symbol.smalltalk : "#"
  [1, 3] source.smalltalk.gnu constant.other.symbol.numeric.smalltalk : "1s"
  [3, 4] source.smalltalk.gnu punctuation.terminator.statement.smalltalk : "."
LINE: 
  [0, 1] source.smalltalk.gnu : ""
LINE: " --- Array Literals (from parser tests) --- "
  [0, 1] source.smalltalk.gnu comment.block.double-quoted.smalltalk punctuation.definition.comment.begin.smalltalk : """
  [1, 45] source.smalltalk.gnu comment.block.double-quoted.smalltalk : " --- Array Literals (from parser tests) --- "
  [45, 46] source.smalltalk.gnu comment.block.double-quoted.smalltalk punctuation.definition.comment.end.smalltalk : """
LINE: " Note: Array literals are also covered in 03_literals_arrays_bytearrays.st,
  [0, 1] source.smalltalk.gnu comment.block.double-quoted.smalltalk punctuation.definition.comment.begin.smalltalk : """
  [1, 77] source.smalltalk.gnu comment.block.double-quoted.smalltalk : " Note: Array literals are also covered in 03_literals_arrays_bytearrays.st,"
LINE:   but these examples come from a parser test file associated with general literals. "
  [0, 84] source.smalltalk.gnu comment.block.double-quoted.smalltalk : "  but these examples come from a parser test file associated with general literals. "
  [84, 85] source.smalltalk.gnu comment.block.double-quoted.smalltalk punctuation.definition.comment.end.smalltalk : """
LINE: #(1 2 3).
  [0, 2] source.smalltalk.gnu meta.array.literal.smalltalk punctuation.definition.array.begin.smalltalk : "#("
  [2, 3] source.smalltalk.gnu meta.array.literal.smalltalk constant.numeric.integer.smalltalk : "1"
  [3, 4] source.smalltalk.gnu meta.array.literal.smalltalk : " "
  [4, 5] source.smalltalk.gnu meta.array.literal.smalltalk constant.numeric.integer.smalltalk : "2"
  [5, 6] source.smalltalk.gnu meta.array.literal.smalltalk : " "
  [6, 7] source.smalltalk.gnu meta.array.literal.smalltalk constant.numeric.integer.smalltalk : "3"
  [7, 8] source.smalltalk.gnu meta.array.literal.smalltalk punctuation.definition.array.end.smalltalk : ")"
  [8, 9] source.smalltalk.gnu punctuation.terminator.statement.smalltalk : "."
LINE: #('string' $c #symbol 1.23).
  [0, 2] source.smalltalk.gnu meta.array.literal.smalltalk punctuation.definition.array.begin.smalltalk : "#("
  [2, 3] source.smalltalk.gnu meta.array.literal.smalltalk string.quoted.single.smalltalk punctuation.definition.string.begin.smalltalk : "'"
  [3, 9] source.smalltalk.gnu meta.array.literal.smalltalk string.quoted.single.smalltalk : "string"
  [9, 10] source.smalltalk.gnu meta.array.literal.smalltalk string.quoted.single.smalltalk punctuation.definition.string.end.smalltalk : "'"
  [10, 11] source.smalltalk.gnu meta.array.literal.smalltalk : " "
  [11, 12] source.smalltalk.gnu meta.array.literal.smalltalk constant.character.simple.smalltalk punctuation.definition.character.smalltalk : "$"
  [12, 13] source.smalltalk.gnu meta.array.literal.smalltalk constant.character.simple.smalltalk : "c"
  [13, 14] source.smalltalk.gnu meta.array.literal.smalltalk : " "
  [14, 15] source.smalltalk.gnu meta.array.literal.smalltalk constant.other.symbol.identifier.smalltalk punctuation.definition.symbol.smalltalk : "#"
  [15, 21] source.smalltalk.gnu meta.array.literal.smalltalk constant.other.symbol.identifier.smalltalk : "symbol"
  [21, 22] source.smalltalk.gnu meta.array.literal.smalltalk : " "
  [22, 26] source.smalltalk.gnu meta.array.literal.smalltalk constant.numeric.float.smalltalk : "1.23"
  [26, 27] source.smalltalk.gnu meta.array.literal.smalltalk punctuation.definition.array.end.smalltalk : ")"
  [27, 28] source.smalltalk.gnu punctuation.terminator.statement.smalltalk : "."
LINE: #( ). "Empty array"
  [0, 2] source.smalltalk.gnu meta.array.literal.smalltalk punctuation.definition.array.begin.smalltalk : "#("
  [2, 3] source.smalltalk.gnu meta.array.literal.smalltalk : " "
  [3, 4] source.smalltalk.gnu meta.array.literal.smalltalk punctuation.definition.array.end.smalltalk : ")"
  [4, 5] source.smalltalk.gnu punctuation.terminator.statement.smalltalk : "."
  [5, 6] source.smalltalk.gnu keyword.operator.binary.smalltalk : " "
  [6, 7] source.smalltalk.gnu comment.block.double-quoted.smalltalk punctuation.definition.comment.begin.smalltalk : """
  [7, 18] source.smalltalk.gnu comment.block.double-quoted.smalltalk : "Empty array"
  [18, 19] source.smalltalk.gnu comment.block.double-quoted.smalltalk punctuation.definition.comment.end.smalltalk : """
LINE: #(1 #(2 3) 4). "Nested array"
  [0, 2] source.smalltalk.gnu meta.array.literal.smalltalk punctuation.definition.array.begin.smalltalk : "#("
  [2, 3] source.smalltalk.gnu meta.array.literal.smalltalk constant.numeric.integer.smalltalk : "1"
  [3, 4] source.smalltalk.gnu meta.array.literal.smalltalk : " "
  [4, 6] source.smalltalk.gnu meta.array.literal.smalltalk meta.array.literal.smalltalk punctuation.definition.array.begin.smalltalk : "#("
  [6, 7] source.smalltalk.gnu meta.array.literal.smalltalk meta.array.literal.smalltalk constant.numeric.integer.smalltalk : "2"
  [7, 8] source.smalltalk.gnu meta.array.literal.smalltalk meta.array.literal.smalltalk : " "
  [8, 9] source.smalltalk.gnu meta.array.literal.smalltalk meta.array.literal.smalltalk constant.numeric.integer.smalltalk : "3"
  [9, 10] source.smalltalk.gnu meta.array.literal.smalltalk meta.array.literal.smalltalk punctuation.definition.array.end.smalltalk : ")"
  [10, 11] source.smalltalk.gnu meta.array.literal.smalltalk : " "
  [11, 12] source.smalltalk.gnu meta.array.literal.smalltalk constant.numeric.integer.smalltalk : "4"
  [12, 13] source.smalltalk.gnu meta.array.literal.smalltalk punctuation.definition.array.end.smalltalk : ")"
  [13, 14] source.smalltalk.gnu punctuation.terminator.statement.smalltalk : "."
  [14, 15] source.smalltalk.gnu keyword.operator.binary.smalltalk : " "
  [15, 16] source.smalltalk.gnu comment.block.double-quoted.smalltalk punctuation.definition.comment.begin.smalltalk : """
  [16, 28] source.smalltalk.gnu comment.block.double-quoted.smalltalk : "Nested array"
  [28, 29] source.smalltalk.gnu comment.block.double-quoted.smalltalk punctuation.definition.comment.end.smalltalk : """
LINE: #(1 'two' #(nestedArray 10) #symbol). "Array with complex/mixed literals"
  [0, 2] source.smalltalk.gnu meta.array.literal.smalltalk punctuation.definition.array.begin.smalltalk : "#("
  [2, 3] source.smalltalk.gnu meta.array.literal.smalltalk constant.numeric.integer.smalltalk : "1"
  [3, 4] source.smalltalk.gnu meta.array.literal.smalltalk : " "
  [4, 5] source.smalltalk.gnu meta.array.literal.smalltalk string.quoted.single.smalltalk punctuation.definition.string.begin.smalltalk : "'"
  [5, 8] source.smalltalk.gnu meta.array.literal.smalltalk string.quoted.single.smalltalk : "two"
  [8, 9] source.smalltalk.gnu meta.array.literal.smalltalk string.quoted.single.smalltalk punctuation.definition.string.end.smalltalk : "'"
  [9, 10] source.smalltalk.gnu meta.array.literal.smalltalk : " "
  [10, 12] source.smalltalk.gnu meta.array.literal.smalltalk meta.array.literal.smalltalk punctuation.definition.array.begin.smalltalk : "#("
  [12, 24] source.smalltalk.gnu meta.array.literal.smalltalk meta.array.literal.smalltalk : "nestedArray "
  [24, 26] source.smalltalk.gnu meta.array.literal.smalltalk meta.array.literal.smalltalk constant.numeric.integer.smalltalk : "10"
  [26, 27] source.smalltalk.gnu meta.array.literal.smalltalk meta.array.literal.smalltalk punctuation.definition.array.end.smalltalk : ")"
  [27, 28] source.smalltalk.gnu meta.array.literal.smalltalk : " "
  [28, 29] source.smalltalk.gnu meta.array.literal.smalltalk constant.other.symbol.identifier.smalltalk punctuation.definition.symbol.smalltalk : "#"
  [29, 35] source.smalltalk.gnu meta.array.literal.smalltalk constant.other.symbol.identifier.smalltalk : "symbol"
  [35, 36] source.smalltalk.gnu meta.array.literal.smalltalk punctuation.definition.array.end.smalltalk : ")"
  [36, 37] source.smalltalk.gnu punctuation.terminator.statement.smalltalk : "."
  [37, 38] source.smalltalk.gnu keyword.operator.binary.smalltalk : " "
  [38, 39] source.smalltalk.gnu comment.block.double-quoted.smalltalk punctuation.definition.comment.begin.smalltalk : """
  [39, 72] source.smalltalk.gnu comment.block.double-quoted.smalltalk : "Array with complex/mixed literals"
  [72, 73] source.smalltalk.gnu comment.block.double-quoted.smalltalk punctuation.definition.comment.end.smalltalk : """
LINE: 
  [0, 1] source.smalltalk.gnu : ""
LINE: 
  [0, 1] source.smalltalk.gnu : ""
LINE: " --- Byte Array Literals (from parser tests) --- "
  [0, 1] source.smalltalk.gnu comment.block.double-quoted.smalltalk punctuation.definition.comment.begin.smalltalk : """
  [1, 50] source.smalltalk.gnu comment.block.double-quoted.smalltalk : " --- Byte Array Literals (from parser tests) --- "
  [50, 51] source.smalltalk.gnu comment.block.double-quoted.smalltalk punctuation.definition.comment.end.smalltalk : """
LINE: " Note: Byte Array literals are also covered in 03_literals_arrays_bytearrays.st. "
  [0, 1] source.smalltalk.gnu comment.block.double-quoted.smalltalk punctuation.definition.comment.begin.smalltalk : """
  [1, 82] source.smalltalk.gnu comment.block.double-quoted.smalltalk : " Note: Byte Array literals are also covered in 03_literals_arrays_bytearrays.st. "
  [82, 83] source.smalltalk.gnu comment.block.double-quoted.smalltalk punctuation.definition.comment.end.smalltalk : """
LINE: #[1 255 0].
  [0, 2] source.smalltalk.gnu meta.bytearray.literal.smalltalk punctuation.definition.bytearray.begin.smalltalk : "#["
  [2, 3] source.smalltalk.gnu meta.bytearray.literal.smalltalk constant.numeric.integer.byte.smalltalk : "1"
  [3, 4] source.smalltalk.gnu meta.bytearray.literal.smalltalk : " "
  [4, 7] source.smalltalk.gnu meta.bytearray.literal.smalltalk constant.numeric.integer.byte.smalltalk : "255"
  [7, 8] source.smalltalk.gnu meta.bytearray.literal.smalltalk : " "
  [8, 9] source.smalltalk.gnu meta.bytearray.literal.smalltalk constant.numeric.integer.byte.smalltalk : "0"
  [9, 10] source.smalltalk.gnu meta.bytearray.literal.smalltalk punctuation.definition.bytearray.end.smalltalk : "]"
  [10, 11] source.smalltalk.gnu punctuation.terminator.statement.smalltalk : "."
LINE: #[]. "Empty byte array"
  [0, 2] source.smalltalk.gnu meta.bytearray.literal.smalltalk punctuation.definition.bytearray.begin.smalltalk : "#["
  [2, 3] source.smalltalk.gnu meta.bytearray.literal.smalltalk punctuation.definition.bytearray.end.smalltalk : "]"
  [3, 4] source.smalltalk.gnu punctuation.terminator.statement.smalltalk : "."
  [4, 5] source.smalltalk.gnu keyword.operator.binary.smalltalk : " "
  [5, 6] source.smalltalk.gnu comment.block.double-quoted.smalltalk punctuation.definition.comment.begin.smalltalk : """
  [6, 22] source.smalltalk.gnu comment.block.double-quoted.smalltalk : "Empty byte array"
  [22, 23] source.smalltalk.gnu comment.block.double-quoted.smalltalk punctuation.definition.comment.end.smalltalk : """
LINE: 
  [0, 1] source.smalltalk.gnu : ""
LINE: 
  [0, 1] source.smalltalk.gnu : ""
LINE: " --- Scaled Decimal Literals (GNU Smalltalk specific) --- "
  [0, 1] source.smalltalk.gnu comment.block.double-quoted.smalltalk punctuation.definition.comment.begin.smalltalk : """
  [1, 59] source.smalltalk.gnu comment.block.double-quoted.smalltalk : " --- Scaled Decimal Literals (GNU Smalltalk specific) --- "
  [59, 60] source.smalltalk.gnu comment.block.double-quoted.smalltalk punctuation.definition.comment.end.smalltalk : """
LINE: 1.2s2.  " 1.2 * 10^2 = 120 "
  [0, 3] source.smalltalk.gnu constant.numeric.scaled-decimal.gst.smalltalk : "1.2"
  [3, 4] source.smalltalk.gnu constant.numeric.scaled-decimal.gst.smalltalk constant.numeric.scaled-decimal.scale-indicator.gst.smalltalk : "s"
  [4, 5] source.smalltalk.gnu constant.numeric.scaled-decimal.gst.smalltalk constant.numeric.integer.scale-value.gst.smalltalk : "2"
  [5, 6] source.smalltalk.gnu punctuation.terminator.statement.smalltalk : "."
  [6, 8] source.smalltalk.gnu keyword.operator.binary.smalltalk : "  "
  [8, 9] source.smalltalk.gnu comment.block.double-quoted.smalltalk punctuation.definition.comment.begin.smalltalk : """
  [9, 27] source.smalltalk.gnu comment.block.double-quoted.smalltalk : " 1.2 * 10^2 = 120 "
  [27, 28] source.smalltalk.gnu comment.block.double-quoted.smalltalk punctuation.definition.comment.end.smalltalk : """
LINE: 123.456s. " equivalent to 123.456s0 "
  [0, 7] source.smalltalk.gnu constant.numeric.scaled-decimal.gst.smalltalk : "123.456"
  [7, 8] source.smalltalk.gnu constant.numeric.scaled-decimal.gst.smalltalk constant.numeric.scaled-decimal.scale-indicator.gst.smalltalk : "s"
  [8, 9] source.smalltalk.gnu punctuation.terminator.statement.smalltalk : "."
  [9, 10] source.smalltalk.gnu keyword.operator.binary.smalltalk : " "
  [10, 11] source.smalltalk.gnu comment.block.double-quoted.smalltalk punctuation.definition.comment.begin.smalltalk : """
  [11, 36] source.smalltalk.gnu comment.block.double-quoted.smalltalk : " equivalent to 123.456s0 "
  [36, 37] source.smalltalk.gnu comment.block.double-quoted.smalltalk punctuation.definition.comment.end.smalltalk : """
LINE: -3.14s1.
  [0, 1] source.smalltalk.gnu keyword.operator.binary.smalltalk : "-"
  [1, 5] source.smalltalk.gnu constant.numeric.scaled-decimal.gst.smalltalk : "3.14"
  [5, 6] source.smalltalk.gnu constant.numeric.scaled-decimal.gst.smalltalk constant.numeric.scaled-decimal.scale-indicator.gst.smalltalk : "s"
  [6, 7] source.smalltalk.gnu constant.numeric.scaled-decimal.gst.smalltalk constant.numeric.integer.scale-value.gst.smalltalk : "1"
  [7, 8] source.smalltalk.gnu punctuation.terminator.statement.smalltalk : "."
LINE: 
  [0, 1] source.smalltalk.gnu : ""
LINE: 
  [0, 1] source.smalltalk.gnu : ""
LINE: " End of String, Character, and Symbol Literals Test "
  [0, 1] source.smalltalk.gnu comment.block.double-quoted.smalltalk punctuation.definition.comment.begin.smalltalk : """
  [1, 53] source.smalltalk.gnu comment.block.double-quoted.smalltalk : " End of String, Character, and Symbol Literals Test "
  [53, 54] source.smalltalk.gnu comment.block.double-quoted.smalltalk punctuation.definition.comment.end.smalltalk : """
LINE: !
  [0, 1] source.smalltalk.gnu keyword.operator.binary.smalltalk : "!"
LINE: 
  [0, 1] source.smalltalk.gnu : ""