LINE: "
  [0, 1] source.smalltalk.gnu comment.block.double-quoted.smalltalk punctuation.definition.comment.begin.smalltalk : """
LINE:     File: 04_comments.st
  [0, 25] source.smalltalk.gnu comment.block.double-quoted.smalltalk : "    File: 04_comments.st"
LINE:     Purpose: Test cases for comment variations.
  [0, 48] source.smalltalk.gnu comment.block.double-quoted.smalltalk : "    Purpose: Test cases for comment variations."
LINE: "
  [0, 1] source.smalltalk.gnu comment.block.double-quoted.smalltalk punctuation.definition.comment.end.smalltalk : """
LINE: 
  [0, 1] source.smalltalk.gnu : ""
LINE: " A simple comment on its own line. "
  [0, 1] source.smalltalk.gnu comment.block.double-quoted.smalltalk punctuation.definition.comment.begin.smalltalk : """
  [1, 36] source.smalltalk.gnu comment.block.double-quoted.smalltalk : " A simple comment on its own line. "
  [36, 37] source.smalltalk.gnu comment.block.double-quoted.smalltalk punctuation.definition.comment.end.smalltalk : """
LINE: 
  [0, 1] source.smalltalk.gnu : ""
LINE: 1 + 1. " A comment at the end of a line of code. "
  [0, 1] source.smalltalk.gnu constant.numeric.integer.smalltalk : "1"
  [1, 4] source.smalltalk.gnu keyword.operator.binary.smalltalk : " + "
  [4, 5] source.smalltalk.gnu constant.numeric.integer.smalltalk : "1"
  [5, 6] source.smalltalk.gnu punctuation.terminator.statement.smalltalk : "."
  [6, 7] source.smalltalk.gnu keyword.operator.binary.smalltalk : " "
  [7, 8] source.smalltalk.gnu comment.block.double-quoted.smalltalk punctuation.definition.comment.begin.smalltalk : """
  [8, 49] source.smalltalk.gnu comment.block.double-quoted.smalltalk : " A comment at the end of a line of code. "
  [49, 50] source.smalltalk.gnu comment.block.double-quoted.smalltalk punctuation.definition.comment.end.smalltalk : """
LINE: 
  [0, 1] source.smalltalk.gnu : ""
LINE: " Another comment. " " And another one on the same line (less common). "
  [0, 1] source.smalltalk.gnu comment.block.double-quoted.smalltalk punctuation.definition.comment.begin.smalltalk : """
  [1, 19] source.smalltalk.gnu comment.block.double-quoted.smalltalk : " Another comment. "
  [19, 20] source.smalltalk.gnu comment.block.double-quoted.smalltalk punctuation.definition.comment.end.smalltalk : """
  [20, 21] source.smalltalk.gnu keyword.operator.binary.smalltalk : " "
  [21, 22] source.smalltalk.gnu comment.block.double-quoted.smalltalk punctuation.definition.comment.begin.smalltalk : """
  [22, 71] source.smalltalk.gnu comment.block.double-quoted.smalltalk : " And another one on the same line (less common). "
  [71, 72] source.smalltalk.gnu comment.block.double-quoted.smalltalk punctuation.definition.comment.end.smalltalk : """
LINE: 
  [0, 1] source.smalltalk.gnu : ""
LINE: "
  [0, 1] source.smalltalk.gnu comment.block.double-quoted.smalltalk punctuation.definition.comment.begin.smalltalk : """
LINE: A comment that
  [0, 15] source.smalltalk.gnu comment.block.double-quoted.smalltalk : "A comment that"
LINE: spans multiple
  [0, 15] source.smalltalk.gnu comment.block.double-quoted.smalltalk : "spans multiple"
LINE: lines.
  [0, 7] source.smalltalk.gnu comment.block.double-quoted.smalltalk : "lines."
LINE: "
  [0, 1] source.smalltalk.gnu comment.block.double-quoted.smalltalk punctuation.definition.comment.end.smalltalk : """
LINE: 
  [0, 1] source.smalltalk.gnu : ""
LINE: " An empty comment: " "".
  [0, 1] source.smalltalk.gnu comment.block.double-quoted.smalltalk punctuation.definition.comment.begin.smalltalk : """
  [1, 20] source.smalltalk.gnu comment.block.double-quoted.smalltalk : " An empty comment: "
  [20, 21] source.smalltalk.gnu comment.block.double-quoted.smalltalk punctuation.definition.comment.end.smalltalk : """
  [21, 22] source.smalltalk.gnu keyword.operator.binary.smalltalk : " "
  [22, 23] source.smalltalk.gnu comment.block.double-quoted.smalltalk punctuation.definition.comment.begin.smalltalk : """
  [23, 24] source.smalltalk.gnu comment.block.double-quoted.smalltalk punctuation.definition.comment.end.smalltalk : """
  [24, 25] source.smalltalk.gnu punctuation.terminator.statement.smalltalk : "."
LINE: 
  [0, 1] source.smalltalk.gnu : ""
LINE: " Comment before any code "
  [0, 1] source.smalltalk.gnu comment.block.double-quoted.smalltalk punctuation.definition.comment.begin.smalltalk : """
  [1, 26] source.smalltalk.gnu comment.block.double-quoted.smalltalk : " Comment before any code "
  [26, 27] source.smalltalk.gnu comment.block.double-quoted.smalltalk punctuation.definition.comment.end.smalltalk : """
LINE: Object new.
  [0, 6] source.smalltalk.gnu entity.name.type.class.smalltalk : "Object"
  [6, 7] source.smalltalk.gnu keyword.operator.binary.smalltalk : " "
  [7, 10] source.smalltalk.gnu variable.other.smalltalk : "new"
  [10, 11] source.smalltalk.gnu punctuation.terminator.statement.smalltalk : "."
LINE: 
  [0, 1] source.smalltalk.gnu : ""
LINE: " Comment in the middle of statements "
  [0, 1] source.smalltalk.gnu comment.block.double-quoted.smalltalk punctuation.definition.comment.begin.smalltalk : """
  [1, 38] source.smalltalk.gnu comment.block.double-quoted.smalltalk : " Comment in the middle of statements "
  [38, 39] source.smalltalk.gnu comment.block.double-quoted.smalltalk punctuation.definition.comment.end.smalltalk : """
LINE: Transcript show: 'Before comment'.
  [0, 10] source.smalltalk.gnu entity.name.type.class.smalltalk : "Transcript"
  [10, 11] source.smalltalk.gnu keyword.operator.binary.smalltalk : " "
  [11, 16] source.smalltalk.gnu entity.name.function.keyword.smalltalk : "show:"
  [16, 17] source.smalltalk.gnu keyword.operator.binary.smalltalk : " "
  [17, 18] source.smalltalk.gnu string.quoted.single.smalltalk punctuation.definition.string.begin.smalltalk : "'"
  [18, 32] source.smalltalk.gnu string.quoted.single.smalltalk : "Before comment"
  [32, 33] source.smalltalk.gnu string.quoted.single.smalltalk punctuation.definition.string.end.smalltalk : "'"
  [33, 34] source.smalltalk.gnu punctuation.terminator.statement.smalltalk : "."
LINE: " This is a comment between statements. "
  [0, 1] source.smalltalk.gnu comment.block.double-quoted.smalltalk punctuation.definition.comment.begin.smalltalk : """
  [1, 40] source.smalltalk.gnu comment.block.double-quoted.smalltalk : " This is a comment between statements. "
  [40, 41] source.smalltalk.gnu comment.block.double-quoted.smalltalk punctuation.definition.comment.end.smalltalk : """
LINE: Transcript show: 'After comment'.
  [0, 10] source.smalltalk.gnu entity.name.type.class.smalltalk : "Transcript"
  [10, 11] source.smalltalk.gnu keyword.operator.binary.smalltalk : " "
  [11, 16] source.smalltalk.gnu entity.name.function.keyword.smalltalk : "show:"
  [16, 17] source.smalltalk.gnu keyword.operator.binary.smalltalk : " "
  [17, 18] source.smalltalk.gnu string.quoted.single.smalltalk punctuation.definition.string.begin.smalltalk : "'"
  [18, 31] source.smalltalk.gnu string.quoted.single.smalltalk : "After comment"
  [31, 32] source.smalltalk.gnu string.quoted.single.smalltalk punctuation.definition.string.end.smalltalk : "'"
  [32, 33] source.smalltalk.gnu punctuation.terminator.statement.smalltalk : "."
LINE: 
  [0, 1] source.smalltalk.gnu : ""
LINE: " Comment containing special characters: !@#$%^&*()_+{}|:<>?~`-=[]\;',./ "
  [0, 1] source.smalltalk.gnu comment.block.double-quoted.smalltalk punctuation.definition.comment.begin.smalltalk : """
  [1, 73] source.smalltalk.gnu comment.block.double-quoted.smalltalk : " Comment containing special characters: !@#$%^&*()_+{}|:<>?~`-=[]\;',./ "
  [73, 74] source.smalltalk.gnu comment.block.double-quoted.smalltalk punctuation.definition.comment.end.smalltalk : """
LINE: " Comment with 'single quotes' and ""double quotes"" inside (escaped by context). "
  [0, 1] source.smalltalk.gnu comment.block.double-quoted.smalltalk punctuation.definition.comment.begin.smalltalk : """
  [1, 35] source.smalltalk.gnu comment.block.double-quoted.smalltalk : " Comment with 'single quotes' and "
  [35, 36] source.smalltalk.gnu comment.block.double-quoted.smalltalk punctuation.definition.comment.end.smalltalk : """
  [36, 37] source.smalltalk.gnu comment.block.double-quoted.smalltalk punctuation.definition.comment.begin.smalltalk : """
  [37, 50] source.smalltalk.gnu comment.block.double-quoted.smalltalk : "double quotes"
  [50, 51] source.smalltalk.gnu comment.block.double-quoted.smalltalk punctuation.definition.comment.end.smalltalk : """
  [51, 52] source.smalltalk.gnu comment.block.double-quoted.smalltalk punctuation.definition.comment.begin.smalltalk : """
  [52, 82] source.smalltalk.gnu comment.block.double-quoted.smalltalk : " inside (escaped by context). "
  [82, 83] source.smalltalk.gnu comment.block.double-quoted.smalltalk punctuation.definition.comment.end.smalltalk : """
LINE: 
  [0, 1] source.smalltalk.gnu : ""
LINE: " Comment at the very end of the file "
  [0, 1] source.smalltalk.gnu comment.block.double-quoted.smalltalk punctuation.definition.comment.begin.smalltalk : """
  [1, 38] source.smalltalk.gnu comment.block.double-quoted.smalltalk : " Comment at the very end of the file "
  [38, 39] source.smalltalk.gnu comment.block.double-quoted.smalltalk punctuation.definition.comment.end.smalltalk : """
LINE: 
  [0, 1] source.smalltalk.gnu : ""