LINE: "
  [0, 1] source.smalltalk.gnu comment.block.double-quoted.smalltalk punctuation.definition.comment.begin.smalltalk : """
LINE:     File: 05_core_identifiers_pseudo_vars.st
  [0, 45] source.smalltalk.gnu comment.block.double-quoted.smalltalk : "    File: 05_core_identifiers_pseudo_vars.st"
LINE:     Purpose: Test cases for identifiers and pseudo-variables.
  [0, 62] source.smalltalk.gnu comment.block.double-quoted.smalltalk : "    Purpose: Test cases for identifiers and pseudo-variables."
LINE: "
  [0, 1] source.smalltalk.gnu comment.block.double-quoted.smalltalk punctuation.definition.comment.end.smalltalk : """
LINE: 
  [0, 1] source.smalltalk.gnu : ""
LINE: " --- Identifiers --- "
  [0, 1] source.smalltalk.gnu comment.block.double-quoted.smalltalk punctuation.definition.comment.begin.smalltalk : """
  [1, 22] source.smalltalk.gnu comment.block.double-quoted.smalltalk : " --- Identifiers --- "
  [22, 23] source.smalltalk.gnu comment.block.double-quoted.smalltalk punctuation.definition.comment.end.smalltalk : """
LINE: " Used as variable names "
  [0, 1] source.smalltalk.gnu comment.block.double-quoted.smalltalk punctuation.definition.comment.begin.smalltalk : """
  [1, 25] source.smalltalk.gnu comment.block.double-quoted.smalltalk : " Used as variable names "
  [25, 26] source.smalltalk.gnu comment.block.double-quoted.smalltalk punctuation.definition.comment.end.smalltalk : """
LINE: | anIdentifier anotherIdentifier variable123 with_underscore |
  [0, 2] source.smalltalk.gnu keyword.operator.binary.smalltalk : "| "
  [2, 14] source.smalltalk.gnu variable.other.smalltalk : "anIdentifier"
  [14, 15] source.smalltalk.gnu keyword.operator.binary.smalltalk : " "
  [15, 32] source.smalltalk.gnu variable.other.smalltalk : "anotherIdentifier"
  [32, 33] source.smalltalk.gnu keyword.operator.binary.smalltalk : " "
  [33, 44] source.smalltalk.gnu variable.other.smalltalk : "variable123"
  [44, 45] source.smalltalk.gnu keyword.operator.binary.smalltalk : " "
  [45, 60] source.smalltalk.gnu variable.other.smalltalk : "with_underscore"
  [60, 62] source.smalltalk.gnu keyword.operator.binary.smalltalk : " |"
LINE: anIdentifier := 1.
  [0, 12] source.smalltalk.gnu variable.other.smalltalk : "anIdentifier"
  [12, 13] source.smalltalk.gnu keyword.operator.binary.smalltalk : " "
  [13, 15] source.smalltalk.gnu keyword.operator.assignment.smalltalk : ":="
  [15, 16] source.smalltalk.gnu keyword.operator.binary.smalltalk : " "
  [16, 17] source.smalltalk.gnu constant.numeric.integer.smalltalk : "1"
  [17, 18] source.smalltalk.gnu punctuation.terminator.statement.smalltalk : "."
LINE: anotherIdentifier := 'hello'.
  [0, 17] source.smalltalk.gnu variable.other.smalltalk : "anotherIdentifier"
  [17, 18] source.smalltalk.gnu keyword.operator.binary.smalltalk : " "
  [18, 20] source.smalltalk.gnu keyword.operator.assignment.smalltalk : ":="
  [20, 21] source.smalltalk.gnu keyword.operator.binary.smalltalk : " "
  [21, 22] source.smalltalk.gnu string.quoted.single.smalltalk punctuation.definition.string.begin.smalltalk : "'"
  [22, 27] source.smalltalk.gnu string.quoted.single.smalltalk : "hello"
  [27, 28] source.smalltalk.gnu string.quoted.single.smalltalk punctuation.definition.string.end.smalltalk : "'"
  [28, 29] source.smalltalk.gnu punctuation.terminator.statement.smalltalk : "."
LINE: variable123 := anIdentifier + 2.
  [0, 11] source.smalltalk.gnu variable.other.smalltalk : "variable123"
  [11, 12] source.smalltalk.gnu keyword.operator.binary.smalltalk : " "
  [12, 14] source.smalltalk.gnu keyword.operator.assignment.smalltalk : ":="
  [14, 15] source.smalltalk.gnu keyword.operator.binary.smalltalk : " "
  [15, 27] source.smalltalk.gnu variable.other.smalltalk : "anIdentifier"
  [27, 30] source.smalltalk.gnu keyword.operator.binary.smalltalk : " + "
  [30, 31] source.smalltalk.gnu constant.numeric.integer.smalltalk : "2"
  [31, 32] source.smalltalk.gnu punctuation.terminator.statement.smalltalk : "."
LINE: with_underscore := Object new.
  [0, 15] source.smalltalk.gnu variable.other.smalltalk : "with_underscore"
  [15, 16] source.smalltalk.gnu keyword.operator.binary.smalltalk : " "
  [16, 18] source.smalltalk.gnu keyword.operator.assignment.smalltalk : ":="
  [18, 19] source.smalltalk.gnu keyword.operator.binary.smalltalk : " "
  [19, 25] source.smalltalk.gnu entity.name.type.class.smalltalk : "Object"
  [25, 26] source.smalltalk.gnu keyword.operator.binary.smalltalk : " "
  [26, 29] source.smalltalk.gnu variable.other.smalltalk : "new"
  [29, 30] source.smalltalk.gnu punctuation.terminator.statement.smalltalk : "."
LINE: 
  [0, 1] source.smalltalk.gnu : ""
LINE: " Used as class names (conventionally starting with uppercase) "
  [0, 1] source.smalltalk.gnu comment.block.double-quoted.smalltalk punctuation.definition.comment.begin.smalltalk : """
  [1, 63] source.smalltalk.gnu comment.block.double-quoted.smalltalk : " Used as class names (conventionally starting with uppercase) "
  [63, 64] source.smalltalk.gnu comment.block.double-quoted.smalltalk punctuation.definition.comment.end.smalltalk : """
LINE: Array.
  [0, 5] source.smalltalk.gnu entity.name.type.class.smalltalk : "Array"
  [5, 6] source.smalltalk.gnu punctuation.terminator.statement.smalltalk : "."
LINE: String.
  [0, 6] source.smalltalk.gnu entity.name.type.class.smalltalk : "String"
  [6, 7] source.smalltalk.gnu punctuation.terminator.statement.smalltalk : "."
LINE: Object.
  [0, 6] source.smalltalk.gnu entity.name.type.class.smalltalk : "Object"
  [6, 7] source.smalltalk.gnu punctuation.terminator.statement.smalltalk : "."
LINE: UndefinedObject.
  [0, 15] source.smalltalk.gnu entity.name.type.class.smalltalk : "UndefinedObject"
  [15, 16] source.smalltalk.gnu punctuation.terminator.statement.smalltalk : "."
LINE: MyCustomClass. " Assuming MyCustomClass is defined "
  [0, 13] source.smalltalk.gnu entity.name.type.class.smalltalk : "MyCustomClass"
  [13, 14] source.smalltalk.gnu punctuation.terminator.statement.smalltalk : "."
  [14, 15] source.smalltalk.gnu keyword.operator.binary.smalltalk : " "
  [15, 16] source.smalltalk.gnu comment.block.double-quoted.smalltalk punctuation.definition.comment.begin.smalltalk : """
  [16, 51] source.smalltalk.gnu comment.block.double-quoted.smalltalk : " Assuming MyCustomClass is defined "
  [51, 52] source.smalltalk.gnu comment.block.double-quoted.smalltalk punctuation.definition.comment.end.smalltalk : """
LINE: 
  [0, 1] source.smalltalk.gnu : ""
LINE: " Used as unary selectors "
  [0, 1] source.smalltalk.gnu comment.block.double-quoted.smalltalk punctuation.definition.comment.begin.smalltalk : """
  [1, 26] source.smalltalk.gnu comment.block.double-quoted.smalltalk : " Used as unary selectors "
  [26, 27] source.smalltalk.gnu comment.block.double-quoted.smalltalk punctuation.definition.comment.end.smalltalk : """
LINE: 1 class.
  [0, 1] source.smalltalk.gnu constant.numeric.integer.smalltalk : "1"
  [1, 2] source.smalltalk.gnu keyword.operator.binary.smalltalk : " "
  [2, 7] source.smalltalk.gnu variable.other.smalltalk : "class"
  [7, 8] source.smalltalk.gnu punctuation.terminator.statement.smalltalk : "."
LINE: 'hello' size.
  [0, 1] source.smalltalk.gnu string.quoted.single.smalltalk punctuation.definition.string.begin.smalltalk : "'"
  [1, 6] source.smalltalk.gnu string.quoted.single.smalltalk : "hello"
  [6, 7] source.smalltalk.gnu string.quoted.single.smalltalk punctuation.definition.string.end.smalltalk : "'"
  [7, 8] source.smalltalk.gnu keyword.operator.binary.smalltalk : " "
  [8, 12] source.smalltalk.gnu variable.other.smalltalk : "size"
  [12, 13] source.smalltalk.gnu punctuation.terminator.statement.smalltalk : "."
LINE: Object new yourself.
  [0, 6] source.smalltalk.gnu entity.name.type.class.smalltalk : "Object"
  [6, 7] source.smalltalk.gnu keyword.operator.binary.smalltalk : " "
  [7, 10] source.smalltalk.gnu variable.other.smalltalk : "new"
  [10, 11] source.smalltalk.gnu keyword.operator.binary.smalltalk : " "
  [11, 19] source.smalltalk.gnu variable.other.smalltalk : "yourself"
  [19, 20] source.smalltalk.gnu punctuation.terminator.statement.smalltalk : "."
LINE: 
  [0, 1] source.smalltalk.gnu : ""
LINE: 
  [0, 1] source.smalltalk.gnu : ""
LINE: " --- Pseudo-variables --- "
  [0, 1] source.smalltalk.gnu comment.block.double-quoted.smalltalk punctuation.definition.comment.begin.smalltalk : """
  [1, 27] source.smalltalk.gnu comment.block.double-quoted.smalltalk : " --- Pseudo-variables --- "
  [27, 28] source.smalltalk.gnu comment.block.double-quoted.smalltalk punctuation.definition.comment.end.smalltalk : """
LINE: " true "
  [0, 1] source.smalltalk.gnu comment.block.double-quoted.smalltalk punctuation.definition.comment.begin.smalltalk : """
  [1, 7] source.smalltalk.gnu comment.block.double-quoted.smalltalk : " true "
  [7, 8] source.smalltalk.gnu comment.block.double-quoted.smalltalk punctuation.definition.comment.end.smalltalk : """
LINE: true ifTrue: [ 'Is true' printNl ].
  [0, 4] source.smalltalk.gnu constant.language.boolean.smalltalk : "true"
  [4, 5] source.smalltalk.gnu keyword.operator.binary.smalltalk : " "
  [5, 12] source.smalltalk.gnu entity.name.function.keyword.smalltalk : "ifTrue:"
  [12, 13] source.smalltalk.gnu keyword.operator.binary.smalltalk : " "
  [13, 14] source.smalltalk.gnu meta.block.literal.smalltalk punctuation.definition.block.begin.smalltalk : "["
  [14, 15] source.smalltalk.gnu meta.block.literal.smalltalk keyword.operator.binary.smalltalk : " "
  [15, 16] source.smalltalk.gnu meta.block.literal.smalltalk string.quoted.single.smalltalk punctuation.definition.string.begin.smalltalk : "'"
  [16, 23] source.smalltalk.gnu meta.block.literal.smalltalk string.quoted.single.smalltalk : "Is true"
  [23, 24] source.smalltalk.gnu meta.block.literal.smalltalk string.quoted.single.smalltalk punctuation.definition.string.end.smalltalk : "'"
  [24, 25] source.smalltalk.gnu meta.block.literal.smalltalk keyword.operator.binary.smalltalk : " "
  [25, 32] source.smalltalk.gnu meta.block.literal.smalltalk variable.other.smalltalk : "printNl"
  [32, 33] source.smalltalk.gnu meta.block.literal.smalltalk keyword.operator.binary.smalltalk : " "
  [33, 34] source.smalltalk.gnu meta.block.literal.smalltalk punctuation.definition.block.end.smalltalk : "]"
  [34, 35] source.smalltalk.gnu punctuation.terminator.statement.smalltalk : "."
LINE: 
  [0, 1] source.smalltalk.gnu : ""
LINE: " false "
  [0, 1] source.smalltalk.gnu comment.block.double-quoted.smalltalk punctuation.definition.comment.begin.smalltalk : """
  [1, 8] source.smalltalk.gnu comment.block.double-quoted.smalltalk : " false "
  [8, 9] source.smalltalk.gnu comment.block.double-quoted.smalltalk punctuation.definition.comment.end.smalltalk : """
LINE: false ifFalse: [ 'Is false' printNl ].
  [0, 5] source.smalltalk.gnu constant.language.boolean.smalltalk : "false"
  [5, 6] source.smalltalk.gnu keyword.operator.binary.smalltalk : " "
  [6, 14] source.smalltalk.gnu entity.name.function.keyword.smalltalk : "ifFalse:"
  [14, 15] source.smalltalk.gnu keyword.operator.binary.smalltalk : " "
  [15, 16] source.smalltalk.gnu meta.block.literal.smalltalk punctuation.definition.block.begin.smalltalk : "["
  [16, 17] source.smalltalk.gnu meta.block.literal.smalltalk keyword.operator.binary.smalltalk : " "
  [17, 18] source.smalltalk.gnu meta.block.literal.smalltalk string.quoted.single.smalltalk punctuation.definition.string.begin.smalltalk : "'"
  [18, 26] source.smalltalk.gnu meta.block.literal.smalltalk string.quoted.single.smalltalk : "Is false"
  [26, 27] source.smalltalk.gnu meta.block.literal.smalltalk string.quoted.single.smalltalk punctuation.definition.string.end.smalltalk : "'"
  [27, 28] source.smalltalk.gnu meta.block.literal.smalltalk keyword.operator.binary.smalltalk : " "
  [28, 35] source.smalltalk.gnu meta.block.literal.smalltalk variable.other.smalltalk : "printNl"
  [35, 36] source.smalltalk.gnu meta.block.literal.smalltalk keyword.operator.binary.smalltalk : " "
  [36, 37] source.smalltalk.gnu meta.block.literal.smalltalk punctuation.definition.block.end.smalltalk : "]"
  [37, 38] source.smalltalk.gnu punctuation.terminator.statement.smalltalk : "."
LINE: 
  [0, 1] source.smalltalk.gnu : ""
LINE: " nil "
  [0, 1] source.smalltalk.gnu comment.block.double-quoted.smalltalk punctuation.definition.comment.begin.smalltalk : """
  [1, 6] source.smalltalk.gnu comment.block.double-quoted.smalltalk : " nil "
  [6, 7] source.smalltalk.gnu comment.block.double-quoted.smalltalk punctuation.definition.comment.end.smalltalk : """
LINE: nil isNil ifTrue: [ 'Is nil' printNl ].
  [0, 3] source.smalltalk.gnu constant.language.nil.smalltalk : "nil"
  [3, 4] source.smalltalk.gnu keyword.operator.binary.smalltalk : " "
  [4, 9] source.smalltalk.gnu variable.other.smalltalk : "isNil"
  [9, 10] source.smalltalk.gnu keyword.operator.binary.smalltalk : " "
  [10, 17] source.smalltalk.gnu entity.name.function.keyword.smalltalk : "ifTrue:"
  [17, 18] source.smalltalk.gnu keyword.operator.binary.smalltalk : " "
  [18, 19] source.smalltalk.gnu meta.block.literal.smalltalk punctuation.definition.block.begin.smalltalk : "["
  [19, 20] source.smalltalk.gnu meta.block.literal.smalltalk keyword.operator.binary.smalltalk : " "
  [20, 21] source.smalltalk.gnu meta.block.literal.smalltalk string.quoted.single.smalltalk punctuation.definition.string.begin.smalltalk : "'"
  [21, 27] source.smalltalk.gnu meta.block.literal.smalltalk string.quoted.single.smalltalk : "Is nil"
  [27, 28] source.smalltalk.gnu meta.block.literal.smalltalk string.quoted.single.smalltalk punctuation.definition.string.end.smalltalk : "'"
  [28, 29] source.smalltalk.gnu meta.block.literal.smalltalk keyword.operator.binary.smalltalk : " "
  [29, 36] source.smalltalk.gnu meta.block.literal.smalltalk variable.other.smalltalk : "printNl"
  [36, 37] source.smalltalk.gnu meta.block.literal.smalltalk keyword.operator.binary.smalltalk : " "
  [37, 38] source.smalltalk.gnu meta.block.literal.smalltalk punctuation.definition.block.end.smalltalk : "]"
  [38, 39] source.smalltalk.gnu punctuation.terminator.statement.smalltalk : "."
LINE: (anIdentifier isNil) ifFalse: [ anIdentifier := nil ].
  [0, 1] source.smalltalk.gnu meta.expression.parenthesized.smalltalk punctuation.section.group.begin.smalltalk : "("
  [1, 13] source.smalltalk.gnu meta.expression.parenthesized.smalltalk variable.other.smalltalk : "anIdentifier"
  [13, 14] source.smalltalk.gnu meta.expression.parenthesized.smalltalk keyword.operator.binary.smalltalk : " "
  [14, 19] source.smalltalk.gnu meta.expression.parenthesized.smalltalk variable.other.smalltalk : "isNil"
  [19, 20] source.smalltalk.gnu meta.expression.parenthesized.smalltalk punctuation.section.group.end.smalltalk : ")"
  [20, 21] source.smalltalk.gnu keyword.operator.binary.smalltalk : " "
  [21, 29] source.smalltalk.gnu entity.name.function.keyword.smalltalk : "ifFalse:"
  [29, 30] source.smalltalk.gnu keyword.operator.binary.smalltalk : " "
  [30, 31] source.smalltalk.gnu meta.block.literal.smalltalk punctuation.definition.block.begin.smalltalk : "["
  [31, 32] source.smalltalk.gnu meta.block.literal.smalltalk keyword.operator.binary.smalltalk : " "
  [32, 44] source.smalltalk.gnu meta.block.literal.smalltalk variable.other.smalltalk : "anIdentifier"
  [44, 45] source.smalltalk.gnu meta.block.literal.smalltalk keyword.operator.binary.smalltalk : " "
  [45, 47] source.smalltalk.gnu meta.block.literal.smalltalk keyword.operator.assignment.smalltalk : ":="
  [47, 48] source.smalltalk.gnu meta.block.literal.smalltalk keyword.operator.binary.smalltalk : " "
  [48, 51] source.smalltalk.gnu meta.block.literal.smalltalk constant.language.nil.smalltalk : "nil"
  [51, 52] source.smalltalk.gnu meta.block.literal.smalltalk keyword.operator.binary.smalltalk : " "
  [52, 53] source.smalltalk.gnu meta.block.literal.smalltalk punctuation.definition.block.end.smalltalk : "]"
  [53, 54] source.smalltalk.gnu punctuation.terminator.statement.smalltalk : "."
LINE: 
  [0, 1] source.smalltalk.gnu : ""
LINE: " self "
  [0, 1] source.smalltalk.gnu comment.block.double-quoted.smalltalk punctuation.definition.comment.begin.smalltalk : """
  [1, 7] source.smalltalk.gnu comment.block.double-quoted.smalltalk : " self "
  [7, 8] source.smalltalk.gnu comment.block.double-quoted.smalltalk punctuation.definition.comment.end.smalltalk : """
LINE: Object subclass: #MyExampleClassForSelf
  [0, 6] source.smalltalk.gnu entity.name.type.class.smalltalk : "Object"
  [6, 7] source.smalltalk.gnu keyword.operator.binary.smalltalk : " "
  [7, 16] source.smalltalk.gnu entity.name.function.keyword.smalltalk : "subclass:"
  [16, 17] source.smalltalk.gnu keyword.operator.binary.smalltalk : " "
  [17, 18] source.smalltalk.gnu constant.other.symbol.identifier.smalltalk punctuation.definition.symbol.smalltalk : "#"
  [18, 39] source.smalltalk.gnu constant.other.symbol.identifier.smalltalk : "MyExampleClassForSelf"
LINE:     instanceVariableNames: ''
  [0, 4] source.smalltalk.gnu keyword.operator.binary.smalltalk : "    "
  [4, 26] source.smalltalk.gnu entity.name.function.keyword.smalltalk : "instanceVariableNames:"
  [26, 27] source.smalltalk.gnu keyword.operator.binary.smalltalk : " "
  [27, 28] source.smalltalk.gnu string.quoted.single.smalltalk punctuation.definition.string.begin.smalltalk : "'"
  [28, 29] source.smalltalk.gnu string.quoted.single.smalltalk punctuation.definition.string.end.smalltalk : "'"
LINE:     classVariableNames: ''
  [0, 4] source.smalltalk.gnu keyword.operator.binary.smalltalk : "    "
  [4, 23] source.smalltalk.gnu entity.name.function.keyword.smalltalk : "classVariableNames:"
  [23, 24] source.smalltalk.gnu keyword.operator.binary.smalltalk : " "
  [24, 25] source.smalltalk.gnu string.quoted.single.smalltalk punctuation.definition.string.begin.smalltalk : "'"
  [25, 26] source.smalltalk.gnu string.quoted.single.smalltalk punctuation.definition.string.end.smalltalk : "'"
LINE:     poolDictionaries: ''
  [0, 4] source.smalltalk.gnu keyword.operator.binary.smalltalk : "    "
  [4, 21] source.smalltalk.gnu entity.name.function.keyword.smalltalk : "poolDictionaries:"
  [21, 22] source.smalltalk.gnu keyword.operator.binary.smalltalk : " "
  [22, 23] source.smalltalk.gnu string.quoted.single.smalltalk punctuation.definition.string.begin.smalltalk : "'"
  [23, 24] source.smalltalk.gnu string.quoted.single.smalltalk punctuation.definition.string.end.smalltalk : "'"
LINE:     category: 'Test'.
  [0, 4] source.smalltalk.gnu keyword.operator.binary.smalltalk : "    "
  [4, 13] source.smalltalk.gnu entity.name.function.keyword.smalltalk : "category:"
  [13, 14] source.smalltalk.gnu keyword.operator.binary.smalltalk : " "
  [14, 15] source.smalltalk.gnu string.quoted.single.smalltalk punctuation.definition.string.begin.smalltalk : "'"
  [15, 19] source.smalltalk.gnu string.quoted.single.smalltalk : "Test"
  [19, 20] source.smalltalk.gnu string.quoted.single.smalltalk punctuation.definition.string.end.smalltalk : "'"
  [20, 21] source.smalltalk.gnu punctuation.terminator.statement.smalltalk : "."
LINE: 
  [0, 1] source.smalltalk.gnu : ""
LINE: MyExampleClassForSelf methodsFor: 'testing'
  [0, 21] source.smalltalk.gnu entity.name.type.class.smalltalk : "MyExampleClassForSelf"
  [21, 22] source.smalltalk.gnu keyword.operator.binary.smalltalk : " "
  [22, 33] source.smalltalk.gnu entity.name.function.keyword.smalltalk : "methodsFor:"
  [33, 34] source.smalltalk.gnu keyword.operator.binary.smalltalk : " "
  [34, 35] source.smalltalk.gnu string.quoted.single.smalltalk punctuation.definition.string.begin.smalltalk : "'"
  [35, 42] source.smalltalk.gnu string.quoted.single.smalltalk : "testing"
  [42, 43] source.smalltalk.gnu string.quoted.single.smalltalk punctuation.definition.string.end.smalltalk : "'"
LINE: stamp: 'tester'.
  [0, 6] source.smalltalk.gnu entity.name.function.keyword.smalltalk : "stamp:"
  [6, 7] source.smalltalk.gnu keyword.operator.binary.smalltalk : " "
  [7, 8] source.smalltalk.gnu string.quoted.single.smalltalk punctuation.definition.string.begin.smalltalk : "'"
  [8, 14] source.smalltalk.gnu string.quoted.single.smalltalk : "tester"
  [14, 15] source.smalltalk.gnu string.quoted.single.smalltalk punctuation.definition.string.end.smalltalk : "'"
  [15, 16] source.smalltalk.gnu punctuation.terminator.statement.smalltalk : "."
LINE: !
  [0, 1] source.smalltalk.gnu keyword.operator.binary.smalltalk : "!"
LINE: getValue
  [0, 8] source.smalltalk.gnu variable.other.smalltalk : "getValue"
LINE:     ^self. " self refers to the instance of MyExampleClassForSelf "
  [0, 4] source.smalltalk.gnu keyword.operator.binary.smalltalk : "    "
  [4, 5] source.smalltalk.gnu keyword.control.return.smalltalk : "^"
  [5, 9] source.smalltalk.gnu variable.language.self.smalltalk : "self"
  [9, 10] source.smalltalk.gnu punctuation.terminator.statement.smalltalk : "."
  [10, 11] source.smalltalk.gnu keyword.operator.binary.smalltalk : " "
  [11, 12] source.smalltalk.gnu comment.block.double-quoted.smalltalk punctuation.definition.comment.begin.smalltalk : """
  [12, 66] source.smalltalk.gnu comment.block.double-quoted.smalltalk : " self refers to the instance of MyExampleClassForSelf "
  [66, 67] source.smalltalk.gnu comment.block.double-quoted.smalltalk punctuation.definition.comment.end.smalltalk : """
LINE: !
  [0, 1] source.smalltalk.gnu keyword.operator.binary.smalltalk : "!"
LINE: printSelf
  [0, 9] source.smalltalk.gnu variable.other.smalltalk : "printSelf"
LINE:     Transcript show: self printString; cr.
  [0, 4] source.smalltalk.gnu keyword.operator.binary.smalltalk : "    "
  [4, 14] source.smalltalk.gnu entity.name.type.class.smalltalk : "Transcript"
  [14, 15] source.smalltalk.gnu keyword.operator.binary.smalltalk : " "
  [15, 20] source.smalltalk.gnu entity.name.function.keyword.smalltalk : "show:"
  [20, 21] source.smalltalk.gnu keyword.operator.binary.smalltalk : " "
  [21, 25] source.smalltalk.gnu variable.language.self.smalltalk : "self"
  [25, 26] source.smalltalk.gnu keyword.operator.binary.smalltalk : " "
  [26, 37] source.smalltalk.gnu variable.other.smalltalk : "printString"
  [37, 38] source.smalltalk.gnu punctuation.separator.cascade.smalltalk : ";"
  [38, 39] source.smalltalk.gnu keyword.operator.binary.smalltalk : " "
  [39, 41] source.smalltalk.gnu variable.other.smalltalk : "cr"
  [41, 42] source.smalltalk.gnu punctuation.terminator.statement.smalltalk : "."
LINE: !
  [0, 1] source.smalltalk.gnu keyword.operator.binary.smalltalk : "!"
LINE: 
  [0, 1] source.smalltalk.gnu : ""
LINE: " super "
  [0, 1] source.smalltalk.gnu comment.block.double-quoted.smalltalk punctuation.definition.comment.begin.smalltalk : """
  [1, 8] source.smalltalk.gnu comment.block.double-quoted.smalltalk : " super "
  [8, 9] source.smalltalk.gnu comment.block.double-quoted.smalltalk punctuation.definition.comment.end.smalltalk : """
LINE: MyExampleClassForSelf subclass: #MySubclassForSuper
  [0, 21] source.smalltalk.gnu entity.name.type.class.smalltalk : "MyExampleClassForSelf"
  [21, 22] source.smalltalk.gnu keyword.operator.binary.smalltalk : " "
  [22, 31] source.smalltalk.gnu entity.name.function.keyword.smalltalk : "subclass:"
  [31, 32] source.smalltalk.gnu keyword.operator.binary.smalltalk : " "
  [32, 33] source.smalltalk.gnu constant.other.symbol.identifier.smalltalk punctuation.definition.symbol.smalltalk : "#"
  [33, 51] source.smalltalk.gnu constant.other.symbol.identifier.smalltalk : "MySubclassForSuper"
LINE:     instanceVariableNames: ''
  [0, 4] source.smalltalk.gnu keyword.operator.binary.smalltalk : "    "
  [4, 26] source.smalltalk.gnu entity.name.function.keyword.smalltalk : "instanceVariableNames:"
  [26, 27] source.smalltalk.gnu keyword.operator.binary.smalltalk : " "
  [27, 28] source.smalltalk.gnu string.quoted.single.smalltalk punctuation.definition.string.begin.smalltalk : "'"
  [28, 29] source.smalltalk.gnu string.quoted.single.smalltalk punctuation.definition.string.end.smalltalk : "'"
LINE:     classVariableNames: ''
  [0, 4] source.smalltalk.gnu keyword.operator.binary.smalltalk : "    "
  [4, 23] source.smalltalk.gnu entity.name.function.keyword.smalltalk : "classVariableNames:"
  [23, 24] source.smalltalk.gnu keyword.operator.binary.smalltalk : " "
  [24, 25] source.smalltalk.gnu string.quoted.single.smalltalk punctuation.definition.string.begin.smalltalk : "'"
  [25, 26] source.smalltalk.gnu string.quoted.single.smalltalk punctuation.definition.string.end.smalltalk : "'"
LINE:     poolDictionaries: ''
  [0, 4] source.smalltalk.gnu keyword.operator.binary.smalltalk : "    "
  [4, 21] source.smalltalk.gnu entity.name.function.keyword.smalltalk : "poolDictionaries:"
  [21, 22] source.smalltalk.gnu keyword.operator.binary.smalltalk : " "
  [22, 23] source.smalltalk.gnu string.quoted.single.smalltalk punctuation.definition.string.begin.smalltalk : "'"
  [23, 24] source.smalltalk.gnu string.quoted.single.smalltalk punctuation.definition.string.end.smalltalk : "'"
LINE:     category: 'Test'.
  [0, 4] source.smalltalk.gnu keyword.operator.binary.smalltalk : "    "
  [4, 13] source.smalltalk.gnu entity.name.function.keyword.smalltalk : "category:"
  [13, 14] source.smalltalk.gnu keyword.operator.binary.smalltalk : " "
  [14, 15] source.smalltalk.gnu string.quoted.single.smalltalk punctuation.definition.string.begin.smalltalk : "'"
  [15, 19] source.smalltalk.gnu string.quoted.single.smalltalk : "Test"
  [19, 20] source.smalltalk.gnu string.quoted.single.smalltalk punctuation.definition.string.end.smalltalk : "'"
  [20, 21] source.smalltalk.gnu punctuation.terminator.statement.smalltalk : "."
LINE: 
  [0, 1] source.smalltalk.gnu : ""
LINE: MySubclassForSuper methodsFor: 'testing'
  [0, 18] source.smalltalk.gnu entity.name.type.class.smalltalk : "MySubclassForSuper"
  [18, 19] source.smalltalk.gnu keyword.operator.binary.smalltalk : " "
  [19, 30] source.smalltalk.gnu entity.name.function.keyword.smalltalk : "methodsFor:"
  [30, 31] source.smalltalk.gnu keyword.operator.binary.smalltalk : " "
  [31, 32] source.smalltalk.gnu string.quoted.single.smalltalk punctuation.definition.string.begin.smalltalk : "'"
  [32, 39] source.smalltalk.gnu string.quoted.single.smalltalk : "testing"
  [39, 40] source.smalltalk.gnu string.quoted.single.smalltalk punctuation.definition.string.end.smalltalk : "'"
LINE: stamp: 'tester'.
  [0, 6] source.smalltalk.gnu entity.name.function.keyword.smalltalk : "stamp:"
  [6, 7] source.smalltalk.gnu keyword.operator.binary.smalltalk : " "
  [7, 8] source.smalltalk.gnu string.quoted.single.smalltalk punctuation.definition.string.begin.smalltalk : "'"
  [8, 14] source.smalltalk.gnu string.quoted.single.smalltalk : "tester"
  [14, 15] source.smalltalk.gnu string.quoted.single.smalltalk punctuation.definition.string.end.smalltalk : "'"
  [15, 16] source.smalltalk.gnu punctuation.terminator.statement.smalltalk : "."
LINE: !
  [0, 1] source.smalltalk.gnu keyword.operator.binary.smalltalk : "!"
LINE: printSuperclass
  [0, 15] source.smalltalk.gnu variable.other.smalltalk : "printSuperclass"
LINE:     " super refers to MyExampleClassForSelf in this context "
  [0, 4] source.smalltalk.gnu keyword.operator.binary.smalltalk : "    "
  [4, 5] source.smalltalk.gnu comment.block.double-quoted.smalltalk punctuation.definition.comment.begin.smalltalk : """
  [5, 60] source.smalltalk.gnu comment.block.double-quoted.smalltalk : " super refers to MyExampleClassForSelf in this context "
  [60, 61] source.smalltalk.gnu comment.block.double-quoted.smalltalk punctuation.definition.comment.end.smalltalk : """
LINE:     Transcript show: super class name; cr.
  [0, 4] source.smalltalk.gnu keyword.operator.binary.smalltalk : "    "
  [4, 14] source.smalltalk.gnu entity.name.type.class.smalltalk : "Transcript"
  [14, 15] source.smalltalk.gnu keyword.operator.binary.smalltalk : " "
  [15, 20] source.smalltalk.gnu entity.name.function.keyword.smalltalk : "show:"
  [20, 21] source.smalltalk.gnu keyword.operator.binary.smalltalk : " "
  [21, 26] source.smalltalk.gnu variable.language.super.smalltalk : "super"
  [26, 27] source.smalltalk.gnu keyword.operator.binary.smalltalk : " "
  [27, 32] source.smalltalk.gnu variable.other.smalltalk : "class"
  [32, 33] source.smalltalk.gnu keyword.operator.binary.smalltalk : " "
  [33, 37] source.smalltalk.gnu variable.other.smalltalk : "name"
  [37, 38] source.smalltalk.gnu punctuation.separator.cascade.smalltalk : ";"
  [38, 39] source.smalltalk.gnu keyword.operator.binary.smalltalk : " "
  [39, 41] source.smalltalk.gnu variable.other.smalltalk : "cr"
  [41, 42] source.smalltalk.gnu punctuation.terminator.statement.smalltalk : "."
LINE: !
  [0, 1] source.smalltalk.gnu keyword.operator.binary.smalltalk : "!"
LINE: getValue
  [0, 8] source.smalltalk.gnu variable.other.smalltalk : "getValue"
LINE:     ^super getValue. " calls getValue in MyExampleClassForSelf "
  [0, 4] source.smalltalk.gnu keyword.operator.binary.smalltalk : "    "
  [4, 5] source.smalltalk.gnu keyword.control.return.smalltalk : "^"
  [5, 10] source.smalltalk.gnu variable.language.super.smalltalk : "super"
  [10, 11] source.smalltalk.gnu keyword.operator.binary.smalltalk : " "
  [11, 19] source.smalltalk.gnu variable.other.smalltalk : "getValue"
  [19, 20] source.smalltalk.gnu punctuation.terminator.statement.smalltalk : "."
  [20, 21] source.smalltalk.gnu keyword.operator.binary.smalltalk : " "
  [21, 22] source.smalltalk.gnu comment.block.double-quoted.smalltalk punctuation.definition.comment.begin.smalltalk : """
  [22, 63] source.smalltalk.gnu comment.block.double-quoted.smalltalk : " calls getValue in MyExampleClassForSelf "
  [63, 64] source.smalltalk.gnu comment.block.double-quoted.smalltalk punctuation.definition.comment.end.smalltalk : """
LINE: !
  [0, 1] source.smalltalk.gnu keyword.operator.binary.smalltalk : "!"
LINE: 
  [0, 1] source.smalltalk.gnu : ""
LINE: " thisContext (less common in typical code, more for debugging/reflection) "
  [0, 1] source.smalltalk.gnu comment.block.double-quoted.smalltalk punctuation.definition.comment.begin.smalltalk : """
  [1, 75] source.smalltalk.gnu comment.block.double-quoted.smalltalk : " thisContext (less common in typical code, more for debugging/reflection) "
  [75, 76] source.smalltalk.gnu comment.block.double-quoted.smalltalk punctuation.definition.comment.end.smalltalk : """
LINE: [ | currentContext |
  [0, 1] source.smalltalk.gnu meta.block.literal.smalltalk punctuation.definition.block.begin.smalltalk : "["
  [1, 4] source.smalltalk.gnu meta.block.literal.smalltalk keyword.operator.binary.smalltalk : " | "
  [4, 18] source.smalltalk.gnu meta.block.literal.smalltalk variable.other.smalltalk : "currentContext"
  [18, 20] source.smalltalk.gnu meta.block.literal.smalltalk keyword.operator.binary.smalltalk : " |"
LINE:   currentContext := thisContext.
  [0, 2] source.smalltalk.gnu meta.block.literal.smalltalk keyword.operator.binary.smalltalk : "  "
  [2, 16] source.smalltalk.gnu meta.block.literal.smalltalk variable.other.smalltalk : "currentContext"
  [16, 17] source.smalltalk.gnu meta.block.literal.smalltalk keyword.operator.binary.smalltalk : " "
  [17, 19] source.smalltalk.gnu meta.block.literal.smalltalk keyword.operator.assignment.smalltalk : ":="
  [19, 20] source.smalltalk.gnu meta.block.literal.smalltalk keyword.operator.binary.smalltalk : " "
  [20, 31] source.smalltalk.gnu meta.block.literal.smalltalk variable.language.this-context.gst.smalltalk : "thisContext"
  [31, 32] source.smalltalk.gnu meta.block.literal.smalltalk punctuation.terminator.statement.smalltalk : "."
LINE:   Transcript show: 'Current context: '; show: currentContext printString; cr.
  [0, 2] source.smalltalk.gnu meta.block.literal.smalltalk keyword.operator.binary.smalltalk : "  "
  [2, 12] source.smalltalk.gnu meta.block.literal.smalltalk entity.name.type.class.smalltalk : "Transcript"
  [12, 13] source.smalltalk.gnu meta.block.literal.smalltalk keyword.operator.binary.smalltalk : " "
  [13, 18] source.smalltalk.gnu meta.block.literal.smalltalk entity.name.function.keyword.smalltalk : "show:"
  [18, 19] source.smalltalk.gnu meta.block.literal.smalltalk keyword.operator.binary.smalltalk : " "
  [19, 20] source.smalltalk.gnu meta.block.literal.smalltalk string.quoted.single.smalltalk punctuation.definition.string.begin.smalltalk : "'"
  [20, 37] source.smalltalk.gnu meta.block.literal.smalltalk string.quoted.single.smalltalk : "Current context: "
  [37, 38] source.smalltalk.gnu meta.block.literal.smalltalk string.quoted.single.smalltalk punctuation.definition.string.end.smalltalk : "'"
  [38, 39] source.smalltalk.gnu meta.block.literal.smalltalk punctuation.separator.cascade.smalltalk : ";"
  [39, 40] source.smalltalk.gnu meta.block.literal.smalltalk keyword.operator.binary.smalltalk : " "
  [40, 45] source.smalltalk.gnu meta.block.literal.smalltalk entity.name.function.keyword.smalltalk : "show:"
  [45, 46] source.smalltalk.gnu meta.block.literal.smalltalk keyword.operator.binary.smalltalk : " "
  [46, 60] source.smalltalk.gnu meta.block.literal.smalltalk variable.other.smalltalk : "currentContext"
  [60, 61] source.smalltalk.gnu meta.block.literal.smalltalk keyword.operator.binary.smalltalk : " "
  [61, 72] source.smalltalk.gnu meta.block.literal.smalltalk variable.other.smalltalk : "printString"
  [72, 73] source.smalltalk.gnu meta.block.literal.smalltalk punctuation.separator.cascade.smalltalk : ";"
  [73, 74] source.smalltalk.gnu meta.block.literal.smalltalk keyword.operator.binary.smalltalk : " "
  [74, 76] source.smalltalk.gnu meta.block.literal.smalltalk variable.other.smalltalk : "cr"
  [76, 77] source.smalltalk.gnu meta.block.literal.smalltalk punctuation.terminator.statement.smalltalk : "."
LINE: ] value.
  [0, 1] source.smalltalk.gnu meta.block.literal.smalltalk punctuation.definition.block.end.smalltalk : "]"
  [1, 2] source.smalltalk.gnu keyword.operator.binary.smalltalk : " "
  [2, 7] source.smalltalk.gnu variable.other.smalltalk : "value"
  [7, 8] source.smalltalk.gnu punctuation.terminator.statement.smalltalk : "."
LINE: 
  [0, 1] source.smalltalk.gnu : ""
LINE: 
  [0, 1] source.smalltalk.gnu : ""
LINE: " End of Identifiers and Pseudo-variables Test "
  [0, 1] source.smalltalk.gnu comment.block.double-quoted.smalltalk punctuation.definition.comment.begin.smalltalk : """
  [1, 47] source.smalltalk.gnu comment.block.double-quoted.smalltalk : " End of Identifiers and Pseudo-variables Test "
  [47, 48] source.smalltalk.gnu comment.block.double-quoted.smalltalk punctuation.definition.comment.end.smalltalk : """
LINE: !
  [0, 1] source.smalltalk.gnu keyword.operator.binary.smalltalk : "!"
LINE: 
  [0, 1] source.smalltalk.gnu : ""