LINE: "
  [0, 1] source.smalltalk.gnu comment.block.double-quoted.smalltalk punctuation.definition.comment.begin.smalltalk : """
LINE:     File: 06_core_message_sends.st
  [0, 35] source.smalltalk.gnu comment.block.double-quoted.smalltalk : "    File: 06_core_message_sends.st"
LINE:     Purpose: Test cases for unary, binary, and keyword message sends.
  [0, 70] source.smalltalk.gnu comment.block.double-quoted.smalltalk : "    Purpose: Test cases for unary, binary, and keyword message sends."
LINE: "
  [0, 1] source.smalltalk.gnu comment.block.double-quoted.smalltalk punctuation.definition.comment.end.smalltalk : """
LINE: 
  [0, 1] source.smalltalk.gnu : ""
LINE: | var anArray aString aNumber |
  [0, 2] source.smalltalk.gnu keyword.operator.binary.smalltalk : "| "
  [2, 5] source.smalltalk.gnu variable.other.smalltalk : "var"
  [5, 6] source.smalltalk.gnu keyword.operator.binary.smalltalk : " "
  [6, 13] source.smalltalk.gnu variable.other.smalltalk : "anArray"
  [13, 14] source.smalltalk.gnu keyword.operator.binary.smalltalk : " "
  [14, 21] source.smalltalk.gnu variable.other.smalltalk : "aString"
  [21, 22] source.smalltalk.gnu keyword.operator.binary.smalltalk : " "
  [22, 29] source.smalltalk.gnu variable.other.smalltalk : "aNumber"
  [29, 31] source.smalltalk.gnu keyword.operator.binary.smalltalk : " |"
LINE: var := 10.
  [0, 3] source.smalltalk.gnu variable.other.smalltalk : "var"
  [3, 4] source.smalltalk.gnu keyword.operator.binary.smalltalk : " "
  [4, 6] source.smalltalk.gnu keyword.operator.assignment.smalltalk : ":="
  [6, 7] source.smalltalk.gnu keyword.operator.binary.smalltalk : " "
  [7, 9] source.smalltalk.gnu constant.numeric.integer.smalltalk : "10"
  [9, 10] source.smalltalk.gnu punctuation.terminator.statement.smalltalk : "."
LINE: anArray := #(1 2 3).
  [0, 7] source.smalltalk.gnu variable.other.smalltalk : "anArray"
  [7, 8] source.smalltalk.gnu keyword.operator.binary.smalltalk : " "
  [8, 10] source.smalltalk.gnu keyword.operator.assignment.smalltalk : ":="
  [10, 11] source.smalltalk.gnu keyword.operator.binary.smalltalk : " "
  [11, 13] source.smalltalk.gnu meta.array.literal.smalltalk punctuation.definition.array.begin.smalltalk : "#("
  [13, 14] source.smalltalk.gnu meta.array.literal.smalltalk constant.numeric.integer.smalltalk : "1"
  [14, 15] source.smalltalk.gnu meta.array.literal.smalltalk : " "
  [15, 16] source.smalltalk.gnu meta.array.literal.smalltalk constant.numeric.integer.smalltalk : "2"
  [16, 17] source.smalltalk.gnu meta.array.literal.smalltalk : " "
  [17, 18] source.smalltalk.gnu meta.array.literal.smalltalk constant.numeric.integer.smalltalk : "3"
  [18, 19] source.smalltalk.gnu meta.array.literal.smalltalk punctuation.definition.array.end.smalltalk : ")"
  [19, 20] source.smalltalk.gnu punctuation.terminator.statement.smalltalk : "."
LINE: aString := 'smalltalk'.
  [0, 7] source.smalltalk.gnu variable.other.smalltalk : "aString"
  [7, 8] source.smalltalk.gnu keyword.operator.binary.smalltalk : " "
  [8, 10] source.smalltalk.gnu keyword.operator.assignment.smalltalk : ":="
  [10, 11] source.smalltalk.gnu keyword.operator.binary.smalltalk : " "
  [11, 12] source.smalltalk.gnu string.quoted.single.smalltalk punctuation.definition.string.begin.smalltalk : "'"
  [12, 21] source.smalltalk.gnu string.quoted.single.smalltalk : "smalltalk"
  [21, 22] source.smalltalk.gnu string.quoted.single.smalltalk punctuation.definition.string.end.smalltalk : "'"
  [22, 23] source.smalltalk.gnu punctuation.terminator.statement.smalltalk : "."
LINE: aNumber := 5.
  [0, 7] source.smalltalk.gnu variable.other.smalltalk : "aNumber"
  [7, 8] source.smalltalk.gnu keyword.operator.binary.smalltalk : " "
  [8, 10] source.smalltalk.gnu keyword.operator.assignment.smalltalk : ":="
  [10, 11] source.smalltalk.gnu keyword.operator.binary.smalltalk : " "
  [11, 12] source.smalltalk.gnu constant.numeric.integer.smalltalk : "5"
  [12, 13] source.smalltalk.gnu punctuation.terminator.statement.smalltalk : "."
LINE: 
  [0, 1] source.smalltalk.gnu : ""
LINE: " --- Unary Messages --- "
  [0, 1] source.smalltalk.gnu comment.block.double-quoted.smalltalk punctuation.definition.comment.begin.smalltalk : """
  [1, 25] source.smalltalk.gnu comment.block.double-quoted.smalltalk : " --- Unary Messages --- "
  [25, 26] source.smalltalk.gnu comment.block.double-quoted.smalltalk punctuation.definition.comment.end.smalltalk : """
LINE: var printNl.
  [0, 3] source.smalltalk.gnu variable.other.smalltalk : "var"
  [3, 4] source.smalltalk.gnu keyword.operator.binary.smalltalk : " "
  [4, 11] source.smalltalk.gnu variable.other.smalltalk : "printNl"
  [11, 12] source.smalltalk.gnu punctuation.terminator.statement.smalltalk : "."
LINE: anArray size printNl.
  [0, 7] source.smalltalk.gnu variable.other.smalltalk : "anArray"
  [7, 8] source.smalltalk.gnu keyword.operator.binary.smalltalk : " "
  [8, 12] source.smalltalk.gnu variable.other.smalltalk : "size"
  [12, 13] source.smalltalk.gnu keyword.operator.binary.smalltalk : " "
  [13, 20] source.smalltalk.gnu variable.other.smalltalk : "printNl"
  [20, 21] source.smalltalk.gnu punctuation.terminator.statement.smalltalk : "."
LINE: aString reversed printNl.
  [0, 7] source.smalltalk.gnu variable.other.smalltalk : "aString"
  [7, 8] source.smalltalk.gnu keyword.operator.binary.smalltalk : " "
  [8, 16] source.smalltalk.gnu variable.other.smalltalk : "reversed"
  [16, 17] source.smalltalk.gnu keyword.operator.binary.smalltalk : " "
  [17, 24] source.smalltalk.gnu variable.other.smalltalk : "printNl"
  [24, 25] source.smalltalk.gnu punctuation.terminator.statement.smalltalk : "."
LINE: Object new class name printNl. " Chained unary messages "
  [0, 6] source.smalltalk.gnu entity.name.type.class.smalltalk : "Object"
  [6, 7] source.smalltalk.gnu keyword.operator.binary.smalltalk : " "
  [7, 10] source.smalltalk.gnu variable.other.smalltalk : "new"
  [10, 11] source.smalltalk.gnu keyword.operator.binary.smalltalk : " "
  [11, 16] source.smalltalk.gnu variable.other.smalltalk : "class"
  [16, 17] source.smalltalk.gnu keyword.operator.binary.smalltalk : " "
  [17, 21] source.smalltalk.gnu variable.other.smalltalk : "name"
  [21, 22] source.smalltalk.gnu keyword.operator.binary.smalltalk : " "
  [22, 29] source.smalltalk.gnu variable.other.smalltalk : "printNl"
  [29, 30] source.smalltalk.gnu punctuation.terminator.statement.smalltalk : "."
  [30, 31] source.smalltalk.gnu keyword.operator.binary.smalltalk : " "
  [31, 32] source.smalltalk.gnu comment.block.double-quoted.smalltalk punctuation.definition.comment.begin.smalltalk : """
  [32, 56] source.smalltalk.gnu comment.block.double-quoted.smalltalk : " Chained unary messages "
  [56, 57] source.smalltalk.gnu comment.block.double-quoted.smalltalk punctuation.definition.comment.end.smalltalk : """
LINE: (1 + 2) class printNl. " Unary message to result of binary operation "
  [0, 1] source.smalltalk.gnu meta.expression.parenthesized.smalltalk punctuation.section.group.begin.smalltalk : "("
  [1, 2] source.smalltalk.gnu meta.expression.parenthesized.smalltalk constant.numeric.integer.smalltalk : "1"
  [2, 5] source.smalltalk.gnu meta.expression.parenthesized.smalltalk keyword.operator.binary.smalltalk : " + "
  [5, 6] source.smalltalk.gnu meta.expression.parenthesized.smalltalk constant.numeric.integer.smalltalk : "2"
  [6, 7] source.smalltalk.gnu meta.expression.parenthesized.smalltalk punctuation.section.group.end.smalltalk : ")"
  [7, 8] source.smalltalk.gnu keyword.operator.binary.smalltalk : " "
  [8, 13] source.smalltalk.gnu variable.other.smalltalk : "class"
  [13, 14] source.smalltalk.gnu keyword.operator.binary.smalltalk : " "
  [14, 21] source.smalltalk.gnu variable.other.smalltalk : "printNl"
  [21, 22] source.smalltalk.gnu punctuation.terminator.statement.smalltalk : "."
  [22, 23] source.smalltalk.gnu keyword.operator.binary.smalltalk : " "
  [23, 24] source.smalltalk.gnu comment.block.double-quoted.smalltalk punctuation.definition.comment.begin.smalltalk : """
  [24, 69] source.smalltalk.gnu comment.block.double-quoted.smalltalk : " Unary message to result of binary operation "
  [69, 70] source.smalltalk.gnu comment.block.double-quoted.smalltalk punctuation.definition.comment.end.smalltalk : """
LINE: [ 1 + 1 ] value printNl. " Unary message to a block "
  [0, 1] source.smalltalk.gnu meta.block.literal.smalltalk punctuation.definition.block.begin.smalltalk : "["
  [1, 2] source.smalltalk.gnu meta.block.literal.smalltalk keyword.operator.binary.smalltalk : " "
  [2, 3] source.smalltalk.gnu meta.block.literal.smalltalk constant.numeric.integer.smalltalk : "1"
  [3, 6] source.smalltalk.gnu meta.block.literal.smalltalk keyword.operator.binary.smalltalk : " + "
  [6, 7] source.smalltalk.gnu meta.block.literal.smalltalk constant.numeric.integer.smalltalk : "1"
  [7, 8] source.smalltalk.gnu meta.block.literal.smalltalk keyword.operator.binary.smalltalk : " "
  [8, 9] source.smalltalk.gnu meta.block.literal.smalltalk punctuation.definition.block.end.smalltalk : "]"
  [9, 10] source.smalltalk.gnu keyword.operator.binary.smalltalk : " "
  [10, 15] source.smalltalk.gnu variable.other.smalltalk : "value"
  [15, 16] source.smalltalk.gnu keyword.operator.binary.smalltalk : " "
  [16, 23] source.smalltalk.gnu variable.other.smalltalk : "printNl"
  [23, 24] source.smalltalk.gnu punctuation.terminator.statement.smalltalk : "."
  [24, 25] source.smalltalk.gnu keyword.operator.binary.smalltalk : " "
  [25, 26] source.smalltalk.gnu comment.block.double-quoted.smalltalk punctuation.definition.comment.begin.smalltalk : """
  [26, 52] source.smalltalk.gnu comment.block.double-quoted.smalltalk : " Unary message to a block "
  [52, 53] source.smalltalk.gnu comment.block.double-quoted.smalltalk punctuation.definition.comment.end.smalltalk : """
LINE: 
  [0, 1] source.smalltalk.gnu : ""
LINE: " Factorial (unary) "
  [0, 1] source.smalltalk.gnu comment.block.double-quoted.smalltalk punctuation.definition.comment.begin.smalltalk : """
  [1, 20] source.smalltalk.gnu comment.block.double-quoted.smalltalk : " Factorial (unary) "
  [20, 21] source.smalltalk.gnu comment.block.double-quoted.smalltalk punctuation.definition.comment.end.smalltalk : """
LINE: 10 factorial printNl.
  [0, 2] source.smalltalk.gnu constant.numeric.integer.smalltalk : "10"
  [2, 3] source.smalltalk.gnu keyword.operator.binary.smalltalk : " "
  [3, 12] source.smalltalk.gnu variable.other.smalltalk : "factorial"
  [12, 13] source.smalltalk.gnu keyword.operator.binary.smalltalk : " "
  [13, 20] source.smalltalk.gnu variable.other.smalltalk : "printNl"
  [20, 21] source.smalltalk.gnu punctuation.terminator.statement.smalltalk : "."
LINE: 
  [0, 1] source.smalltalk.gnu : ""
LINE: 
  [0, 1] source.smalltalk.gnu : ""
LINE: " --- Binary Messages --- "
  [0, 1] source.smalltalk.gnu comment.block.double-quoted.smalltalk punctuation.definition.comment.begin.smalltalk : """
  [1, 26] source.smalltalk.gnu comment.block.double-quoted.smalltalk : " --- Binary Messages --- "
  [26, 27] source.smalltalk.gnu comment.block.double-quoted.smalltalk punctuation.definition.comment.end.smalltalk : """
LINE: " Arithmetic "
  [0, 1] source.smalltalk.gnu comment.block.double-quoted.smalltalk punctuation.definition.comment.begin.smalltalk : """
  [1, 13] source.smalltalk.gnu comment.block.double-quoted.smalltalk : " Arithmetic "
  [13, 14] source.smalltalk.gnu comment.block.double-quoted.smalltalk punctuation.definition.comment.end.smalltalk : """
LINE: (var + 5) printNl.
  [0, 1] source.smalltalk.gnu meta.expression.parenthesized.smalltalk punctuation.section.group.begin.smalltalk : "("
  [1, 4] source.smalltalk.gnu meta.expression.parenthesized.smalltalk variable.other.smalltalk : "var"
  [4, 7] source.smalltalk.gnu meta.expression.parenthesized.smalltalk keyword.operator.binary.smalltalk : " + "
  [7, 8] source.smalltalk.gnu meta.expression.parenthesized.smalltalk constant.numeric.integer.smalltalk : "5"
  [8, 9] source.smalltalk.gnu meta.expression.parenthesized.smalltalk punctuation.section.group.end.smalltalk : ")"
  [9, 10] source.smalltalk.gnu keyword.operator.binary.smalltalk : " "
  [10, 17] source.smalltalk.gnu variable.other.smalltalk : "printNl"
  [17, 18] source.smalltalk.gnu punctuation.terminator.statement.smalltalk : "."
LINE: (aNumber * 2) printNl.
  [0, 1] source.smalltalk.gnu meta.expression.parenthesized.smalltalk punctuation.section.group.begin.smalltalk : "("
  [1, 8] source.smalltalk.gnu meta.expression.parenthesized.smalltalk variable.other.smalltalk : "aNumber"
  [8, 11] source.smalltalk.gnu meta.expression.parenthesized.smalltalk keyword.operator.binary.smalltalk : " * "
  [11, 12] source.smalltalk.gnu meta.expression.parenthesized.smalltalk constant.numeric.integer.smalltalk : "2"
  [12, 13] source.smalltalk.gnu meta.expression.parenthesized.smalltalk punctuation.section.group.end.smalltalk : ")"
  [13, 14] source.smalltalk.gnu keyword.operator.binary.smalltalk : " "
  [14, 21] source.smalltalk.gnu variable.other.smalltalk : "printNl"
  [21, 22] source.smalltalk.gnu punctuation.terminator.statement.smalltalk : "."
LINE: (100 / 10) printNl.
  [0, 1] source.smalltalk.gnu meta.expression.parenthesized.smalltalk punctuation.section.group.begin.smalltalk : "("
  [1, 4] source.smalltalk.gnu meta.expression.parenthesized.smalltalk constant.numeric.integer.smalltalk : "100"
  [4, 7] source.smalltalk.gnu meta.expression.parenthesized.smalltalk keyword.operator.binary.smalltalk : " / "
  [7, 9] source.smalltalk.gnu meta.expression.parenthesized.smalltalk constant.numeric.integer.smalltalk : "10"
  [9, 10] source.smalltalk.gnu meta.expression.parenthesized.smalltalk punctuation.section.group.end.smalltalk : ")"
  [10, 11] source.smalltalk.gnu keyword.operator.binary.smalltalk : " "
  [11, 18] source.smalltalk.gnu variable.other.smalltalk : "printNl"
  [18, 19] source.smalltalk.gnu punctuation.terminator.statement.smalltalk : "."
LINE: (10 \\ 3) printNl. " Modulo "
  [0, 1] source.smalltalk.gnu meta.expression.parenthesized.smalltalk punctuation.section.group.begin.smalltalk : "("
  [1, 3] source.smalltalk.gnu meta.expression.parenthesized.smalltalk constant.numeric.integer.smalltalk : "10"
  [3, 7] source.smalltalk.gnu meta.expression.parenthesized.smalltalk keyword.operator.binary.smalltalk : " \\ "
  [7, 8] source.smalltalk.gnu meta.expression.parenthesized.smalltalk constant.numeric.integer.smalltalk : "3"
  [8, 9] source.smalltalk.gnu meta.expression.parenthesized.smalltalk punctuation.section.group.end.smalltalk : ")"
  [9, 10] source.smalltalk.gnu keyword.operator.binary.smalltalk : " "
  [10, 17] source.smalltalk.gnu variable.other.smalltalk : "printNl"
  [17, 18] source.smalltalk.gnu punctuation.terminator.statement.smalltalk : "."
  [18, 19] source.smalltalk.gnu keyword.operator.binary.smalltalk : " "
  [19, 20] source.smalltalk.gnu comment.block.double-quoted.smalltalk punctuation.definition.comment.begin.smalltalk : """
  [20, 28] source.smalltalk.gnu comment.block.double-quoted.smalltalk : " Modulo "
  [28, 29] source.smalltalk.gnu comment.block.double-quoted.smalltalk punctuation.definition.comment.end.smalltalk : """
LINE: (var - aNumber) printNl.
  [0, 1] source.smalltalk.gnu meta.expression.parenthesized.smalltalk punctuation.section.group.begin.smalltalk : "("
  [1, 4] source.smalltalk.gnu meta.expression.parenthesized.smalltalk variable.other.smalltalk : "var"
  [4, 7] source.smalltalk.gnu meta.expression.parenthesized.smalltalk keyword.operator.binary.smalltalk : " - "
  [7, 14] source.smalltalk.gnu meta.expression.parenthesized.smalltalk variable.other.smalltalk : "aNumber"
  [14, 15] source.smalltalk.gnu meta.expression.parenthesized.smalltalk punctuation.section.group.end.smalltalk : ")"
  [15, 16] source.smalltalk.gnu keyword.operator.binary.smalltalk : " "
  [16, 23] source.smalltalk.gnu variable.other.smalltalk : "printNl"
  [23, 24] source.smalltalk.gnu punctuation.terminator.statement.smalltalk : "."
LINE: 
  [0, 1] source.smalltalk.gnu : ""
LINE: " Comparison (result in true/false) "
  [0, 1] source.smalltalk.gnu comment.block.double-quoted.smalltalk punctuation.definition.comment.begin.smalltalk : """
  [1, 36] source.smalltalk.gnu comment.block.double-quoted.smalltalk : " Comparison (result in true/false) "
  [36, 37] source.smalltalk.gnu comment.block.double-quoted.smalltalk punctuation.definition.comment.end.smalltalk : """
LINE: (var > aNumber) printNl.
  [0, 1] source.smalltalk.gnu meta.expression.parenthesized.smalltalk punctuation.section.group.begin.smalltalk : "("
  [1, 4] source.smalltalk.gnu meta.expression.parenthesized.smalltalk variable.other.smalltalk : "var"
  [4, 7] source.smalltalk.gnu meta.expression.parenthesized.smalltalk keyword.operator.binary.smalltalk : " > "
  [7, 14] source.smalltalk.gnu meta.expression.parenthesized.smalltalk variable.other.smalltalk : "aNumber"
  [14, 15] source.smalltalk.gnu meta.expression.parenthesized.smalltalk punctuation.section.group.end.smalltalk : ")"
  [15, 16] source.smalltalk.gnu keyword.operator.binary.smalltalk : " "
  [16, 23] source.smalltalk.gnu variable.other.smalltalk : "printNl"
  [23, 24] source.smalltalk.gnu punctuation.terminator.statement.smalltalk : "."
LINE: (aNumber < 10) printNl.
  [0, 1] source.smalltalk.gnu meta.expression.parenthesized.smalltalk punctuation.section.group.begin.smalltalk : "("
  [1, 8] source.smalltalk.gnu meta.expression.parenthesized.smalltalk variable.other.smalltalk : "aNumber"
  [8, 11] source.smalltalk.gnu meta.expression.parenthesized.smalltalk keyword.operator.binary.smalltalk : " < "
  [11, 13] source.smalltalk.gnu meta.expression.parenthesized.smalltalk constant.numeric.integer.smalltalk : "10"
  [13, 14] source.smalltalk.gnu meta.expression.parenthesized.smalltalk punctuation.section.group.end.smalltalk : ")"
  [14, 15] source.smalltalk.gnu keyword.operator.binary.smalltalk : " "
  [15, 22] source.smalltalk.gnu variable.other.smalltalk : "printNl"
  [22, 23] source.smalltalk.gnu punctuation.terminator.statement.smalltalk : "."
LINE: (var = 10) printNl.
  [0, 1] source.smalltalk.gnu meta.expression.parenthesized.smalltalk punctuation.section.group.begin.smalltalk : "("
  [1, 4] source.smalltalk.gnu meta.expression.parenthesized.smalltalk variable.other.smalltalk : "var"
  [4, 7] source.smalltalk.gnu meta.expression.parenthesized.smalltalk keyword.operator.binary.smalltalk : " = "
  [7, 9] source.smalltalk.gnu meta.expression.parenthesized.smalltalk constant.numeric.integer.smalltalk : "10"
  [9, 10] source.smalltalk.gnu meta.expression.parenthesized.smalltalk punctuation.section.group.end.smalltalk : ")"
  [10, 11] source.smalltalk.gnu keyword.operator.binary.smalltalk : " "
  [11, 18] source.smalltalk.gnu variable.other.smalltalk : "printNl"
  [18, 19] source.smalltalk.gnu punctuation.terminator.statement.smalltalk : "."
LINE: (aNumber ~= 5) printNl. " Not equal "
  [0, 1] source.smalltalk.gnu meta.expression.parenthesized.smalltalk punctuation.section.group.begin.smalltalk : "("
  [1, 8] source.smalltalk.gnu meta.expression.parenthesized.smalltalk variable.other.smalltalk : "aNumber"
  [8, 12] source.smalltalk.gnu meta.expression.parenthesized.smalltalk keyword.operator.binary.smalltalk : " ~= "
  [12, 13] source.smalltalk.gnu meta.expression.parenthesized.smalltalk constant.numeric.integer.smalltalk : "5"
  [13, 14] source.smalltalk.gnu meta.expression.parenthesized.smalltalk punctuation.section.group.end.smalltalk : ")"
  [14, 15] source.smalltalk.gnu keyword.operator.binary.smalltalk : " "
  [15, 22] source.smalltalk.gnu variable.other.smalltalk : "printNl"
  [22, 23] source.smalltalk.gnu punctuation.terminator.statement.smalltalk : "."
  [23, 24] source.smalltalk.gnu keyword.operator.binary.smalltalk : " "
  [24, 25] source.smalltalk.gnu comment.block.double-quoted.smalltalk punctuation.definition.comment.begin.smalltalk : """
  [25, 36] source.smalltalk.gnu comment.block.double-quoted.smalltalk : " Not equal "
  [36, 37] source.smalltalk.gnu comment.block.double-quoted.smalltalk punctuation.definition.comment.end.smalltalk : """
LINE: (var >= 10) printNl.
  [0, 1] source.smalltalk.gnu meta.expression.parenthesized.smalltalk punctuation.section.group.begin.smalltalk : "("
  [1, 4] source.smalltalk.gnu meta.expression.parenthesized.smalltalk variable.other.smalltalk : "var"
  [4, 8] source.smalltalk.gnu meta.expression.parenthesized.smalltalk keyword.operator.binary.smalltalk : " >= "
  [8, 10] source.smalltalk.gnu meta.expression.parenthesized.smalltalk constant.numeric.integer.smalltalk : "10"
  [10, 11] source.smalltalk.gnu meta.expression.parenthesized.smalltalk punctuation.section.group.end.smalltalk : ")"
  [11, 12] source.smalltalk.gnu keyword.operator.binary.smalltalk : " "
  [12, 19] source.smalltalk.gnu variable.other.smalltalk : "printNl"
  [19, 20] source.smalltalk.gnu punctuation.terminator.statement.smalltalk : "."
LINE: (aNumber <= 5) printNl.
  [0, 1] source.smalltalk.gnu meta.expression.parenthesized.smalltalk punctuation.section.group.begin.smalltalk : "("
  [1, 8] source.smalltalk.gnu meta.expression.parenthesized.smalltalk variable.other.smalltalk : "aNumber"
  [8, 12] source.smalltalk.gnu meta.expression.parenthesized.smalltalk keyword.operator.binary.smalltalk : " <= "
  [12, 13] source.smalltalk.gnu meta.expression.parenthesized.smalltalk constant.numeric.integer.smalltalk : "5"
  [13, 14] source.smalltalk.gnu meta.expression.parenthesized.smalltalk punctuation.section.group.end.smalltalk : ")"
  [14, 15] source.smalltalk.gnu keyword.operator.binary.smalltalk : " "
  [15, 22] source.smalltalk.gnu variable.other.smalltalk : "printNl"
  [22, 23] source.smalltalk.gnu punctuation.terminator.statement.smalltalk : "."
LINE: 
  [0, 1] source.smalltalk.gnu : ""
LINE: " Logical (for Booleans, but can be defined for others) "
  [0, 1] source.smalltalk.gnu comment.block.double-quoted.smalltalk punctuation.definition.comment.begin.smalltalk : """
  [1, 56] source.smalltalk.gnu comment.block.double-quoted.smalltalk : " Logical (for Booleans, but can be defined for others) "
  [56, 57] source.smalltalk.gnu comment.block.double-quoted.smalltalk punctuation.definition.comment.end.smalltalk : """
LINE: (true & false) printNl.
  [0, 1] source.smalltalk.gnu meta.expression.parenthesized.smalltalk punctuation.section.group.begin.smalltalk : "("
  [1, 5] source.smalltalk.gnu meta.expression.parenthesized.smalltalk constant.language.boolean.smalltalk : "true"
  [5, 8] source.smalltalk.gnu meta.expression.parenthesized.smalltalk keyword.operator.binary.smalltalk : " & "
  [8, 13] source.smalltalk.gnu meta.expression.parenthesized.smalltalk constant.language.boolean.smalltalk : "false"
  [13, 14] source.smalltalk.gnu meta.expression.parenthesized.smalltalk punctuation.section.group.end.smalltalk : ")"
  [14, 15] source.smalltalk.gnu keyword.operator.binary.smalltalk : " "
  [15, 22] source.smalltalk.gnu variable.other.smalltalk : "printNl"
  [22, 23] source.smalltalk.gnu punctuation.terminator.statement.smalltalk : "."
LINE: (true | false) printNl.
  [0, 1] source.smalltalk.gnu meta.expression.parenthesized.smalltalk punctuation.section.group.begin.smalltalk : "("
  [1, 5] source.smalltalk.gnu meta.expression.parenthesized.smalltalk constant.language.boolean.smalltalk : "true"
  [5, 8] source.smalltalk.gnu meta.expression.parenthesized.smalltalk keyword.operator.binary.smalltalk : " | "
  [8, 13] source.smalltalk.gnu meta.expression.parenthesized.smalltalk constant.language.boolean.smalltalk : "false"
  [13, 14] source.smalltalk.gnu meta.expression.parenthesized.smalltalk punctuation.section.group.end.smalltalk : ")"
  [14, 15] source.smalltalk.gnu keyword.operator.binary.smalltalk : " "
  [15, 22] source.smalltalk.gnu variable.other.smalltalk : "printNl"
  [22, 23] source.smalltalk.gnu punctuation.terminator.statement.smalltalk : "."
LINE: 
  [0, 1] source.smalltalk.gnu : ""
LINE: " Other binary operators "
  [0, 1] source.smalltalk.gnu comment.block.double-quoted.smalltalk punctuation.definition.comment.begin.smalltalk : """
  [1, 25] source.smalltalk.gnu comment.block.double-quoted.smalltalk : " Other binary operators "
  [25, 26] source.smalltalk.gnu comment.block.double-quoted.smalltalk punctuation.definition.comment.end.smalltalk : """
LINE: anArray, #('add', 'this') printNl. " Concatenation for collections "
  [0, 7] source.smalltalk.gnu variable.other.smalltalk : "anArray"
  [7, 9] source.smalltalk.gnu keyword.operator.binary.smalltalk : ", "
  [9, 11] source.smalltalk.gnu meta.array.literal.smalltalk punctuation.definition.array.begin.smalltalk : "#("
  [11, 12] source.smalltalk.gnu meta.array.literal.smalltalk string.quoted.single.smalltalk punctuation.definition.string.begin.smalltalk : "'"
  [12, 15] source.smalltalk.gnu meta.array.literal.smalltalk string.quoted.single.smalltalk : "add"
  [15, 16] source.smalltalk.gnu meta.array.literal.smalltalk string.quoted.single.smalltalk punctuation.definition.string.end.smalltalk : "'"
  [16, 18] source.smalltalk.gnu meta.array.literal.smalltalk : ", "
  [18, 19] source.smalltalk.gnu meta.array.literal.smalltalk string.quoted.single.smalltalk punctuation.definition.string.begin.smalltalk : "'"
  [19, 23] source.smalltalk.gnu meta.array.literal.smalltalk string.quoted.single.smalltalk : "this"
  [23, 24] source.smalltalk.gnu meta.array.literal.smalltalk string.quoted.single.smalltalk punctuation.definition.string.end.smalltalk : "'"
  [24, 25] source.smalltalk.gnu meta.array.literal.smalltalk punctuation.definition.array.end.smalltalk : ")"
  [25, 26] source.smalltalk.gnu keyword.operator.binary.smalltalk : " "
  [26, 33] source.smalltalk.gnu variable.other.smalltalk : "printNl"
  [33, 34] source.smalltalk.gnu punctuation.terminator.statement.smalltalk : "."
  [34, 35] source.smalltalk.gnu keyword.operator.binary.smalltalk : " "
  [35, 36] source.smalltalk.gnu comment.block.double-quoted.smalltalk punctuation.definition.comment.begin.smalltalk : """
  [36, 67] source.smalltalk.gnu comment.block.double-quoted.smalltalk : " Concatenation for collections "
  [67, 68] source.smalltalk.gnu comment.block.double-quoted.smalltalk punctuation.definition.comment.end.smalltalk : """
LINE: (1 -> 'one') printNl. " Association creation "
  [0, 1] source.smalltalk.gnu meta.expression.parenthesized.smalltalk punctuation.section.group.begin.smalltalk : "("
  [1, 2] source.smalltalk.gnu meta.expression.parenthesized.smalltalk constant.numeric.integer.smalltalk : "1"
  [2, 6] source.smalltalk.gnu meta.expression.parenthesized.smalltalk keyword.operator.binary.smalltalk : " -> "
  [6, 7] source.smalltalk.gnu meta.expression.parenthesized.smalltalk string.quoted.single.smalltalk punctuation.definition.string.begin.smalltalk : "'"
  [7, 10] source.smalltalk.gnu meta.expression.parenthesized.smalltalk string.quoted.single.smalltalk : "one"
  [10, 11] source.smalltalk.gnu meta.expression.parenthesized.smalltalk string.quoted.single.smalltalk punctuation.definition.string.end.smalltalk : "'"
  [11, 12] source.smalltalk.gnu meta.expression.parenthesized.smalltalk punctuation.section.group.end.smalltalk : ")"
  [12, 13] source.smalltalk.gnu keyword.operator.binary.smalltalk : " "
  [13, 20] source.smalltalk.gnu variable.other.smalltalk : "printNl"
  [20, 21] source.smalltalk.gnu punctuation.terminator.statement.smalltalk : "."
  [21, 22] source.smalltalk.gnu keyword.operator.binary.smalltalk : " "
  [22, 23] source.smalltalk.gnu comment.block.double-quoted.smalltalk punctuation.definition.comment.begin.smalltalk : """
  [23, 45] source.smalltalk.gnu comment.block.double-quoted.smalltalk : " Association creation "
  [45, 46] source.smalltalk.gnu comment.block.double-quoted.smalltalk punctuation.definition.comment.end.smalltalk : """
LINE: 
  [0, 1] source.smalltalk.gnu : ""
LINE: " Chained binary messages (evaluate left to right for same precedence) "
  [0, 1] source.smalltalk.gnu comment.block.double-quoted.smalltalk punctuation.definition.comment.begin.smalltalk : """
  [1, 71] source.smalltalk.gnu comment.block.double-quoted.smalltalk : " Chained binary messages (evaluate left to right for same precedence) "
  [71, 72] source.smalltalk.gnu comment.block.double-quoted.smalltalk punctuation.definition.comment.end.smalltalk : """
LINE: (1 + 2 + 3 + 4) printNl. " Result is 10 "
  [0, 1] source.smalltalk.gnu meta.expression.parenthesized.smalltalk punctuation.section.group.begin.smalltalk : "("
  [1, 2] source.smalltalk.gnu meta.expression.parenthesized.smalltalk constant.numeric.integer.smalltalk : "1"
  [2, 5] source.smalltalk.gnu meta.expression.parenthesized.smalltalk keyword.operator.binary.smalltalk : " + "
  [5, 6] source.smalltalk.gnu meta.expression.parenthesized.smalltalk constant.numeric.integer.smalltalk : "2"
  [6, 9] source.smalltalk.gnu meta.expression.parenthesized.smalltalk keyword.operator.binary.smalltalk : " + "
  [9, 10] source.smalltalk.gnu meta.expression.parenthesized.smalltalk constant.numeric.integer.smalltalk : "3"
  [10, 13] source.smalltalk.gnu meta.expression.parenthesized.smalltalk keyword.operator.binary.smalltalk : " + "
  [13, 14] source.smalltalk.gnu meta.expression.parenthesized.smalltalk constant.numeric.integer.smalltalk : "4"
  [14, 15] source.smalltalk.gnu meta.expression.parenthesized.smalltalk punctuation.section.group.end.smalltalk : ")"
  [15, 16] source.smalltalk.gnu keyword.operator.binary.smalltalk : " "
  [16, 23] source.smalltalk.gnu variable.other.smalltalk : "printNl"
  [23, 24] source.smalltalk.gnu punctuation.terminator.statement.smalltalk : "."
  [24, 25] source.smalltalk.gnu keyword.operator.binary.smalltalk : " "
  [25, 26] source.smalltalk.gnu comment.block.double-quoted.smalltalk punctuation.definition.comment.begin.smalltalk : """
  [26, 40] source.smalltalk.gnu comment.block.double-quoted.smalltalk : " Result is 10 "
  [40, 41] source.smalltalk.gnu comment.block.double-quoted.smalltalk punctuation.definition.comment.end.smalltalk : """
LINE: (10 - 2 * 3) printNl.   " (10 - 2) * 3 = 24. Binary ops are typically left-associative at same precedence level. "
  [0, 1] source.smalltalk.gnu meta.expression.parenthesized.smalltalk punctuation.section.group.begin.smalltalk : "("
  [1, 3] source.smalltalk.gnu meta.expression.parenthesized.smalltalk constant.numeric.integer.smalltalk : "10"
  [3, 6] source.smalltalk.gnu meta.expression.parenthesized.smalltalk keyword.operator.binary.smalltalk : " - "
  [6, 7] source.smalltalk.gnu meta.expression.parenthesized.smalltalk constant.numeric.integer.smalltalk : "2"
  [7, 10] source.smalltalk.gnu meta.expression.parenthesized.smalltalk keyword.operator.binary.smalltalk : " * "
  [10, 11] source.smalltalk.gnu meta.expression.parenthesized.smalltalk constant.numeric.integer.smalltalk : "3"
  [11, 12] source.smalltalk.gnu meta.expression.parenthesized.smalltalk punctuation.section.group.end.smalltalk : ")"
  [12, 13] source.smalltalk.gnu keyword.operator.binary.smalltalk : " "
  [13, 20] source.smalltalk.gnu variable.other.smalltalk : "printNl"
  [20, 21] source.smalltalk.gnu punctuation.terminator.statement.smalltalk : "."
  [21, 24] source.smalltalk.gnu keyword.operator.binary.smalltalk : "   "
  [24, 25] source.smalltalk.gnu comment.block.double-quoted.smalltalk punctuation.definition.comment.begin.smalltalk : """
  [25, 113] source.smalltalk.gnu comment.block.double-quoted.smalltalk : " (10 - 2) * 3 = 24. Binary ops are typically left-associative at same precedence level. "
  [113, 114] source.smalltalk.gnu comment.block.double-quoted.smalltalk punctuation.definition.comment.end.smalltalk : """
LINE:                         " Smalltalk standard precedence: Unary > Binary > Keyword.
  [0, 24] source.smalltalk.gnu keyword.operator.binary.smalltalk : "                        "
  [24, 25] source.smalltalk.gnu comment.block.double-quoted.smalltalk punctuation.definition.comment.begin.smalltalk : """
  [25, 83] source.smalltalk.gnu comment.block.double-quoted.smalltalk : " Smalltalk standard precedence: Unary > Binary > Keyword."
LINE:                           Within binary, all have same precedence and evaluate left-to-right.
  [0, 94] source.smalltalk.gnu comment.block.double-quoted.smalltalk : "                          Within binary, all have same precedence and evaluate left-to-right."
LINE:                           Parentheses control order. "
  [0, 53] source.smalltalk.gnu comment.block.double-quoted.smalltalk : "                          Parentheses control order. "
  [53, 54] source.smalltalk.gnu comment.block.double-quoted.smalltalk punctuation.definition.comment.end.smalltalk : """
LINE: (10 - (2 * 3)) printNl. " 10 - 6 = 4 "
  [0, 1] source.smalltalk.gnu meta.expression.parenthesized.smalltalk punctuation.section.group.begin.smalltalk : "("
  [1, 3] source.smalltalk.gnu meta.expression.parenthesized.smalltalk constant.numeric.integer.smalltalk : "10"
  [3, 6] source.smalltalk.gnu meta.expression.parenthesized.smalltalk keyword.operator.binary.smalltalk : " - "
  [6, 7] source.smalltalk.gnu meta.expression.parenthesized.smalltalk meta.expression.parenthesized.smalltalk punctuation.section.group.begin.smalltalk : "("
  [7, 8] source.smalltalk.gnu meta.expression.parenthesized.smalltalk meta.expression.parenthesized.smalltalk constant.numeric.integer.smalltalk : "2"
  [8, 11] source.smalltalk.gnu meta.expression.parenthesized.smalltalk meta.expression.parenthesized.smalltalk keyword.operator.binary.smalltalk : " * "
  [11, 12] source.smalltalk.gnu meta.expression.parenthesized.smalltalk meta.expression.parenthesized.smalltalk constant.numeric.integer.smalltalk : "3"
  [12, 13] source.smalltalk.gnu meta.expression.parenthesized.smalltalk meta.expression.parenthesized.smalltalk punctuation.section.group.end.smalltalk : ")"
  [13, 14] source.smalltalk.gnu meta.expression.parenthesized.smalltalk punctuation.section.group.end.smalltalk : ")"
  [14, 15] source.smalltalk.gnu keyword.operator.binary.smalltalk : " "
  [15, 22] source.smalltalk.gnu variable.other.smalltalk : "printNl"
  [22, 23] source.smalltalk.gnu punctuation.terminator.statement.smalltalk : "."
  [23, 24] source.smalltalk.gnu keyword.operator.binary.smalltalk : " "
  [24, 25] source.smalltalk.gnu comment.block.double-quoted.smalltalk punctuation.definition.comment.begin.smalltalk : """
  [25, 37] source.smalltalk.gnu comment.block.double-quoted.smalltalk : " 10 - 6 = 4 "
  [37, 38] source.smalltalk.gnu comment.block.double-quoted.smalltalk punctuation.definition.comment.end.smalltalk : """
LINE: 
  [0, 1] source.smalltalk.gnu : ""
LINE: " Assignment with binary operator "
  [0, 1] source.smalltalk.gnu comment.block.double-quoted.smalltalk punctuation.definition.comment.begin.smalltalk : """
  [1, 34] source.smalltalk.gnu comment.block.double-quoted.smalltalk : " Assignment with binary operator "
  [34, 35] source.smalltalk.gnu comment.block.double-quoted.smalltalk punctuation.definition.comment.end.smalltalk : """
LINE: | count |
  [0, 2] source.smalltalk.gnu keyword.operator.binary.smalltalk : "| "
  [2, 7] source.smalltalk.gnu variable.other.smalltalk : "count"
  [7, 9] source.smalltalk.gnu keyword.operator.binary.smalltalk : " |"
LINE: count := 0.
  [0, 5] source.smalltalk.gnu variable.other.smalltalk : "count"
  [5, 6] source.smalltalk.gnu keyword.operator.binary.smalltalk : " "
  [6, 8] source.smalltalk.gnu keyword.operator.assignment.smalltalk : ":="
  [8, 9] source.smalltalk.gnu keyword.operator.binary.smalltalk : " "
  [9, 10] source.smalltalk.gnu constant.numeric.integer.smalltalk : "0"
  [10, 11] source.smalltalk.gnu punctuation.terminator.statement.smalltalk : "."
LINE: count := count + 1.
  [0, 5] source.smalltalk.gnu variable.other.smalltalk : "count"
  [5, 6] source.smalltalk.gnu keyword.operator.binary.smalltalk : " "
  [6, 8] source.smalltalk.gnu keyword.operator.assignment.smalltalk : ":="
  [8, 9] source.smalltalk.gnu keyword.operator.binary.smalltalk : " "
  [9, 14] source.smalltalk.gnu variable.other.smalltalk : "count"
  [14, 17] source.smalltalk.gnu keyword.operator.binary.smalltalk : " + "
  [17, 18] source.smalltalk.gnu constant.numeric.integer.smalltalk : "1"
  [18, 19] source.smalltalk.gnu punctuation.terminator.statement.smalltalk : "."
LINE: count printNl.
  [0, 5] source.smalltalk.gnu variable.other.smalltalk : "count"
  [5, 6] source.smalltalk.gnu keyword.operator.binary.smalltalk : " "
  [6, 13] source.smalltalk.gnu variable.other.smalltalk : "printNl"
  [13, 14] source.smalltalk.gnu punctuation.terminator.statement.smalltalk : "."
LINE: 
  [0, 1] source.smalltalk.gnu : ""
LINE: " Multi-character binary selectors "
  [0, 1] source.smalltalk.gnu comment.block.double-quoted.smalltalk punctuation.definition.comment.begin.smalltalk : """
  [1, 35] source.smalltalk.gnu comment.block.double-quoted.smalltalk : " Multi-character binary selectors "
  [35, 36] source.smalltalk.gnu comment.block.double-quoted.smalltalk punctuation.definition.comment.end.smalltalk : """
LINE: (var == 10) printNl. " Equality check (can be different from = for identity) "
  [0, 1] source.smalltalk.gnu meta.expression.parenthesized.smalltalk punctuation.section.group.begin.smalltalk : "("
  [1, 4] source.smalltalk.gnu meta.expression.parenthesized.smalltalk variable.other.smalltalk : "var"
  [4, 8] source.smalltalk.gnu meta.expression.parenthesized.smalltalk keyword.operator.binary.smalltalk : " == "
  [8, 10] source.smalltalk.gnu meta.expression.parenthesized.smalltalk constant.numeric.integer.smalltalk : "10"
  [10, 11] source.smalltalk.gnu meta.expression.parenthesized.smalltalk punctuation.section.group.end.smalltalk : ")"
  [11, 12] source.smalltalk.gnu keyword.operator.binary.smalltalk : " "
  [12, 19] source.smalltalk.gnu variable.other.smalltalk : "printNl"
  [19, 20] source.smalltalk.gnu punctuation.terminator.statement.smalltalk : "."
  [20, 21] source.smalltalk.gnu keyword.operator.binary.smalltalk : " "
  [21, 22] source.smalltalk.gnu comment.block.double-quoted.smalltalk punctuation.definition.comment.begin.smalltalk : """
  [22, 77] source.smalltalk.gnu comment.block.double-quoted.smalltalk : " Equality check (can be different from = for identity) "
  [77, 78] source.smalltalk.gnu comment.block.double-quoted.smalltalk punctuation.definition.comment.end.smalltalk : """
LINE: (var ~~ 11) printNl. " Not identical or specific not-equal "
  [0, 1] source.smalltalk.gnu meta.expression.parenthesized.smalltalk punctuation.section.group.begin.smalltalk : "("
  [1, 4] source.smalltalk.gnu meta.expression.parenthesized.smalltalk variable.other.smalltalk : "var"
  [4, 8] source.smalltalk.gnu meta.expression.parenthesized.smalltalk keyword.operator.binary.smalltalk : " ~~ "
  [8, 10] source.smalltalk.gnu meta.expression.parenthesized.smalltalk constant.numeric.integer.smalltalk : "11"
  [10, 11] source.smalltalk.gnu meta.expression.parenthesized.smalltalk punctuation.section.group.end.smalltalk : ")"
  [11, 12] source.smalltalk.gnu keyword.operator.binary.smalltalk : " "
  [12, 19] source.smalltalk.gnu variable.other.smalltalk : "printNl"
  [19, 20] source.smalltalk.gnu punctuation.terminator.statement.smalltalk : "."
  [20, 21] source.smalltalk.gnu keyword.operator.binary.smalltalk : " "
  [21, 22] source.smalltalk.gnu comment.block.double-quoted.smalltalk punctuation.definition.comment.begin.smalltalk : """
  [22, 59] source.smalltalk.gnu comment.block.double-quoted.smalltalk : " Not identical or specific not-equal "
  [59, 60] source.smalltalk.gnu comment.block.double-quoted.smalltalk punctuation.definition.comment.end.smalltalk : """
LINE: (aNumber <= 5) printNl.
  [0, 1] source.smalltalk.gnu meta.expression.parenthesized.smalltalk punctuation.section.group.begin.smalltalk : "("
  [1, 8] source.smalltalk.gnu meta.expression.parenthesized.smalltalk variable.other.smalltalk : "aNumber"
  [8, 12] source.smalltalk.gnu meta.expression.parenthesized.smalltalk keyword.operator.binary.smalltalk : " <= "
  [12, 13] source.smalltalk.gnu meta.expression.parenthesized.smalltalk constant.numeric.integer.smalltalk : "5"
  [13, 14] source.smalltalk.gnu meta.expression.parenthesized.smalltalk punctuation.section.group.end.smalltalk : ")"
  [14, 15] source.smalltalk.gnu keyword.operator.binary.smalltalk : " "
  [15, 22] source.smalltalk.gnu variable.other.smalltalk : "printNl"
  [22, 23] source.smalltalk.gnu punctuation.terminator.statement.smalltalk : "."
LINE: 
  [0, 1] source.smalltalk.gnu : ""
LINE: 
  [0, 1] source.smalltalk.gnu : ""
LINE: " --- Keyword Messages --- "
  [0, 1] source.smalltalk.gnu comment.block.double-quoted.smalltalk punctuation.definition.comment.begin.smalltalk : """
  [1, 27] source.smalltalk.gnu comment.block.double-quoted.smalltalk : " --- Keyword Messages --- "
  [27, 28] source.smalltalk.gnu comment.block.double-quoted.smalltalk punctuation.definition.comment.end.smalltalk : """
LINE: " Single keyword "
  [0, 1] source.smalltalk.gnu comment.block.double-quoted.smalltalk punctuation.definition.comment.begin.smalltalk : """
  [1, 17] source.smalltalk.gnu comment.block.double-quoted.smalltalk : " Single keyword "
  [17, 18] source.smalltalk.gnu comment.block.double-quoted.smalltalk punctuation.definition.comment.end.smalltalk : """
LINE: anArray at: 1 put: 100.
  [0, 7] source.smalltalk.gnu variable.other.smalltalk : "anArray"
  [7, 8] source.smalltalk.gnu keyword.operator.binary.smalltalk : " "
  [8, 11] source.smalltalk.gnu entity.name.function.keyword.smalltalk : "at:"
  [11, 12] source.smalltalk.gnu keyword.operator.binary.smalltalk : " "
  [12, 13] source.smalltalk.gnu constant.numeric.integer.smalltalk : "1"
  [13, 14] source.smalltalk.gnu keyword.operator.binary.smalltalk : " "
  [14, 18] source.smalltalk.gnu entity.name.function.keyword.smalltalk : "put:"
  [18, 19] source.smalltalk.gnu keyword.operator.binary.smalltalk : " "
  [19, 22] source.smalltalk.gnu constant.numeric.integer.smalltalk : "100"
  [22, 23] source.smalltalk.gnu punctuation.terminator.statement.smalltalk : "."
LINE: anArray printNl.
  [0, 7] source.smalltalk.gnu variable.other.smalltalk : "anArray"
  [7, 8] source.smalltalk.gnu keyword.operator.binary.smalltalk : " "
  [8, 15] source.smalltalk.gnu variable.other.smalltalk : "printNl"
  [15, 16] source.smalltalk.gnu punctuation.terminator.statement.smalltalk : "."
LINE: Smalltalk at: #MyGlobal put: 'Hello Global'.
  [0, 9] source.smalltalk.gnu entity.name.type.class.smalltalk : "Smalltalk"
  [9, 10] source.smalltalk.gnu keyword.operator.binary.smalltalk : " "
  [10, 13] source.smalltalk.gnu entity.name.function.keyword.smalltalk : "at:"
  [13, 14] source.smalltalk.gnu keyword.operator.binary.smalltalk : " "
  [14, 15] source.smalltalk.gnu constant.other.symbol.identifier.smalltalk punctuation.definition.symbol.smalltalk : "#"
  [15, 23] source.smalltalk.gnu constant.other.symbol.identifier.smalltalk : "MyGlobal"
  [23, 24] source.smalltalk.gnu keyword.operator.binary.smalltalk : " "
  [24, 28] source.smalltalk.gnu entity.name.function.keyword.smalltalk : "put:"
  [28, 29] source.smalltalk.gnu keyword.operator.binary.smalltalk : " "
  [29, 30] source.smalltalk.gnu string.quoted.single.smalltalk punctuation.definition.string.begin.smalltalk : "'"
  [30, 42] source.smalltalk.gnu string.quoted.single.smalltalk : "Hello Global"
  [42, 43] source.smalltalk.gnu string.quoted.single.smalltalk punctuation.definition.string.end.smalltalk : "'"
  [43, 44] source.smalltalk.gnu punctuation.terminator.statement.smalltalk : "."
LINE: MyGlobal printNl.
  [0, 8] source.smalltalk.gnu entity.name.type.class.smalltalk : "MyGlobal"
  [8, 9] source.smalltalk.gnu keyword.operator.binary.smalltalk : " "
  [9, 16] source.smalltalk.gnu variable.other.smalltalk : "printNl"
  [16, 17] source.smalltalk.gnu punctuation.terminator.statement.smalltalk : "."
LINE: 
  [0, 1] source.smalltalk.gnu : ""
LINE: " Single keyword with numeric argument "
  [0, 1] source.smalltalk.gnu comment.block.double-quoted.smalltalk punctuation.definition.comment.begin.smalltalk : """
  [1, 39] source.smalltalk.gnu comment.block.double-quoted.smalltalk : " Single keyword with numeric argument "
  [39, 40] source.smalltalk.gnu comment.block.double-quoted.smalltalk punctuation.definition.comment.end.smalltalk : """
LINE: Array new: 10. " Creates an Array of size 10 "
  [0, 5] source.smalltalk.gnu entity.name.type.class.smalltalk : "Array"
  [5, 6] source.smalltalk.gnu keyword.operator.binary.smalltalk : " "
  [6, 10] source.smalltalk.gnu entity.name.function.keyword.smalltalk : "new:"
  [10, 11] source.smalltalk.gnu keyword.operator.binary.smalltalk : " "
  [11, 13] source.smalltalk.gnu constant.numeric.integer.smalltalk : "10"
  [13, 14] source.smalltalk.gnu punctuation.terminator.statement.smalltalk : "."
  [14, 15] source.smalltalk.gnu keyword.operator.binary.smalltalk : " "
  [15, 16] source.smalltalk.gnu comment.block.double-quoted.smalltalk punctuation.definition.comment.begin.smalltalk : """
  [16, 45] source.smalltalk.gnu comment.block.double-quoted.smalltalk : " Creates an Array of size 10 "
  [45, 46] source.smalltalk.gnu comment.block.double-quoted.smalltalk punctuation.definition.comment.end.smalltalk : """
LINE: 
  [0, 1] source.smalltalk.gnu : ""
LINE: " Multi-keyword "
  [0, 1] source.smalltalk.gnu comment.block.double-quoted.smalltalk punctuation.definition.comment.begin.smalltalk : """
  [1, 16] source.smalltalk.gnu comment.block.double-quoted.smalltalk : " Multi-keyword "
  [16, 17] source.smalltalk.gnu comment.block.double-quoted.smalltalk punctuation.definition.comment.end.smalltalk : """
LINE: anArray copyFrom: 1 to: 2.
  [0, 7] source.smalltalk.gnu variable.other.smalltalk : "anArray"
  [7, 8] source.smalltalk.gnu keyword.operator.binary.smalltalk : " "
  [8, 17] source.smalltalk.gnu entity.name.function.keyword.smalltalk : "copyFrom:"
  [17, 18] source.smalltalk.gnu keyword.operator.binary.smalltalk : " "
  [18, 19] source.smalltalk.gnu constant.numeric.integer.smalltalk : "1"
  [19, 20] source.smalltalk.gnu keyword.operator.binary.smalltalk : " "
  [20, 23] source.smalltalk.gnu entity.name.function.keyword.smalltalk : "to:"
  [23, 24] source.smalltalk.gnu keyword.operator.binary.smalltalk : " "
  [24, 25] source.smalltalk.gnu constant.numeric.integer.smalltalk : "2"
  [25, 26] source.smalltalk.gnu punctuation.terminator.statement.smalltalk : "."
LINE: aString copyReplaceAll: 'talk' with: 'rocks'.
  [0, 7] source.smalltalk.gnu variable.other.smalltalk : "aString"
  [7, 8] source.smalltalk.gnu keyword.operator.binary.smalltalk : " "
  [8, 23] source.smalltalk.gnu entity.name.function.keyword.smalltalk : "copyReplaceAll:"
  [23, 24] source.smalltalk.gnu keyword.operator.binary.smalltalk : " "
  [24, 25] source.smalltalk.gnu string.quoted.single.smalltalk punctuation.definition.string.begin.smalltalk : "'"
  [25, 29] source.smalltalk.gnu string.quoted.single.smalltalk : "talk"
  [29, 30] source.smalltalk.gnu string.quoted.single.smalltalk punctuation.definition.string.end.smalltalk : "'"
  [30, 31] source.smalltalk.gnu keyword.operator.binary.smalltalk : " "
  [31, 36] source.smalltalk.gnu entity.name.function.keyword.smalltalk : "with:"
  [36, 37] source.smalltalk.gnu keyword.operator.binary.smalltalk : " "
  [37, 38] source.smalltalk.gnu string.quoted.single.smalltalk punctuation.definition.string.begin.smalltalk : "'"
  [38, 43] source.smalltalk.gnu string.quoted.single.smalltalk : "rocks"
  [43, 44] source.smalltalk.gnu string.quoted.single.smalltalk punctuation.definition.string.end.smalltalk : "'"
  [44, 45] source.smalltalk.gnu punctuation.terminator.statement.smalltalk : "."
LINE: aString printNl.
  [0, 7] source.smalltalk.gnu variable.other.smalltalk : "aString"
  [7, 8] source.smalltalk.gnu keyword.operator.binary.smalltalk : " "
  [8, 15] source.smalltalk.gnu variable.other.smalltalk : "printNl"
  [15, 16] source.smalltalk.gnu punctuation.terminator.statement.smalltalk : "."
LINE: 
  [0, 1] source.smalltalk.gnu : ""
LINE: Date newDay: 1 month: 'January' year: 2024.
  [0, 4] source.smalltalk.gnu entity.name.type.class.smalltalk : "Date"
  [4, 5] source.smalltalk.gnu keyword.operator.binary.smalltalk : " "
  [5, 12] source.smalltalk.gnu entity.name.function.keyword.smalltalk : "newDay:"
  [12, 13] source.smalltalk.gnu keyword.operator.binary.smalltalk : " "
  [13, 14] source.smalltalk.gnu constant.numeric.integer.smalltalk : "1"
  [14, 15] source.smalltalk.gnu keyword.operator.binary.smalltalk : " "
  [15, 21] source.smalltalk.gnu entity.name.function.keyword.smalltalk : "month:"
  [21, 22] source.smalltalk.gnu keyword.operator.binary.smalltalk : " "
  [22, 23] source.smalltalk.gnu string.quoted.single.smalltalk punctuation.definition.string.begin.smalltalk : "'"
  [23, 30] source.smalltalk.gnu string.quoted.single.smalltalk : "January"
  [30, 31] source.smalltalk.gnu string.quoted.single.smalltalk punctuation.definition.string.end.smalltalk : "'"
  [31, 32] source.smalltalk.gnu keyword.operator.binary.smalltalk : " "
  [32, 37] source.smalltalk.gnu entity.name.function.keyword.smalltalk : "year:"
  [37, 38] source.smalltalk.gnu keyword.operator.binary.smalltalk : " "
  [38, 42] source.smalltalk.gnu constant.numeric.integer.smalltalk : "2024"
  [42, 43] source.smalltalk.gnu punctuation.terminator.statement.smalltalk : "."
LINE: 
  [0, 1] source.smalltalk.gnu : ""
LINE: " Keyword message with literal arguments "
  [0, 1] source.smalltalk.gnu comment.block.double-quoted.smalltalk punctuation.definition.comment.begin.smalltalk : """
  [1, 41] source.smalltalk.gnu comment.block.double-quoted.smalltalk : " Keyword message with literal arguments "
  [41, 42] source.smalltalk.gnu comment.block.double-quoted.smalltalk punctuation.definition.comment.end.smalltalk : """
LINE: 1 to: 5 do: [ :i | i printNl ].
  [0, 1] source.smalltalk.gnu constant.numeric.integer.smalltalk : "1"
  [1, 2] source.smalltalk.gnu keyword.operator.binary.smalltalk : " "
  [2, 5] source.smalltalk.gnu entity.name.function.keyword.smalltalk : "to:"
  [5, 6] source.smalltalk.gnu keyword.operator.binary.smalltalk : " "
  [6, 7] source.smalltalk.gnu constant.numeric.integer.smalltalk : "5"
  [7, 8] source.smalltalk.gnu keyword.operator.binary.smalltalk : " "
  [8, 11] source.smalltalk.gnu entity.name.function.keyword.smalltalk : "do:"
  [11, 12] source.smalltalk.gnu keyword.operator.binary.smalltalk : " "
  [12, 13] source.smalltalk.gnu meta.block.literal.smalltalk punctuation.definition.block.begin.smalltalk : "["
  [13, 14] source.smalltalk.gnu meta.block.literal.smalltalk keyword.operator.binary.smalltalk : " "
  [14, 15] source.smalltalk.gnu meta.block.literal.smalltalk punctuation.definition.variable.parameter.block.smalltalk : ":"
  [15, 16] source.smalltalk.gnu meta.block.literal.smalltalk variable.parameter.block.smalltalk : "i"
  [16, 19] source.smalltalk.gnu meta.block.literal.smalltalk keyword.operator.binary.smalltalk : " | "
  [19, 20] source.smalltalk.gnu meta.block.literal.smalltalk variable.other.smalltalk : "i"
  [20, 21] source.smalltalk.gnu meta.block.literal.smalltalk keyword.operator.binary.smalltalk : " "
  [21, 28] source.smalltalk.gnu meta.block.literal.smalltalk variable.other.smalltalk : "printNl"
  [28, 29] source.smalltalk.gnu meta.block.literal.smalltalk keyword.operator.binary.smalltalk : " "
  [29, 30] source.smalltalk.gnu meta.block.literal.smalltalk punctuation.definition.block.end.smalltalk : "]"
  [30, 31] source.smalltalk.gnu punctuation.terminator.statement.smalltalk : "."
LINE: 
  [0, 1] source.smalltalk.gnu : ""
LINE: " Keyword message with block argument "
  [0, 1] source.smalltalk.gnu comment.block.double-quoted.smalltalk punctuation.definition.comment.begin.smalltalk : """
  [1, 38] source.smalltalk.gnu comment.block.double-quoted.smalltalk : " Keyword message with block argument "
  [38, 39] source.smalltalk.gnu comment.block.double-quoted.smalltalk punctuation.definition.comment.end.smalltalk : """
LINE: true ifTrue: [ 'It was true!' printNl ] ifFalse: [ 'It was false!' printNl ].
  [0, 4] source.smalltalk.gnu constant.language.boolean.smalltalk : "true"
  [4, 5] source.smalltalk.gnu keyword.operator.binary.smalltalk : " "
  [5, 12] source.smalltalk.gnu entity.name.function.keyword.smalltalk : "ifTrue:"
  [12, 13] source.smalltalk.gnu keyword.operator.binary.smalltalk : " "
  [13, 14] source.smalltalk.gnu meta.block.literal.smalltalk punctuation.definition.block.begin.smalltalk : "["
  [14, 15] source.smalltalk.gnu meta.block.literal.smalltalk keyword.operator.binary.smalltalk : " "
  [15, 16] source.smalltalk.gnu meta.block.literal.smalltalk string.quoted.single.smalltalk punctuation.definition.string.begin.smalltalk : "'"
  [16, 28] source.smalltalk.gnu meta.block.literal.smalltalk string.quoted.single.smalltalk : "It was true!"
  [28, 29] source.smalltalk.gnu meta.block.literal.smalltalk string.quoted.single.smalltalk punctuation.definition.string.end.smalltalk : "'"
  [29, 30] source.smalltalk.gnu meta.block.literal.smalltalk keyword.operator.binary.smalltalk : " "
  [30, 37] source.smalltalk.gnu meta.block.literal.smalltalk variable.other.smalltalk : "printNl"
  [37, 38] source.smalltalk.gnu meta.block.literal.smalltalk keyword.operator.binary.smalltalk : " "
  [38, 39] source.smalltalk.gnu meta.block.literal.smalltalk punctuation.definition.block.end.smalltalk : "]"
  [39, 40] source.smalltalk.gnu keyword.operator.binary.smalltalk : " "
  [40, 48] source.smalltalk.gnu entity.name.function.keyword.smalltalk : "ifFalse:"
  [48, 49] source.smalltalk.gnu keyword.operator.binary.smalltalk : " "
  [49, 50] source.smalltalk.gnu meta.block.literal.smalltalk punctuation.definition.block.begin.smalltalk : "["
  [50, 51] source.smalltalk.gnu meta.block.literal.smalltalk keyword.operator.binary.smalltalk : " "
  [51, 52] source.smalltalk.gnu meta.block.literal.smalltalk string.quoted.single.smalltalk punctuation.definition.string.begin.smalltalk : "'"
  [52, 65] source.smalltalk.gnu meta.block.literal.smalltalk string.quoted.single.smalltalk : "It was false!"
  [65, 66] source.smalltalk.gnu meta.block.literal.smalltalk string.quoted.single.smalltalk punctuation.definition.string.end.smalltalk : "'"
  [66, 67] source.smalltalk.gnu meta.block.literal.smalltalk keyword.operator.binary.smalltalk : " "
  [67, 74] source.smalltalk.gnu meta.block.literal.smalltalk variable.other.smalltalk : "printNl"
  [74, 75] source.smalltalk.gnu meta.block.literal.smalltalk keyword.operator.binary.smalltalk : " "
  [75, 76] source.smalltalk.gnu meta.block.literal.smalltalk punctuation.definition.block.end.smalltalk : "]"
  [76, 77] source.smalltalk.gnu punctuation.terminator.statement.smalltalk : "."
LINE: 
  [0, 1] source.smalltalk.gnu : ""
LINE: " Keyword message with result of other messages as arguments "
  [0, 1] source.smalltalk.gnu comment.block.double-quoted.smalltalk punctuation.definition.comment.begin.smalltalk : """
  [1, 61] source.smalltalk.gnu comment.block.double-quoted.smalltalk : " Keyword message with result of other messages as arguments "
  [61, 62] source.smalltalk.gnu comment.block.double-quoted.smalltalk punctuation.definition.comment.end.smalltalk : """
LINE: anArray at: (1 + 1) put: (aString size).
  [0, 7] source.smalltalk.gnu variable.other.smalltalk : "anArray"
  [7, 8] source.smalltalk.gnu keyword.operator.binary.smalltalk : " "
  [8, 11] source.smalltalk.gnu entity.name.function.keyword.smalltalk : "at:"
  [11, 12] source.smalltalk.gnu keyword.operator.binary.smalltalk : " "
  [12, 13] source.smalltalk.gnu meta.expression.parenthesized.smalltalk punctuation.section.group.begin.smalltalk : "("
  [13, 14] source.smalltalk.gnu meta.expression.parenthesized.smalltalk constant.numeric.integer.smalltalk : "1"
  [14, 17] source.smalltalk.gnu meta.expression.parenthesized.smalltalk keyword.operator.binary.smalltalk : " + "
  [17, 18] source.smalltalk.gnu meta.expression.parenthesized.smalltalk constant.numeric.integer.smalltalk : "1"
  [18, 19] source.smalltalk.gnu meta.expression.parenthesized.smalltalk punctuation.section.group.end.smalltalk : ")"
  [19, 20] source.smalltalk.gnu keyword.operator.binary.smalltalk : " "
  [20, 24] source.smalltalk.gnu entity.name.function.keyword.smalltalk : "put:"
  [24, 25] source.smalltalk.gnu keyword.operator.binary.smalltalk : " "
  [25, 26] source.smalltalk.gnu meta.expression.parenthesized.smalltalk punctuation.section.group.begin.smalltalk : "("
  [26, 33] source.smalltalk.gnu meta.expression.parenthesized.smalltalk variable.other.smalltalk : "aString"
  [33, 34] source.smalltalk.gnu meta.expression.parenthesized.smalltalk keyword.operator.binary.smalltalk : " "
  [34, 38] source.smalltalk.gnu meta.expression.parenthesized.smalltalk variable.other.smalltalk : "size"
  [38, 39] source.smalltalk.gnu meta.expression.parenthesized.smalltalk punctuation.section.group.end.smalltalk : ")"
  [39, 40] source.smalltalk.gnu punctuation.terminator.statement.smalltalk : "."
LINE: anArray printNl.
  [0, 7] source.smalltalk.gnu variable.other.smalltalk : "anArray"
  [7, 8] source.smalltalk.gnu keyword.operator.binary.smalltalk : " "
  [8, 15] source.smalltalk.gnu variable.other.smalltalk : "printNl"
  [15, 16] source.smalltalk.gnu punctuation.terminator.statement.smalltalk : "."
LINE: 
  [0, 1] source.smalltalk.gnu : ""
LINE: " Nested keyword messages "
  [0, 1] source.smalltalk.gnu comment.block.double-quoted.smalltalk punctuation.definition.comment.begin.smalltalk : """
  [1, 26] source.smalltalk.gnu comment.block.double-quoted.smalltalk : " Nested keyword messages "
  [26, 27] source.smalltalk.gnu comment.block.double-quoted.smalltalk punctuation.definition.comment.end.smalltalk : """
LINE: (Dictionary new)
  [0, 1] source.smalltalk.gnu meta.expression.parenthesized.smalltalk punctuation.section.group.begin.smalltalk : "("
  [1, 11] source.smalltalk.gnu meta.expression.parenthesized.smalltalk entity.name.type.class.smalltalk : "Dictionary"
  [11, 12] source.smalltalk.gnu meta.expression.parenthesized.smalltalk keyword.operator.binary.smalltalk : " "
  [12, 15] source.smalltalk.gnu meta.expression.parenthesized.smalltalk variable.other.smalltalk : "new"
  [15, 16] source.smalltalk.gnu meta.expression.parenthesized.smalltalk punctuation.section.group.end.smalltalk : ")"
LINE:     at: 'name' put: 'GNU Smalltalk';
  [0, 4] source.smalltalk.gnu keyword.operator.binary.smalltalk : "    "
  [4, 7] source.smalltalk.gnu entity.name.function.keyword.smalltalk : "at:"
  [7, 8] source.smalltalk.gnu keyword.operator.binary.smalltalk : " "
  [8, 9] source.smalltalk.gnu string.quoted.single.smalltalk punctuation.definition.string.begin.smalltalk : "'"
  [9, 13] source.smalltalk.gnu string.quoted.single.smalltalk : "name"
  [13, 14] source.smalltalk.gnu string.quoted.single.smalltalk punctuation.definition.string.end.smalltalk : "'"
  [14, 15] source.smalltalk.gnu keyword.operator.binary.smalltalk : " "
  [15, 19] source.smalltalk.gnu entity.name.function.keyword.smalltalk : "put:"
  [19, 20] source.smalltalk.gnu keyword.operator.binary.smalltalk : " "
  [20, 21] source.smalltalk.gnu string.quoted.single.smalltalk punctuation.definition.string.begin.smalltalk : "'"
  [21, 34] source.smalltalk.gnu string.quoted.single.smalltalk : "GNU Smalltalk"
  [34, 35] source.smalltalk.gnu string.quoted.single.smalltalk punctuation.definition.string.end.smalltalk : "'"
  [35, 36] source.smalltalk.gnu punctuation.separator.cascade.smalltalk : ";"
LINE:     at: 'version' put: (Smalltalk version);
  [0, 4] source.smalltalk.gnu keyword.operator.binary.smalltalk : "    "
  [4, 7] source.smalltalk.gnu entity.name.function.keyword.smalltalk : "at:"
  [7, 8] source.smalltalk.gnu keyword.operator.binary.smalltalk : " "
  [8, 9] source.smalltalk.gnu string.quoted.single.smalltalk punctuation.definition.string.begin.smalltalk : "'"
  [9, 16] source.smalltalk.gnu string.quoted.single.smalltalk : "version"
  [16, 17] source.smalltalk.gnu string.quoted.single.smalltalk punctuation.definition.string.end.smalltalk : "'"
  [17, 18] source.smalltalk.gnu keyword.operator.binary.smalltalk : " "
  [18, 22] source.smalltalk.gnu entity.name.function.keyword.smalltalk : "put:"
  [22, 23] source.smalltalk.gnu keyword.operator.binary.smalltalk : " "
  [23, 24] source.smalltalk.gnu meta.expression.parenthesized.smalltalk punctuation.section.group.begin.smalltalk : "("
  [24, 33] source.smalltalk.gnu meta.expression.parenthesized.smalltalk entity.name.type.class.smalltalk : "Smalltalk"
  [33, 34] source.smalltalk.gnu meta.expression.parenthesized.smalltalk keyword.operator.binary.smalltalk : " "
  [34, 41] source.smalltalk.gnu meta.expression.parenthesized.smalltalk variable.other.smalltalk : "version"
  [41, 42] source.smalltalk.gnu meta.expression.parenthesized.smalltalk punctuation.section.group.end.smalltalk : ")"
  [42, 43] source.smalltalk.gnu punctuation.separator.cascade.smalltalk : ";"
LINE:     yourself.
  [0, 4] source.smalltalk.gnu keyword.operator.binary.smalltalk : "    "
  [4, 12] source.smalltalk.gnu variable.other.smalltalk : "yourself"
  [12, 13] source.smalltalk.gnu punctuation.terminator.statement.smalltalk : "."
LINE: 
  [0, 1] source.smalltalk.gnu : ""
LINE: 
  [0, 1] source.smalltalk.gnu : ""
LINE: " --- Message Sends as Arguments --- "
  [0, 1] source.smalltalk.gnu comment.block.double-quoted.smalltalk punctuation.definition.comment.begin.smalltalk : """
  [1, 37] source.smalltalk.gnu comment.block.double-quoted.smalltalk : " --- Message Sends as Arguments --- "
  [37, 38] source.smalltalk.gnu comment.block.double-quoted.smalltalk punctuation.definition.comment.end.smalltalk : """
LINE: Transcript show: (Date today monthName).
  [0, 10] source.smalltalk.gnu entity.name.type.class.smalltalk : "Transcript"
  [10, 11] source.smalltalk.gnu keyword.operator.binary.smalltalk : " "
  [11, 16] source.smalltalk.gnu entity.name.function.keyword.smalltalk : "show:"
  [16, 17] source.smalltalk.gnu keyword.operator.binary.smalltalk : " "
  [17, 18] source.smalltalk.gnu meta.expression.parenthesized.smalltalk punctuation.section.group.begin.smalltalk : "("
  [18, 22] source.smalltalk.gnu meta.expression.parenthesized.smalltalk entity.name.type.class.smalltalk : "Date"
  [22, 23] source.smalltalk.gnu meta.expression.parenthesized.smalltalk keyword.operator.binary.smalltalk : " "
  [23, 28] source.smalltalk.gnu meta.expression.parenthesized.smalltalk variable.other.smalltalk : "today"
  [28, 29] source.smalltalk.gnu meta.expression.parenthesized.smalltalk keyword.operator.binary.smalltalk : " "
  [29, 38] source.smalltalk.gnu meta.expression.parenthesized.smalltalk variable.other.smalltalk : "monthName"
  [38, 39] source.smalltalk.gnu meta.expression.parenthesized.smalltalk punctuation.section.group.end.smalltalk : ")"
  [39, 40] source.smalltalk.gnu punctuation.terminator.statement.smalltalk : "."
LINE: " anotherObject process: (someObject calculateValue: 5). " " Placeholder for a runnable example "
  [0, 1] source.smalltalk.gnu comment.block.double-quoted.smalltalk punctuation.definition.comment.begin.smalltalk : """
  [1, 57] source.smalltalk.gnu comment.block.double-quoted.smalltalk : " anotherObject process: (someObject calculateValue: 5). "
  [57, 58] source.smalltalk.gnu comment.block.double-quoted.smalltalk punctuation.definition.comment.end.smalltalk : """
  [58, 59] source.smalltalk.gnu keyword.operator.binary.smalltalk : " "
  [59, 60] source.smalltalk.gnu comment.block.double-quoted.smalltalk punctuation.definition.comment.begin.smalltalk : """
  [60, 96] source.smalltalk.gnu comment.block.double-quoted.smalltalk : " Placeholder for a runnable example "
  [96, 97] source.smalltalk.gnu comment.block.double-quoted.smalltalk punctuation.definition.comment.end.smalltalk : """
LINE: 
  [0, 1] source.smalltalk.gnu : ""
LINE: 
  [0, 1] source.smalltalk.gnu : ""
LINE: " --- Chained Messages --- "
  [0, 1] source.smalltalk.gnu comment.block.double-quoted.smalltalk punctuation.definition.comment.begin.smalltalk : """
  [1, 27] source.smalltalk.gnu comment.block.double-quoted.smalltalk : " --- Chained Messages --- "
  [27, 28] source.smalltalk.gnu comment.block.double-quoted.smalltalk punctuation.definition.comment.end.smalltalk : """
LINE: " Chained unary messages "
  [0, 1] source.smalltalk.gnu comment.block.double-quoted.smalltalk punctuation.definition.comment.begin.smalltalk : """
  [1, 25] source.smalltalk.gnu comment.block.double-quoted.smalltalk : " Chained unary messages "
  [25, 26] source.smalltalk.gnu comment.block.double-quoted.smalltalk punctuation.definition.comment.end.smalltalk : """
LINE: Date today dayOfWeek name printNl.
  [0, 4] source.smalltalk.gnu entity.name.type.class.smalltalk : "Date"
  [4, 5] source.smalltalk.gnu keyword.operator.binary.smalltalk : " "
  [5, 10] source.smalltalk.gnu variable.other.smalltalk : "today"
  [10, 11] source.smalltalk.gnu keyword.operator.binary.smalltalk : " "
  [11, 20] source.smalltalk.gnu variable.other.smalltalk : "dayOfWeek"
  [20, 21] source.smalltalk.gnu keyword.operator.binary.smalltalk : " "
  [21, 25] source.smalltalk.gnu variable.other.smalltalk : "name"
  [25, 26] source.smalltalk.gnu keyword.operator.binary.smalltalk : " "
  [26, 33] source.smalltalk.gnu variable.other.smalltalk : "printNl"
  [33, 34] source.smalltalk.gnu punctuation.terminator.statement.smalltalk : "."
LINE: 
  [0, 1] source.smalltalk.gnu : ""
LINE: " Chained keyword and unary messages "
  [0, 1] source.smalltalk.gnu comment.block.double-quoted.smalltalk punctuation.definition.comment.begin.smalltalk : """
  [1, 37] source.smalltalk.gnu comment.block.double-quoted.smalltalk : " Chained keyword and unary messages "
  [37, 38] source.smalltalk.gnu comment.block.double-quoted.smalltalk punctuation.definition.comment.end.smalltalk : """
LINE: ((Array new: 5) at: 1 put: 'test') size printNl.
  [0, 1] source.smalltalk.gnu meta.expression.parenthesized.smalltalk punctuation.section.group.begin.smalltalk : "("
  [1, 2] source.smalltalk.gnu meta.expression.parenthesized.smalltalk meta.expression.parenthesized.smalltalk punctuation.section.group.begin.smalltalk : "("
  [2, 7] source.smalltalk.gnu meta.expression.parenthesized.smalltalk meta.expression.parenthesized.smalltalk entity.name.type.class.smalltalk : "Array"
  [7, 8] source.smalltalk.gnu meta.expression.parenthesized.smalltalk meta.expression.parenthesized.smalltalk keyword.operator.binary.smalltalk : " "
  [8, 12] source.smalltalk.gnu meta.expression.parenthesized.smalltalk meta.expression.parenthesized.smalltalk entity.name.function.keyword.smalltalk : "new:"
  [12, 13] source.smalltalk.gnu meta.expression.parenthesized.smalltalk meta.expression.parenthesized.smalltalk keyword.operator.binary.smalltalk : " "
  [13, 14] source.smalltalk.gnu meta.expression.parenthesized.smalltalk meta.expression.parenthesized.smalltalk constant.numeric.integer.smalltalk : "5"
  [14, 15] source.smalltalk.gnu meta.expression.parenthesized.smalltalk meta.expression.parenthesized.smalltalk punctuation.section.group.end.smalltalk : ")"
  [15, 16] source.smalltalk.gnu meta.expression.parenthesized.smalltalk keyword.operator.binary.smalltalk : " "
  [16, 19] source.smalltalk.gnu meta.expression.parenthesized.smalltalk entity.name.function.keyword.smalltalk : "at:"
  [19, 20] source.smalltalk.gnu meta.expression.parenthesized.smalltalk keyword.operator.binary.smalltalk : " "
  [20, 21] source.smalltalk.gnu meta.expression.parenthesized.smalltalk constant.numeric.integer.smalltalk : "1"
  [21, 22] source.smalltalk.gnu meta.expression.parenthesized.smalltalk keyword.operator.binary.smalltalk : " "
  [22, 26] source.smalltalk.gnu meta.expression.parenthesized.smalltalk entity.name.function.keyword.smalltalk : "put:"
  [26, 27] source.smalltalk.gnu meta.expression.parenthesized.smalltalk keyword.operator.binary.smalltalk : " "
  [27, 28] source.smalltalk.gnu meta.expression.parenthesized.smalltalk string.quoted.single.smalltalk punctuation.definition.string.begin.smalltalk : "'"
  [28, 32] source.smalltalk.gnu meta.expression.parenthesized.smalltalk string.quoted.single.smalltalk : "test"
  [32, 33] source.smalltalk.gnu meta.expression.parenthesized.smalltalk string.quoted.single.smalltalk punctuation.definition.string.end.smalltalk : "'"
  [33, 34] source.smalltalk.gnu meta.expression.parenthesized.smalltalk punctuation.section.group.end.smalltalk : ")"
  [34, 35] source.smalltalk.gnu keyword.operator.binary.smalltalk : " "
  [35, 39] source.smalltalk.gnu variable.other.smalltalk : "size"
  [39, 40] source.smalltalk.gnu keyword.operator.binary.smalltalk : " "
  [40, 47] source.smalltalk.gnu variable.other.smalltalk : "printNl"
  [47, 48] source.smalltalk.gnu punctuation.terminator.statement.smalltalk : "."
LINE: 
  [0, 1] source.smalltalk.gnu : ""
LINE: 
  [0, 1] source.smalltalk.gnu : ""
LINE: " --- Complex Nested Message Sends --- "
  [0, 1] source.smalltalk.gnu comment.block.double-quoted.smalltalk punctuation.definition.comment.begin.smalltalk : """
  [1, 39] source.smalltalk.gnu comment.block.double-quoted.smalltalk : " --- Complex Nested Message Sends --- "
  [39, 40] source.smalltalk.gnu comment.block.double-quoted.smalltalk punctuation.definition.comment.end.smalltalk : """
LINE: " ((MyClass new) perform: #aMethod with: arg1) ifTrue: [ Transcript show: 'Done' ]. " " Placeholder "
  [0, 1] source.smalltalk.gnu comment.block.double-quoted.smalltalk punctuation.definition.comment.begin.smalltalk : """
  [1, 84] source.smalltalk.gnu comment.block.double-quoted.smalltalk : " ((MyClass new) perform: #aMethod with: arg1) ifTrue: [ Transcript show: 'Done' ]. "
  [84, 85] source.smalltalk.gnu comment.block.double-quoted.smalltalk punctuation.definition.comment.end.smalltalk : """
  [85, 86] source.smalltalk.gnu keyword.operator.binary.smalltalk : " "
  [86, 87] source.smalltalk.gnu comment.block.double-quoted.smalltalk punctuation.definition.comment.begin.smalltalk : """
  [87, 100] source.smalltalk.gnu comment.block.double-quoted.smalltalk : " Placeholder "
  [100, 101] source.smalltalk.gnu comment.block.double-quoted.smalltalk punctuation.definition.comment.end.smalltalk : """
LINE: 
  [0, 1] source.smalltalk.gnu : ""
LINE: 
  [0, 1] source.smalltalk.gnu : ""
LINE: " --- Messages to Literals --- "
  [0, 1] source.smalltalk.gnu comment.block.double-quoted.smalltalk punctuation.definition.comment.begin.smalltalk : """
  [1, 31] source.smalltalk.gnu comment.block.double-quoted.smalltalk : " --- Messages to Literals --- "
  [31, 32] source.smalltalk.gnu comment.block.double-quoted.smalltalk punctuation.definition.comment.end.smalltalk : """
LINE: " Message to a literal array "
  [0, 1] source.smalltalk.gnu comment.block.double-quoted.smalltalk punctuation.definition.comment.begin.smalltalk : """
  [1, 29] source.smalltalk.gnu comment.block.double-quoted.smalltalk : " Message to a literal array "
  [29, 30] source.smalltalk.gnu comment.block.double-quoted.smalltalk punctuation.definition.comment.end.smalltalk : """
LINE: (#(10 20 30) at: 1) printNl.
  [0, 1] source.smalltalk.gnu meta.expression.parenthesized.smalltalk punctuation.section.group.begin.smalltalk : "("
  [1, 3] source.smalltalk.gnu meta.expression.parenthesized.smalltalk meta.array.literal.smalltalk punctuation.definition.array.begin.smalltalk : "#("
  [3, 5] source.smalltalk.gnu meta.expression.parenthesized.smalltalk meta.array.literal.smalltalk constant.numeric.integer.smalltalk : "10"
  [5, 6] source.smalltalk.gnu meta.expression.parenthesized.smalltalk meta.array.literal.smalltalk : " "
  [6, 8] source.smalltalk.gnu meta.expression.parenthesized.smalltalk meta.array.literal.smalltalk constant.numeric.integer.smalltalk : "20"
  [8, 9] source.smalltalk.gnu meta.expression.parenthesized.smalltalk meta.array.literal.smalltalk : " "
  [9, 11] source.smalltalk.gnu meta.expression.parenthesized.smalltalk meta.array.literal.smalltalk constant.numeric.integer.smalltalk : "30"
  [11, 12] source.smalltalk.gnu meta.expression.parenthesized.smalltalk meta.array.literal.smalltalk punctuation.definition.array.end.smalltalk : ")"
  [12, 13] source.smalltalk.gnu meta.expression.parenthesized.smalltalk keyword.operator.binary.smalltalk : " "
  [13, 16] source.smalltalk.gnu meta.expression.parenthesized.smalltalk entity.name.function.keyword.smalltalk : "at:"
  [16, 17] source.smalltalk.gnu meta.expression.parenthesized.smalltalk keyword.operator.binary.smalltalk : " "
  [17, 18] source.smalltalk.gnu meta.expression.parenthesized.smalltalk constant.numeric.integer.smalltalk : "1"
  [18, 19] source.smalltalk.gnu meta.expression.parenthesized.smalltalk punctuation.section.group.end.smalltalk : ")"
  [19, 20] source.smalltalk.gnu keyword.operator.binary.smalltalk : " "
  [20, 27] source.smalltalk.gnu variable.other.smalltalk : "printNl"
  [27, 28] source.smalltalk.gnu punctuation.terminator.statement.smalltalk : "."
LINE: 
  [0, 1] source.smalltalk.gnu : ""
LINE: " Message to a literal string "
  [0, 1] source.smalltalk.gnu comment.block.double-quoted.smalltalk punctuation.definition.comment.begin.smalltalk : """
  [1, 30] source.smalltalk.gnu comment.block.double-quoted.smalltalk : " Message to a literal string "
  [30, 31] source.smalltalk.gnu comment.block.double-quoted.smalltalk punctuation.definition.comment.end.smalltalk : """
LINE: ('hello' size) printNl.
  [0, 1] source.smalltalk.gnu meta.expression.parenthesized.smalltalk punctuation.section.group.begin.smalltalk : "("
  [1, 2] source.smalltalk.gnu meta.expression.parenthesized.smalltalk string.quoted.single.smalltalk punctuation.definition.string.begin.smalltalk : "'"
  [2, 7] source.smalltalk.gnu meta.expression.parenthesized.smalltalk string.quoted.single.smalltalk : "hello"
  [7, 8] source.smalltalk.gnu meta.expression.parenthesized.smalltalk string.quoted.single.smalltalk punctuation.definition.string.end.smalltalk : "'"
  [8, 9] source.smalltalk.gnu meta.expression.parenthesized.smalltalk keyword.operator.binary.smalltalk : " "
  [9, 13] source.smalltalk.gnu meta.expression.parenthesized.smalltalk variable.other.smalltalk : "size"
  [13, 14] source.smalltalk.gnu meta.expression.parenthesized.smalltalk punctuation.section.group.end.smalltalk : ")"
  [14, 15] source.smalltalk.gnu keyword.operator.binary.smalltalk : " "
  [15, 22] source.smalltalk.gnu variable.other.smalltalk : "printNl"
  [22, 23] source.smalltalk.gnu punctuation.terminator.statement.smalltalk : "."
LINE: 
  [0, 1] source.smalltalk.gnu : ""
LINE: " Message to a block result (also shown under unary) "
  [0, 1] source.smalltalk.gnu comment.block.double-quoted.smalltalk punctuation.definition.comment.begin.smalltalk : """
  [1, 53] source.smalltalk.gnu comment.block.double-quoted.smalltalk : " Message to a block result (also shown under unary) "
  [53, 54] source.smalltalk.gnu comment.block.double-quoted.smalltalk punctuation.definition.comment.end.smalltalk : """
LINE: ([ 2 * 3 ] value) printNl.
  [0, 1] source.smalltalk.gnu meta.expression.parenthesized.smalltalk punctuation.section.group.begin.smalltalk : "("
  [1, 2] source.smalltalk.gnu meta.expression.parenthesized.smalltalk meta.block.literal.smalltalk punctuation.definition.block.begin.smalltalk : "["
  [2, 3] source.smalltalk.gnu meta.expression.parenthesized.smalltalk meta.block.literal.smalltalk keyword.operator.binary.smalltalk : " "
  [3, 4] source.smalltalk.gnu meta.expression.parenthesized.smalltalk meta.block.literal.smalltalk constant.numeric.integer.smalltalk : "2"
  [4, 7] source.smalltalk.gnu meta.expression.parenthesized.smalltalk meta.block.literal.smalltalk keyword.operator.binary.smalltalk : " * "
  [7, 8] source.smalltalk.gnu meta.expression.parenthesized.smalltalk meta.block.literal.smalltalk constant.numeric.integer.smalltalk : "3"
  [8, 9] source.smalltalk.gnu meta.expression.parenthesized.smalltalk meta.block.literal.smalltalk keyword.operator.binary.smalltalk : " "
  [9, 10] source.smalltalk.gnu meta.expression.parenthesized.smalltalk meta.block.literal.smalltalk punctuation.definition.block.end.smalltalk : "]"
  [10, 11] source.smalltalk.gnu meta.expression.parenthesized.smalltalk keyword.operator.binary.smalltalk : " "
  [11, 16] source.smalltalk.gnu meta.expression.parenthesized.smalltalk variable.other.smalltalk : "value"
  [16, 17] source.smalltalk.gnu meta.expression.parenthesized.smalltalk punctuation.section.group.end.smalltalk : ")"
  [17, 18] source.smalltalk.gnu keyword.operator.binary.smalltalk : " "
  [18, 25] source.smalltalk.gnu variable.other.smalltalk : "printNl"
  [25, 26] source.smalltalk.gnu punctuation.terminator.statement.smalltalk : "."
LINE: 
  [0, 1] source.smalltalk.gnu : ""
LINE: 
  [0, 1] source.smalltalk.gnu : ""
LINE: " --- Distinction: Unary vs. Keyword part --- "
  [0, 1] source.smalltalk.gnu comment.block.double-quoted.smalltalk punctuation.definition.comment.begin.smalltalk : """
  [1, 46] source.smalltalk.gnu comment.block.double-quoted.smalltalk : " --- Distinction: Unary vs. Keyword part --- "
  [46, 47] source.smalltalk.gnu comment.block.double-quoted.smalltalk punctuation.definition.comment.end.smalltalk : """
LINE: " anObject size.             size is unary "
  [0, 1] source.smalltalk.gnu comment.block.double-quoted.smalltalk punctuation.definition.comment.begin.smalltalk : """
  [1, 43] source.smalltalk.gnu comment.block.double-quoted.smalltalk : " anObject size.             size is unary "
  [43, 44] source.smalltalk.gnu comment.block.double-quoted.smalltalk punctuation.definition.comment.end.smalltalk : """
LINE: " anObject at: 1 put: value. at: and put: are keywords, value is an identifier argument "
  [0, 1] source.smalltalk.gnu comment.block.double-quoted.smalltalk punctuation.definition.comment.begin.smalltalk : """
  [1, 88] source.smalltalk.gnu comment.block.double-quoted.smalltalk : " anObject at: 1 put: value. at: and put: are keywords, value is an identifier argument "
  [88, 89] source.smalltalk.gnu comment.block.double-quoted.smalltalk punctuation.definition.comment.end.smalltalk : """
LINE: 
  [0, 1] source.smalltalk.gnu : ""
LINE: 
  [0, 1] source.smalltalk.gnu : ""
LINE: " End of Message Sends Test "
  [0, 1] source.smalltalk.gnu comment.block.double-quoted.smalltalk punctuation.definition.comment.begin.smalltalk : """
  [1, 28] source.smalltalk.gnu comment.block.double-quoted.smalltalk : " End of Message Sends Test "
  [28, 29] source.smalltalk.gnu comment.block.double-quoted.smalltalk punctuation.definition.comment.end.smalltalk : """
LINE: !
  [0, 1] source.smalltalk.gnu keyword.operator.binary.smalltalk : "!"
LINE: 
  [0, 1] source.smalltalk.gnu : ""