LINE: "
  [0, 1] source.smalltalk.gnu comment.block.double-quoted.smalltalk punctuation.definition.comment.begin.smalltalk : """
LINE:     File: 07_core_assignments_cascades.st
  [0, 42] source.smalltalk.gnu comment.block.double-quoted.smalltalk : "    File: 07_core_assignments_cascades.st"
LINE:     Purpose: Test cases for assignments and cascades.
  [0, 54] source.smalltalk.gnu comment.block.double-quoted.smalltalk : "    Purpose: Test cases for assignments and cascades."
LINE: "
  [0, 1] source.smalltalk.gnu comment.block.double-quoted.smalltalk punctuation.definition.comment.end.smalltalk : """
LINE: 
  [0, 1] source.smalltalk.gnu : ""
LINE: | var1 var2 var3 anObject |
  [0, 2] source.smalltalk.gnu keyword.operator.binary.smalltalk : "| "
  [2, 6] source.smalltalk.gnu variable.other.smalltalk : "var1"
  [6, 7] source.smalltalk.gnu keyword.operator.binary.smalltalk : " "
  [7, 11] source.smalltalk.gnu variable.other.smalltalk : "var2"
  [11, 12] source.smalltalk.gnu keyword.operator.binary.smalltalk : " "
  [12, 16] source.smalltalk.gnu variable.other.smalltalk : "var3"
  [16, 17] source.smalltalk.gnu keyword.operator.binary.smalltalk : " "
  [17, 25] source.smalltalk.gnu variable.other.smalltalk : "anObject"
  [25, 27] source.smalltalk.gnu keyword.operator.binary.smalltalk : " |"
LINE: 
  [0, 1] source.smalltalk.gnu : ""
LINE: " --- Assignments (ASSIGNMENT token: := or _) --- "
  [0, 1] source.smalltalk.gnu comment.block.double-quoted.smalltalk punctuation.definition.comment.begin.smalltalk : """
  [1, 50] source.smalltalk.gnu comment.block.double-quoted.smalltalk : " --- Assignments (ASSIGNMENT token: := or _) --- "
  [50, 51] source.smalltalk.gnu comment.block.double-quoted.smalltalk punctuation.definition.comment.end.smalltalk : """
LINE: " Simple assignment with := "
  [0, 1] source.smalltalk.gnu comment.block.double-quoted.smalltalk punctuation.definition.comment.begin.smalltalk : """
  [1, 28] source.smalltalk.gnu comment.block.double-quoted.smalltalk : " Simple assignment with := "
  [28, 29] source.smalltalk.gnu comment.block.double-quoted.smalltalk punctuation.definition.comment.end.smalltalk : """
LINE: var1 := 10.
  [0, 4] source.smalltalk.gnu variable.other.smalltalk : "var1"
  [4, 5] source.smalltalk.gnu keyword.operator.binary.smalltalk : " "
  [5, 7] source.smalltalk.gnu keyword.operator.assignment.smalltalk : ":="
  [7, 8] source.smalltalk.gnu keyword.operator.binary.smalltalk : " "
  [8, 10] source.smalltalk.gnu constant.numeric.integer.smalltalk : "10"
  [10, 11] source.smalltalk.gnu punctuation.terminator.statement.smalltalk : "."
LINE: var1 printNl.
  [0, 4] source.smalltalk.gnu variable.other.smalltalk : "var1"
  [4, 5] source.smalltalk.gnu keyword.operator.binary.smalltalk : " "
  [5, 12] source.smalltalk.gnu variable.other.smalltalk : "printNl"
  [12, 13] source.smalltalk.gnu punctuation.terminator.statement.smalltalk : "."
LINE: 
  [0, 1] source.smalltalk.gnu : ""
LINE: " Simple assignment with _ (less common but valid GST syntax) "
  [0, 1] source.smalltalk.gnu comment.block.double-quoted.smalltalk punctuation.definition.comment.begin.smalltalk : """
  [1, 62] source.smalltalk.gnu comment.block.double-quoted.smalltalk : " Simple assignment with _ (less common but valid GST syntax) "
  [62, 63] source.smalltalk.gnu comment.block.double-quoted.smalltalk punctuation.definition.comment.end.smalltalk : """
LINE: var2 _ 20.
  [0, 4] source.smalltalk.gnu variable.other.smalltalk : "var2"
  [4, 5] source.smalltalk.gnu keyword.operator.binary.smalltalk : " "
  [5, 6] source.smalltalk.gnu keyword.operator.assignment.underscore.gst.smalltalk : "_"
  [6, 7] source.smalltalk.gnu keyword.operator.binary.smalltalk : " "
  [7, 9] source.smalltalk.gnu constant.numeric.integer.smalltalk : "20"
  [9, 10] source.smalltalk.gnu punctuation.terminator.statement.smalltalk : "."
LINE: var2 printNl.
  [0, 4] source.smalltalk.gnu variable.other.smalltalk : "var2"
  [4, 5] source.smalltalk.gnu keyword.operator.binary.smalltalk : " "
  [5, 12] source.smalltalk.gnu variable.other.smalltalk : "printNl"
  [12, 13] source.smalltalk.gnu punctuation.terminator.statement.smalltalk : "."
LINE: 
  [0, 1] source.smalltalk.gnu : ""
LINE: " Assignment with result of a message send "
  [0, 1] source.smalltalk.gnu comment.block.double-quoted.smalltalk punctuation.definition.comment.begin.smalltalk : """
  [1, 43] source.smalltalk.gnu comment.block.double-quoted.smalltalk : " Assignment with result of a message send "
  [43, 44] source.smalltalk.gnu comment.block.double-quoted.smalltalk punctuation.definition.comment.end.smalltalk : """
LINE: var3 := 'hello' reversed.
  [0, 4] source.smalltalk.gnu variable.other.smalltalk : "var3"
  [4, 5] source.smalltalk.gnu keyword.operator.binary.smalltalk : " "
  [5, 7] source.smalltalk.gnu keyword.operator.assignment.smalltalk : ":="
  [7, 8] source.smalltalk.gnu keyword.operator.binary.smalltalk : " "
  [8, 9] source.smalltalk.gnu string.quoted.single.smalltalk punctuation.definition.string.begin.smalltalk : "'"
  [9, 14] source.smalltalk.gnu string.quoted.single.smalltalk : "hello"
  [14, 15] source.smalltalk.gnu string.quoted.single.smalltalk punctuation.definition.string.end.smalltalk : "'"
  [15, 16] source.smalltalk.gnu keyword.operator.binary.smalltalk : " "
  [16, 24] source.smalltalk.gnu variable.other.smalltalk : "reversed"
  [24, 25] source.smalltalk.gnu punctuation.terminator.statement.smalltalk : "."
LINE: var3 printNl.
  [0, 4] source.smalltalk.gnu variable.other.smalltalk : "var3"
  [4, 5] source.smalltalk.gnu keyword.operator.binary.smalltalk : " "
  [5, 12] source.smalltalk.gnu variable.other.smalltalk : "printNl"
  [12, 13] source.smalltalk.gnu punctuation.terminator.statement.smalltalk : "."
LINE: 
  [0, 1] source.smalltalk.gnu : ""
LINE: " Chained assignments (evaluate right to left, value of assignment is the assigned value) "
  [0, 1] source.smalltalk.gnu comment.block.double-quoted.smalltalk punctuation.definition.comment.begin.smalltalk : """
  [1, 90] source.smalltalk.gnu comment.block.double-quoted.smalltalk : " Chained assignments (evaluate right to left, value of assignment is the assigned value) "
  [90, 91] source.smalltalk.gnu comment.block.double-quoted.smalltalk punctuation.definition.comment.end.smalltalk : """
LINE: var1 := var2 := var3 := 100.
  [0, 4] source.smalltalk.gnu variable.other.smalltalk : "var1"
  [4, 5] source.smalltalk.gnu keyword.operator.binary.smalltalk : " "
  [5, 7] source.smalltalk.gnu keyword.operator.assignment.smalltalk : ":="
  [7, 8] source.smalltalk.gnu keyword.operator.binary.smalltalk : " "
  [8, 12] source.smalltalk.gnu variable.other.smalltalk : "var2"
  [12, 13] source.smalltalk.gnu keyword.operator.binary.smalltalk : " "
  [13, 15] source.smalltalk.gnu keyword.operator.assignment.smalltalk : ":="
  [15, 16] source.smalltalk.gnu keyword.operator.binary.smalltalk : " "
  [16, 20] source.smalltalk.gnu variable.other.smalltalk : "var3"
  [20, 21] source.smalltalk.gnu keyword.operator.binary.smalltalk : " "
  [21, 23] source.smalltalk.gnu keyword.operator.assignment.smalltalk : ":="
  [23, 24] source.smalltalk.gnu keyword.operator.binary.smalltalk : " "
  [24, 27] source.smalltalk.gnu constant.numeric.integer.smalltalk : "100"
  [27, 28] source.smalltalk.gnu punctuation.terminator.statement.smalltalk : "."
LINE: var1 printNl.
  [0, 4] source.smalltalk.gnu variable.other.smalltalk : "var1"
  [4, 5] source.smalltalk.gnu keyword.operator.binary.smalltalk : " "
  [5, 12] source.smalltalk.gnu variable.other.smalltalk : "printNl"
  [12, 13] source.smalltalk.gnu punctuation.terminator.statement.smalltalk : "."
LINE: var2 printNl.
  [0, 4] source.smalltalk.gnu variable.other.smalltalk : "var2"
  [4, 5] source.smalltalk.gnu keyword.operator.binary.smalltalk : " "
  [5, 12] source.smalltalk.gnu variable.other.smalltalk : "printNl"
  [12, 13] source.smalltalk.gnu punctuation.terminator.statement.smalltalk : "."
LINE: var3 printNl.
  [0, 4] source.smalltalk.gnu variable.other.smalltalk : "var3"
  [4, 5] source.smalltalk.gnu keyword.operator.binary.smalltalk : " "
  [5, 12] source.smalltalk.gnu variable.other.smalltalk : "printNl"
  [12, 13] source.smalltalk.gnu punctuation.terminator.statement.smalltalk : "."
LINE: 
  [0, 1] source.smalltalk.gnu : ""
LINE: var1 _ var2 _ var3 _ 200.
  [0, 4] source.smalltalk.gnu variable.other.smalltalk : "var1"
  [4, 5] source.smalltalk.gnu keyword.operator.binary.smalltalk : " "
  [5, 6] source.smalltalk.gnu keyword.operator.assignment.underscore.gst.smalltalk : "_"
  [6, 7] source.smalltalk.gnu keyword.operator.binary.smalltalk : " "
  [7, 11] source.smalltalk.gnu variable.other.smalltalk : "var2"
  [11, 12] source.smalltalk.gnu keyword.operator.binary.smalltalk : " "
  [12, 13] source.smalltalk.gnu keyword.operator.assignment.underscore.gst.smalltalk : "_"
  [13, 14] source.smalltalk.gnu keyword.operator.binary.smalltalk : " "
  [14, 18] source.smalltalk.gnu variable.other.smalltalk : "var3"
  [18, 19] source.smalltalk.gnu keyword.operator.binary.smalltalk : " "
  [19, 20] source.smalltalk.gnu keyword.operator.assignment.underscore.gst.smalltalk : "_"
  [20, 21] source.smalltalk.gnu keyword.operator.binary.smalltalk : " "
  [21, 24] source.smalltalk.gnu constant.numeric.integer.smalltalk : "200"
  [24, 25] source.smalltalk.gnu punctuation.terminator.statement.smalltalk : "."
LINE: var1 printNl.
  [0, 4] source.smalltalk.gnu variable.other.smalltalk : "var1"
  [4, 5] source.smalltalk.gnu keyword.operator.binary.smalltalk : " "
  [5, 12] source.smalltalk.gnu variable.other.smalltalk : "printNl"
  [12, 13] source.smalltalk.gnu punctuation.terminator.statement.smalltalk : "."
LINE: var2 printNl.
  [0, 4] source.smalltalk.gnu variable.other.smalltalk : "var2"
  [4, 5] source.smalltalk.gnu keyword.operator.binary.smalltalk : " "
  [5, 12] source.smalltalk.gnu variable.other.smalltalk : "printNl"
  [12, 13] source.smalltalk.gnu punctuation.terminator.statement.smalltalk : "."
LINE: var3 printNl.
  [0, 4] source.smalltalk.gnu variable.other.smalltalk : "var3"
  [4, 5] source.smalltalk.gnu keyword.operator.binary.smalltalk : " "
  [5, 12] source.smalltalk.gnu variable.other.smalltalk : "printNl"
  [12, 13] source.smalltalk.gnu punctuation.terminator.statement.smalltalk : "."
LINE: 
  [0, 1] source.smalltalk.gnu : ""
LINE: " Mixed assignment operators in chain (behavior might be parser dependent, := is preferred) "
  [0, 1] source.smalltalk.gnu comment.block.double-quoted.smalltalk punctuation.definition.comment.begin.smalltalk : """
  [1, 92] source.smalltalk.gnu comment.block.double-quoted.smalltalk : " Mixed assignment operators in chain (behavior might be parser dependent, := is preferred) "
  [92, 93] source.smalltalk.gnu comment.block.double-quoted.smalltalk punctuation.definition.comment.end.smalltalk : """
LINE: " var1 := var2 _ 300. " " This might be tricky or non-standard "
  [0, 1] source.smalltalk.gnu comment.block.double-quoted.smalltalk punctuation.definition.comment.begin.smalltalk : """
  [1, 22] source.smalltalk.gnu comment.block.double-quoted.smalltalk : " var1 := var2 _ 300. "
  [22, 23] source.smalltalk.gnu comment.block.double-quoted.smalltalk punctuation.definition.comment.end.smalltalk : """
  [23, 24] source.smalltalk.gnu keyword.operator.binary.smalltalk : " "
  [24, 25] source.smalltalk.gnu comment.block.double-quoted.smalltalk punctuation.definition.comment.begin.smalltalk : """
  [25, 63] source.smalltalk.gnu comment.block.double-quoted.smalltalk : " This might be tricky or non-standard "
  [63, 64] source.smalltalk.gnu comment.block.double-quoted.smalltalk punctuation.definition.comment.end.smalltalk : """
LINE: 
  [0, 1] source.smalltalk.gnu : ""
LINE: 
  [0, 1] source.smalltalk.gnu : ""
LINE: " --- Cascades (;) --- "
  [0, 1] source.smalltalk.gnu comment.block.double-quoted.smalltalk punctuation.definition.comment.begin.smalltalk : """
  [1, 23] source.smalltalk.gnu comment.block.double-quoted.smalltalk : " --- Cascades (;) --- "
  [23, 24] source.smalltalk.gnu comment.block.double-quoted.smalltalk punctuation.definition.comment.end.smalltalk : """
LINE: anObject := OrderedCollection new.
  [0, 8] source.smalltalk.gnu variable.other.smalltalk : "anObject"
  [8, 9] source.smalltalk.gnu keyword.operator.binary.smalltalk : " "
  [9, 11] source.smalltalk.gnu keyword.operator.assignment.smalltalk : ":="
  [11, 12] source.smalltalk.gnu keyword.operator.binary.smalltalk : " "
  [12, 29] source.smalltalk.gnu entity.name.type.class.smalltalk : "OrderedCollection"
  [29, 30] source.smalltalk.gnu keyword.operator.binary.smalltalk : " "
  [30, 33] source.smalltalk.gnu variable.other.smalltalk : "new"
  [33, 34] source.smalltalk.gnu punctuation.terminator.statement.smalltalk : "."
LINE: 
  [0, 1] source.smalltalk.gnu : ""
LINE: " Simple cascade "
  [0, 1] source.smalltalk.gnu comment.block.double-quoted.smalltalk punctuation.definition.comment.begin.smalltalk : """
  [1, 17] source.smalltalk.gnu comment.block.double-quoted.smalltalk : " Simple cascade "
  [17, 18] source.smalltalk.gnu comment.block.double-quoted.smalltalk punctuation.definition.comment.end.smalltalk : """
LINE: anObject
  [0, 8] source.smalltalk.gnu variable.other.smalltalk : "anObject"
LINE:     add: 1;
  [0, 4] source.smalltalk.gnu keyword.operator.binary.smalltalk : "    "
  [4, 8] source.smalltalk.gnu entity.name.function.keyword.smalltalk : "add:"
  [8, 9] source.smalltalk.gnu keyword.operator.binary.smalltalk : " "
  [9, 10] source.smalltalk.gnu constant.numeric.integer.smalltalk : "1"
  [10, 11] source.smalltalk.gnu punctuation.separator.cascade.smalltalk : ";"
LINE:     add: 2;
  [0, 4] source.smalltalk.gnu keyword.operator.binary.smalltalk : "    "
  [4, 8] source.smalltalk.gnu entity.name.function.keyword.smalltalk : "add:"
  [8, 9] source.smalltalk.gnu keyword.operator.binary.smalltalk : " "
  [9, 10] source.smalltalk.gnu constant.numeric.integer.smalltalk : "2"
  [10, 11] source.smalltalk.gnu punctuation.separator.cascade.smalltalk : ";"
LINE:     add: 3.
  [0, 4] source.smalltalk.gnu keyword.operator.binary.smalltalk : "    "
  [4, 8] source.smalltalk.gnu entity.name.function.keyword.smalltalk : "add:"
  [8, 9] source.smalltalk.gnu keyword.operator.binary.smalltalk : " "
  [9, 10] source.smalltalk.gnu constant.numeric.integer.smalltalk : "3"
  [10, 11] source.smalltalk.gnu punctuation.terminator.statement.smalltalk : "."
LINE: anObject printNl.
  [0, 8] source.smalltalk.gnu variable.other.smalltalk : "anObject"
  [8, 9] source.smalltalk.gnu keyword.operator.binary.smalltalk : " "
  [9, 16] source.smalltalk.gnu variable.other.smalltalk : "printNl"
  [16, 17] source.smalltalk.gnu punctuation.terminator.statement.smalltalk : "."
LINE: 
  [0, 1] source.smalltalk.gnu : ""
LINE: " Cascade with different message types "
  [0, 1] source.smalltalk.gnu comment.block.double-quoted.smalltalk punctuation.definition.comment.begin.smalltalk : """
  [1, 39] source.smalltalk.gnu comment.block.double-quoted.smalltalk : " Cascade with different message types "
  [39, 40] source.smalltalk.gnu comment.block.double-quoted.smalltalk punctuation.definition.comment.end.smalltalk : """
LINE: anObject
  [0, 8] source.smalltalk.gnu variable.other.smalltalk : "anObject"
LINE:     addLast: 4;      " Keyword "
  [0, 4] source.smalltalk.gnu keyword.operator.binary.smalltalk : "    "
  [4, 12] source.smalltalk.gnu entity.name.function.keyword.smalltalk : "addLast:"
  [12, 13] source.smalltalk.gnu keyword.operator.binary.smalltalk : " "
  [13, 14] source.smalltalk.gnu constant.numeric.integer.smalltalk : "4"
  [14, 15] source.smalltalk.gnu punctuation.separator.cascade.smalltalk : ";"
  [15, 21] source.smalltalk.gnu keyword.operator.binary.smalltalk : "      "
  [21, 22] source.smalltalk.gnu comment.block.double-quoted.smalltalk punctuation.definition.comment.begin.smalltalk : """
  [22, 31] source.smalltalk.gnu comment.block.double-quoted.smalltalk : " Keyword "
  [31, 32] source.smalltalk.gnu comment.block.double-quoted.smalltalk punctuation.definition.comment.end.smalltalk : """
LINE:     reverse;         " Unary "
  [0, 4] source.smalltalk.gnu keyword.operator.binary.smalltalk : "    "
  [4, 11] source.smalltalk.gnu variable.other.smalltalk : "reverse"
  [11, 12] source.smalltalk.gnu punctuation.separator.cascade.smalltalk : ";"
  [12, 21] source.smalltalk.gnu keyword.operator.binary.smalltalk : "         "
  [21, 22] source.smalltalk.gnu comment.block.double-quoted.smalltalk punctuation.definition.comment.begin.smalltalk : """
  [22, 29] source.smalltalk.gnu comment.block.double-quoted.smalltalk : " Unary "
  [29, 30] source.smalltalk.gnu comment.block.double-quoted.smalltalk punctuation.definition.comment.end.smalltalk : """
LINE:     addAll: #(5 6);  " Keyword "
  [0, 4] source.smalltalk.gnu keyword.operator.binary.smalltalk : "    "
  [4, 11] source.smalltalk.gnu entity.name.function.keyword.smalltalk : "addAll:"
  [11, 12] source.smalltalk.gnu keyword.operator.binary.smalltalk : " "
  [12, 14] source.smalltalk.gnu meta.array.literal.smalltalk punctuation.definition.array.begin.smalltalk : "#("
  [14, 15] source.smalltalk.gnu meta.array.literal.smalltalk constant.numeric.integer.smalltalk : "5"
  [15, 16] source.smalltalk.gnu meta.array.literal.smalltalk : " "
  [16, 17] source.smalltalk.gnu meta.array.literal.smalltalk constant.numeric.integer.smalltalk : "6"
  [17, 18] source.smalltalk.gnu meta.array.literal.smalltalk punctuation.definition.array.end.smalltalk : ")"
  [18, 19] source.smalltalk.gnu punctuation.separator.cascade.smalltalk : ";"
  [19, 21] source.smalltalk.gnu keyword.operator.binary.smalltalk : "  "
  [21, 22] source.smalltalk.gnu comment.block.double-quoted.smalltalk punctuation.definition.comment.begin.smalltalk : """
  [22, 31] source.smalltalk.gnu comment.block.double-quoted.smalltalk : " Keyword "
  [31, 32] source.smalltalk.gnu comment.block.double-quoted.smalltalk punctuation.definition.comment.end.smalltalk : """
LINE:     yourself.       " Unary, often used at the end of cascades to return the receiver "
  [0, 4] source.smalltalk.gnu keyword.operator.binary.smalltalk : "    "
  [4, 12] source.smalltalk.gnu variable.other.smalltalk : "yourself"
  [12, 13] source.smalltalk.gnu punctuation.terminator.statement.smalltalk : "."
  [13, 20] source.smalltalk.gnu keyword.operator.binary.smalltalk : "       "
  [20, 21] source.smalltalk.gnu comment.block.double-quoted.smalltalk punctuation.definition.comment.begin.smalltalk : """
  [21, 86] source.smalltalk.gnu comment.block.double-quoted.smalltalk : " Unary, often used at the end of cascades to return the receiver "
  [86, 87] source.smalltalk.gnu comment.block.double-quoted.smalltalk punctuation.definition.comment.end.smalltalk : """
LINE: anObject printNl.
  [0, 8] source.smalltalk.gnu variable.other.smalltalk : "anObject"
  [8, 9] source.smalltalk.gnu keyword.operator.binary.smalltalk : " "
  [9, 16] source.smalltalk.gnu variable.other.smalltalk : "printNl"
  [16, 17] source.smalltalk.gnu punctuation.terminator.statement.smalltalk : "."
LINE: 
  [0, 1] source.smalltalk.gnu : ""
LINE: " Cascade on a literal (less common but possible if the literal's class supports the messages) "
  [0, 1] source.smalltalk.gnu comment.block.double-quoted.smalltalk punctuation.definition.comment.begin.smalltalk : """
  [1, 95] source.smalltalk.gnu comment.block.double-quoted.smalltalk : " Cascade on a literal (less common but possible if the literal's class supports the messages) "
  [95, 96] source.smalltalk.gnu comment.block.double-quoted.smalltalk punctuation.definition.comment.end.smalltalk : """
LINE: " (Array new)
  [0, 1] source.smalltalk.gnu comment.block.double-quoted.smalltalk punctuation.definition.comment.begin.smalltalk : """
  [1, 14] source.smalltalk.gnu comment.block.double-quoted.smalltalk : " (Array new)"
LINE:     add: 'a';
  [0, 14] source.smalltalk.gnu comment.block.double-quoted.smalltalk : "    add: 'a';"
LINE:     add: 'b';
  [0, 14] source.smalltalk.gnu comment.block.double-quoted.smalltalk : "    add: 'b';"
LINE:     yourself printNl. " " This is more typical: cascade on (Array new) "
  [0, 22] source.smalltalk.gnu comment.block.double-quoted.smalltalk : "    yourself printNl. "
  [22, 23] source.smalltalk.gnu comment.block.double-quoted.smalltalk punctuation.definition.comment.end.smalltalk : """
  [23, 24] source.smalltalk.gnu keyword.operator.binary.smalltalk : " "
  [24, 25] source.smalltalk.gnu comment.block.double-quoted.smalltalk punctuation.definition.comment.begin.smalltalk : """
  [25, 71] source.smalltalk.gnu comment.block.double-quoted.smalltalk : " This is more typical: cascade on (Array new) "
  [71, 72] source.smalltalk.gnu comment.block.double-quoted.smalltalk punctuation.definition.comment.end.smalltalk : """
LINE: 
  [0, 1] source.smalltalk.gnu : ""
LINE: " Multiple cascades on the same line (less readable but valid) "
  [0, 1] source.smalltalk.gnu comment.block.double-quoted.smalltalk punctuation.definition.comment.begin.smalltalk : """
  [1, 63] source.smalltalk.gnu comment.block.double-quoted.smalltalk : " Multiple cascades on the same line (less readable but valid) "
  [63, 64] source.smalltalk.gnu comment.block.double-quoted.smalltalk punctuation.definition.comment.end.smalltalk : """
LINE: anObject removeFirst; removeLast.
  [0, 8] source.smalltalk.gnu variable.other.smalltalk : "anObject"
  [8, 9] source.smalltalk.gnu keyword.operator.binary.smalltalk : " "
  [9, 20] source.smalltalk.gnu variable.other.smalltalk : "removeFirst"
  [20, 21] source.smalltalk.gnu punctuation.separator.cascade.smalltalk : ";"
  [21, 22] source.smalltalk.gnu keyword.operator.binary.smalltalk : " "
  [22, 32] source.smalltalk.gnu variable.other.smalltalk : "removeLast"
  [32, 33] source.smalltalk.gnu punctuation.terminator.statement.smalltalk : "."
LINE: anObject printNl.
  [0, 8] source.smalltalk.gnu variable.other.smalltalk : "anObject"
  [8, 9] source.smalltalk.gnu keyword.operator.binary.smalltalk : " "
  [9, 16] source.smalltalk.gnu variable.other.smalltalk : "printNl"
  [16, 17] source.smalltalk.gnu punctuation.terminator.statement.smalltalk : "."
LINE: 
  [0, 1] source.smalltalk.gnu : ""
LINE: " Cascade after a more complex expression "
  [0, 1] source.smalltalk.gnu comment.block.double-quoted.smalltalk punctuation.definition.comment.begin.smalltalk : """
  [1, 42] source.smalltalk.gnu comment.block.double-quoted.smalltalk : " Cascade after a more complex expression "
  [42, 43] source.smalltalk.gnu comment.block.double-quoted.smalltalk punctuation.definition.comment.end.smalltalk : """
LINE: (Dictionary newFromPairs: { 'key1' -> 'val1'. 'key2' -> 'val2' })
  [0, 1] source.smalltalk.gnu meta.expression.parenthesized.smalltalk punctuation.section.group.begin.smalltalk : "("
  [1, 11] source.smalltalk.gnu meta.expression.parenthesized.smalltalk entity.name.type.class.smalltalk : "Dictionary"
  [11, 12] source.smalltalk.gnu meta.expression.parenthesized.smalltalk keyword.operator.binary.smalltalk : " "
  [12, 25] source.smalltalk.gnu meta.expression.parenthesized.smalltalk entity.name.function.keyword.smalltalk : "newFromPairs:"
  [25, 26] source.smalltalk.gnu meta.expression.parenthesized.smalltalk keyword.operator.binary.smalltalk : " "
  [26, 27] source.smalltalk.gnu meta.expression.parenthesized.smalltalk meta.array.constructor.dynamic.gst.smalltalk punctuation.definition.array.constructor.begin.gst.smalltalk : "{"
  [27, 28] source.smalltalk.gnu meta.expression.parenthesized.smalltalk meta.array.constructor.dynamic.gst.smalltalk keyword.operator.binary.smalltalk : " "
  [28, 29] source.smalltalk.gnu meta.expression.parenthesized.smalltalk meta.array.constructor.dynamic.gst.smalltalk string.quoted.single.smalltalk punctuation.definition.string.begin.smalltalk : "'"
  [29, 33] source.smalltalk.gnu meta.expression.parenthesized.smalltalk meta.array.constructor.dynamic.gst.smalltalk string.quoted.single.smalltalk : "key1"
  [33, 34] source.smalltalk.gnu meta.expression.parenthesized.smalltalk meta.array.constructor.dynamic.gst.smalltalk string.quoted.single.smalltalk punctuation.definition.string.end.smalltalk : "'"
  [34, 38] source.smalltalk.gnu meta.expression.parenthesized.smalltalk meta.array.constructor.dynamic.gst.smalltalk keyword.operator.binary.smalltalk : " -> "
  [38, 39] source.smalltalk.gnu meta.expression.parenthesized.smalltalk meta.array.constructor.dynamic.gst.smalltalk string.quoted.single.smalltalk punctuation.definition.string.begin.smalltalk : "'"
  [39, 43] source.smalltalk.gnu meta.expression.parenthesized.smalltalk meta.array.constructor.dynamic.gst.smalltalk string.quoted.single.smalltalk : "val1"
  [43, 44] source.smalltalk.gnu meta.expression.parenthesized.smalltalk meta.array.constructor.dynamic.gst.smalltalk string.quoted.single.smalltalk punctuation.definition.string.end.smalltalk : "'"
  [44, 45] source.smalltalk.gnu meta.expression.parenthesized.smalltalk meta.array.constructor.dynamic.gst.smalltalk punctuation.separator.array.constructor.gst.smalltalk : "."
  [45, 46] source.smalltalk.gnu meta.expression.parenthesized.smalltalk meta.array.constructor.dynamic.gst.smalltalk keyword.operator.binary.smalltalk : " "
  [46, 47] source.smalltalk.gnu meta.expression.parenthesized.smalltalk meta.array.constructor.dynamic.gst.smalltalk string.quoted.single.smalltalk punctuation.definition.string.begin.smalltalk : "'"
  [47, 51] source.smalltalk.gnu meta.expression.parenthesized.smalltalk meta.array.constructor.dynamic.gst.smalltalk string.quoted.single.smalltalk : "key2"
  [51, 52] source.smalltalk.gnu meta.expression.parenthesized.smalltalk meta.array.constructor.dynamic.gst.smalltalk string.quoted.single.smalltalk punctuation.definition.string.end.smalltalk : "'"
  [52, 56] source.smalltalk.gnu meta.expression.parenthesized.smalltalk meta.array.constructor.dynamic.gst.smalltalk keyword.operator.binary.smalltalk : " -> "
  [56, 57] source.smalltalk.gnu meta.expression.parenthesized.smalltalk meta.array.constructor.dynamic.gst.smalltalk string.quoted.single.smalltalk punctuation.definition.string.begin.smalltalk : "'"
  [57, 61] source.smalltalk.gnu meta.expression.parenthesized.smalltalk meta.array.constructor.dynamic.gst.smalltalk string.quoted.single.smalltalk : "val2"
  [61, 62] source.smalltalk.gnu meta.expression.parenthesized.smalltalk meta.array.constructor.dynamic.gst.smalltalk string.quoted.single.smalltalk punctuation.definition.string.end.smalltalk : "'"
  [62, 63] source.smalltalk.gnu meta.expression.parenthesized.smalltalk meta.array.constructor.dynamic.gst.smalltalk keyword.operator.binary.smalltalk : " "
  [63, 64] source.smalltalk.gnu meta.expression.parenthesized.smalltalk meta.array.constructor.dynamic.gst.smalltalk punctuation.definition.array.constructor.end.gst.smalltalk : "}"
  [64, 65] source.smalltalk.gnu meta.expression.parenthesized.smalltalk punctuation.section.group.end.smalltalk : ")"
LINE:     at: 'key3' put: 'val3';
  [0, 4] source.smalltalk.gnu keyword.operator.binary.smalltalk : "    "
  [4, 7] source.smalltalk.gnu entity.name.function.keyword.smalltalk : "at:"
  [7, 8] source.smalltalk.gnu keyword.operator.binary.smalltalk : " "
  [8, 9] source.smalltalk.gnu string.quoted.single.smalltalk punctuation.definition.string.begin.smalltalk : "'"
  [9, 13] source.smalltalk.gnu string.quoted.single.smalltalk : "key3"
  [13, 14] source.smalltalk.gnu string.quoted.single.smalltalk punctuation.definition.string.end.smalltalk : "'"
  [14, 15] source.smalltalk.gnu keyword.operator.binary.smalltalk : " "
  [15, 19] source.smalltalk.gnu entity.name.function.keyword.smalltalk : "put:"
  [19, 20] source.smalltalk.gnu keyword.operator.binary.smalltalk : " "
  [20, 21] source.smalltalk.gnu string.quoted.single.smalltalk punctuation.definition.string.begin.smalltalk : "'"
  [21, 25] source.smalltalk.gnu string.quoted.single.smalltalk : "val3"
  [25, 26] source.smalltalk.gnu string.quoted.single.smalltalk punctuation.definition.string.end.smalltalk : "'"
  [26, 27] source.smalltalk.gnu punctuation.separator.cascade.smalltalk : ";"
LINE:     removeKey: 'key1';
  [0, 4] source.smalltalk.gnu keyword.operator.binary.smalltalk : "    "
  [4, 14] source.smalltalk.gnu entity.name.function.keyword.smalltalk : "removeKey:"
  [14, 15] source.smalltalk.gnu keyword.operator.binary.smalltalk : " "
  [15, 16] source.smalltalk.gnu string.quoted.single.smalltalk punctuation.definition.string.begin.smalltalk : "'"
  [16, 20] source.smalltalk.gnu string.quoted.single.smalltalk : "key1"
  [20, 21] source.smalltalk.gnu string.quoted.single.smalltalk punctuation.definition.string.end.smalltalk : "'"
  [21, 22] source.smalltalk.gnu punctuation.separator.cascade.smalltalk : ";"
LINE:     yourself printNl.
  [0, 4] source.smalltalk.gnu keyword.operator.binary.smalltalk : "    "
  [4, 12] source.smalltalk.gnu variable.other.smalltalk : "yourself"
  [12, 13] source.smalltalk.gnu keyword.operator.binary.smalltalk : " "
  [13, 20] source.smalltalk.gnu variable.other.smalltalk : "printNl"
  [20, 21] source.smalltalk.gnu punctuation.terminator.statement.smalltalk : "."
LINE: 
  [0, 1] source.smalltalk.gnu : ""
LINE: " Empty cascade (syntactically odd, but check parser tolerance) "
  [0, 1] source.smalltalk.gnu comment.block.double-quoted.smalltalk punctuation.definition.comment.begin.smalltalk : """
  [1, 64] source.smalltalk.gnu comment.block.double-quoted.smalltalk : " Empty cascade (syntactically odd, but check parser tolerance) "
  [64, 65] source.smalltalk.gnu comment.block.double-quoted.smalltalk punctuation.definition.comment.end.smalltalk : """
LINE: " anObject ; . " " Likely a syntax error "
  [0, 1] source.smalltalk.gnu comment.block.double-quoted.smalltalk punctuation.definition.comment.begin.smalltalk : """
  [1, 15] source.smalltalk.gnu comment.block.double-quoted.smalltalk : " anObject ; . "
  [15, 16] source.smalltalk.gnu comment.block.double-quoted.smalltalk punctuation.definition.comment.end.smalltalk : """
  [16, 17] source.smalltalk.gnu keyword.operator.binary.smalltalk : " "
  [17, 18] source.smalltalk.gnu comment.block.double-quoted.smalltalk punctuation.definition.comment.begin.smalltalk : """
  [18, 41] source.smalltalk.gnu comment.block.double-quoted.smalltalk : " Likely a syntax error "
  [41, 42] source.smalltalk.gnu comment.block.double-quoted.smalltalk punctuation.definition.comment.end.smalltalk : """
LINE: 
  [0, 1] source.smalltalk.gnu : ""
LINE: 
  [0, 1] source.smalltalk.gnu : ""
LINE: " End of Assignments and Cascades Test "
  [0, 1] source.smalltalk.gnu comment.block.double-quoted.smalltalk punctuation.definition.comment.begin.smalltalk : """
  [1, 39] source.smalltalk.gnu comment.block.double-quoted.smalltalk : " End of Assignments and Cascades Test "
  [39, 40] source.smalltalk.gnu comment.block.double-quoted.smalltalk punctuation.definition.comment.end.smalltalk : """
LINE: !
  [0, 1] source.smalltalk.gnu keyword.operator.binary.smalltalk : "!"
LINE: 
  [0, 1] source.smalltalk.gnu : ""