LINE: "
  [0, 1] source.smalltalk.gnu comment.block.double-quoted.smalltalk punctuation.definition.comment.begin.smalltalk : """
LINE:     File: 09_core_method_definitions_statements.st
  [0, 51] source.smalltalk.gnu comment.block.double-quoted.smalltalk : "    File: 09_core_method_definitions_statements.st"
LINE:     Purpose: Test cases for basic method definitions (file-out style) and statement sequences.
  [0, 95] source.smalltalk.gnu comment.block.double-quoted.smalltalk : "    Purpose: Test cases for basic method definitions (file-out style) and statement sequences."
LINE: "
  [0, 1] source.smalltalk.gnu comment.block.double-quoted.smalltalk punctuation.definition.comment.end.smalltalk : """
LINE: 
  [0, 1] source.smalltalk.gnu : ""
LINE: " --- Statement Sequences --- "
  [0, 1] source.smalltalk.gnu comment.block.double-quoted.smalltalk punctuation.definition.comment.begin.smalltalk : """
  [1, 30] source.smalltalk.gnu comment.block.double-quoted.smalltalk : " --- Statement Sequences --- "
  [30, 31] source.smalltalk.gnu comment.block.double-quoted.smalltalk punctuation.definition.comment.end.smalltalk : """
LINE: " Multiple statements separated by . "
  [0, 1] source.smalltalk.gnu comment.block.double-quoted.smalltalk punctuation.definition.comment.begin.smalltalk : """
  [1, 37] source.smalltalk.gnu comment.block.double-quoted.smalltalk : " Multiple statements separated by . "
  [37, 38] source.smalltalk.gnu comment.block.double-quoted.smalltalk punctuation.definition.comment.end.smalltalk : """
LINE: Transcript show: 'Statement 1'.
  [0, 10] source.smalltalk.gnu entity.name.type.class.smalltalk : "Transcript"
  [10, 11] source.smalltalk.gnu keyword.operator.binary.smalltalk : " "
  [11, 16] source.smalltalk.gnu entity.name.function.keyword.smalltalk : "show:"
  [16, 17] source.smalltalk.gnu keyword.operator.binary.smalltalk : " "
  [17, 18] source.smalltalk.gnu string.quoted.single.smalltalk punctuation.definition.string.begin.smalltalk : "'"
  [18, 29] source.smalltalk.gnu string.quoted.single.smalltalk : "Statement 1"
  [29, 30] source.smalltalk.gnu string.quoted.single.smalltalk punctuation.definition.string.end.smalltalk : "'"
  [30, 31] source.smalltalk.gnu punctuation.terminator.statement.smalltalk : "."
LINE: Transcript show: 'Statement 2'.
  [0, 10] source.smalltalk.gnu entity.name.type.class.smalltalk : "Transcript"
  [10, 11] source.smalltalk.gnu keyword.operator.binary.smalltalk : " "
  [11, 16] source.smalltalk.gnu entity.name.function.keyword.smalltalk : "show:"
  [16, 17] source.smalltalk.gnu keyword.operator.binary.smalltalk : " "
  [17, 18] source.smalltalk.gnu string.quoted.single.smalltalk punctuation.definition.string.begin.smalltalk : "'"
  [18, 29] source.smalltalk.gnu string.quoted.single.smalltalk : "Statement 2"
  [29, 30] source.smalltalk.gnu string.quoted.single.smalltalk punctuation.definition.string.end.smalltalk : "'"
  [30, 31] source.smalltalk.gnu punctuation.terminator.statement.smalltalk : "."
LINE: 1 + 2 printNl.
  [0, 1] source.smalltalk.gnu constant.numeric.integer.smalltalk : "1"
  [1, 4] source.smalltalk.gnu keyword.operator.binary.smalltalk : " + "
  [4, 5] source.smalltalk.gnu constant.numeric.integer.smalltalk : "2"
  [5, 6] source.smalltalk.gnu keyword.operator.binary.smalltalk : " "
  [6, 13] source.smalltalk.gnu variable.other.smalltalk : "printNl"
  [13, 14] source.smalltalk.gnu punctuation.terminator.statement.smalltalk : "."
LINE: 'Done with simple statements.' printNl.
  [0, 1] source.smalltalk.gnu string.quoted.single.smalltalk punctuation.definition.string.begin.smalltalk : "'"
  [1, 29] source.smalltalk.gnu string.quoted.single.smalltalk : "Done with simple statements."
  [29, 30] source.smalltalk.gnu string.quoted.single.smalltalk punctuation.definition.string.end.smalltalk : "'"
  [30, 31] source.smalltalk.gnu keyword.operator.binary.smalltalk : " "
  [31, 38] source.smalltalk.gnu variable.other.smalltalk : "printNl"
  [38, 39] source.smalltalk.gnu punctuation.terminator.statement.smalltalk : "."
LINE: 
  [0, 1] source.smalltalk.gnu : ""
LINE: " A statement can be a simple literal (though usually not useful alone) "
  [0, 1] source.smalltalk.gnu comment.block.double-quoted.smalltalk punctuation.definition.comment.begin.smalltalk : """
  [1, 72] source.smalltalk.gnu comment.block.double-quoted.smalltalk : " A statement can be a simple literal (though usually not useful alone) "
  [72, 73] source.smalltalk.gnu comment.block.double-quoted.smalltalk punctuation.definition.comment.end.smalltalk : """
LINE: 123.
  [0, 3] source.smalltalk.gnu constant.numeric.integer.smalltalk : "123"
  [3, 4] source.smalltalk.gnu punctuation.terminator.statement.smalltalk : "."
LINE: 'a string'.
  [0, 1] source.smalltalk.gnu string.quoted.single.smalltalk punctuation.definition.string.begin.smalltalk : "'"
  [1, 9] source.smalltalk.gnu string.quoted.single.smalltalk : "a string"
  [9, 10] source.smalltalk.gnu string.quoted.single.smalltalk punctuation.definition.string.end.smalltalk : "'"
  [10, 11] source.smalltalk.gnu punctuation.terminator.statement.smalltalk : "."
LINE: #aSymbol.
  [0, 1] source.smalltalk.gnu constant.other.symbol.identifier.smalltalk punctuation.definition.symbol.smalltalk : "#"
  [1, 8] source.smalltalk.gnu constant.other.symbol.identifier.smalltalk : "aSymbol"
  [8, 9] source.smalltalk.gnu punctuation.terminator.statement.smalltalk : "."
LINE: 
  [0, 1] source.smalltalk.gnu : ""
LINE: " A statement can be a message send "
  [0, 1] source.smalltalk.gnu comment.block.double-quoted.smalltalk punctuation.definition.comment.begin.smalltalk : """
  [1, 36] source.smalltalk.gnu comment.block.double-quoted.smalltalk : " A statement can be a message send "
  [36, 37] source.smalltalk.gnu comment.block.double-quoted.smalltalk punctuation.definition.comment.end.smalltalk : """
LINE: Object new. " Creates an object, result discarded "
  [0, 6] source.smalltalk.gnu entity.name.type.class.smalltalk : "Object"
  [6, 7] source.smalltalk.gnu keyword.operator.binary.smalltalk : " "
  [7, 10] source.smalltalk.gnu variable.other.smalltalk : "new"
  [10, 11] source.smalltalk.gnu punctuation.terminator.statement.smalltalk : "."
  [11, 12] source.smalltalk.gnu keyword.operator.binary.smalltalk : " "
  [12, 13] source.smalltalk.gnu comment.block.double-quoted.smalltalk punctuation.definition.comment.begin.smalltalk : """
  [13, 50] source.smalltalk.gnu comment.block.double-quoted.smalltalk : " Creates an object, result discarded "
  [50, 51] source.smalltalk.gnu comment.block.double-quoted.smalltalk punctuation.definition.comment.end.smalltalk : """
LINE: 
  [0, 1] source.smalltalk.gnu : ""
LINE: " A statement can be an assignment "
  [0, 1] source.smalltalk.gnu comment.block.double-quoted.smalltalk punctuation.definition.comment.begin.smalltalk : """
  [1, 35] source.smalltalk.gnu comment.block.double-quoted.smalltalk : " A statement can be an assignment "
  [35, 36] source.smalltalk.gnu comment.block.double-quoted.smalltalk punctuation.definition.comment.end.smalltalk : """
LINE: | x |
  [0, 2] source.smalltalk.gnu keyword.operator.binary.smalltalk : "| "
  [2, 3] source.smalltalk.gnu variable.other.smalltalk : "x"
  [3, 5] source.smalltalk.gnu keyword.operator.binary.smalltalk : " |"
LINE: x := 10.
  [0, 1] source.smalltalk.gnu variable.other.smalltalk : "x"
  [1, 2] source.smalltalk.gnu keyword.operator.binary.smalltalk : " "
  [2, 4] source.smalltalk.gnu keyword.operator.assignment.smalltalk : ":="
  [4, 5] source.smalltalk.gnu keyword.operator.binary.smalltalk : " "
  [5, 7] source.smalltalk.gnu constant.numeric.integer.smalltalk : "10"
  [7, 8] source.smalltalk.gnu punctuation.terminator.statement.smalltalk : "."
LINE: x := x + 5.
  [0, 1] source.smalltalk.gnu variable.other.smalltalk : "x"
  [1, 2] source.smalltalk.gnu keyword.operator.binary.smalltalk : " "
  [2, 4] source.smalltalk.gnu keyword.operator.assignment.smalltalk : ":="
  [4, 5] source.smalltalk.gnu keyword.operator.binary.smalltalk : " "
  [5, 6] source.smalltalk.gnu variable.other.smalltalk : "x"
  [6, 9] source.smalltalk.gnu keyword.operator.binary.smalltalk : " + "
  [9, 10] source.smalltalk.gnu constant.numeric.integer.smalltalk : "5"
  [10, 11] source.smalltalk.gnu punctuation.terminator.statement.smalltalk : "."
LINE: x printNl.
  [0, 1] source.smalltalk.gnu variable.other.smalltalk : "x"
  [1, 2] source.smalltalk.gnu keyword.operator.binary.smalltalk : " "
  [2, 9] source.smalltalk.gnu variable.other.smalltalk : "printNl"
  [9, 10] source.smalltalk.gnu punctuation.terminator.statement.smalltalk : "."
LINE: 
  [0, 1] source.smalltalk.gnu : ""
LINE: " Optional final period "
  [0, 1] source.smalltalk.gnu comment.block.double-quoted.smalltalk punctuation.definition.comment.begin.smalltalk : """
  [1, 24] source.smalltalk.gnu comment.block.double-quoted.smalltalk : " Optional final period "
  [24, 25] source.smalltalk.gnu comment.block.double-quoted.smalltalk punctuation.definition.comment.end.smalltalk : """
LINE: Transcript show: 'Last statement, no period after this if it's the end of a chunk/REPL line'
  [0, 10] source.smalltalk.gnu entity.name.type.class.smalltalk : "Transcript"
  [10, 11] source.smalltalk.gnu keyword.operator.binary.smalltalk : " "
  [11, 16] source.smalltalk.gnu entity.name.function.keyword.smalltalk : "show:"
  [16, 17] source.smalltalk.gnu keyword.operator.binary.smalltalk : " "
  [17, 18] source.smalltalk.gnu string.quoted.single.smalltalk punctuation.definition.string.begin.smalltalk : "'"
  [18, 60] source.smalltalk.gnu string.quoted.single.smalltalk : "Last statement, no period after this if it"
  [60, 61] source.smalltalk.gnu string.quoted.single.smalltalk punctuation.definition.string.end.smalltalk : "'"
  [61, 62] source.smalltalk.gnu variable.other.smalltalk : "s"
  [62, 63] source.smalltalk.gnu keyword.operator.binary.smalltalk : " "
  [63, 66] source.smalltalk.gnu variable.other.smalltalk : "the"
  [66, 67] source.smalltalk.gnu keyword.operator.binary.smalltalk : " "
  [67, 70] source.smalltalk.gnu variable.other.smalltalk : "end"
  [70, 71] source.smalltalk.gnu keyword.operator.binary.smalltalk : " "
  [71, 73] source.smalltalk.gnu variable.other.smalltalk : "of"
  [73, 74] source.smalltalk.gnu keyword.operator.binary.smalltalk : " "
  [74, 75] source.smalltalk.gnu variable.other.smalltalk : "a"
  [75, 76] source.smalltalk.gnu keyword.operator.binary.smalltalk : " "
  [76, 81] source.smalltalk.gnu variable.other.smalltalk : "chunk"
  [81, 82] source.smalltalk.gnu keyword.operator.binary.smalltalk : "/"
  [82, 86] source.smalltalk.gnu entity.name.type.class.smalltalk : "REPL"
  [86, 87] source.smalltalk.gnu keyword.operator.binary.smalltalk : " "
  [87, 91] source.smalltalk.gnu variable.other.smalltalk : "line"
  [91, 92] source.smalltalk.gnu string.quoted.single.smalltalk punctuation.definition.string.begin.smalltalk : "'"
LINE: 
  [0, 1] source.smalltalk.gnu string.quoted.single.smalltalk : ""
LINE: 
  [0, 1] source.smalltalk.gnu string.quoted.single.smalltalk : ""
LINE: " --- Basic Method Definitions (Traditional File-Out Style) --- "
  [0, 66] source.smalltalk.gnu string.quoted.single.smalltalk : "" --- Basic Method Definitions (Traditional File-Out Style) --- ""
LINE: " These are typically within a class context, e.g., after 'ClassName methodsFor: ...' "
  [0, 58] source.smalltalk.gnu string.quoted.single.smalltalk : "" These are typically within a class context, e.g., after "
  [58, 59] source.smalltalk.gnu string.quoted.single.smalltalk punctuation.definition.string.end.smalltalk : "'"
  [59, 68] source.smalltalk.gnu entity.name.type.class.smalltalk : "ClassName"
  [68, 69] source.smalltalk.gnu keyword.operator.binary.smalltalk : " "
  [69, 80] source.smalltalk.gnu entity.name.function.keyword.smalltalk : "methodsFor:"
  [80, 81] source.smalltalk.gnu keyword.operator.binary.smalltalk : " "
  [81, 82] source.smalltalk.gnu punctuation.terminator.statement.smalltalk : "."
  [82, 83] source.smalltalk.gnu punctuation.terminator.statement.smalltalk : "."
  [83, 84] source.smalltalk.gnu punctuation.terminator.statement.smalltalk : "."
  [84, 85] source.smalltalk.gnu string.quoted.single.smalltalk punctuation.definition.string.begin.smalltalk : "'"
  [85, 88] source.smalltalk.gnu string.quoted.single.smalltalk : " ""
LINE: " For testing syntax, we'll just show the method part. "
  [0, 24] source.smalltalk.gnu string.quoted.single.smalltalk : "" For testing syntax, we"
  [24, 25] source.smalltalk.gnu string.quoted.single.smalltalk punctuation.definition.string.end.smalltalk : "'"
  [25, 27] source.smalltalk.gnu variable.other.smalltalk : "ll"
  [27, 28] source.smalltalk.gnu keyword.operator.binary.smalltalk : " "
  [28, 32] source.smalltalk.gnu variable.other.smalltalk : "just"
  [32, 33] source.smalltalk.gnu keyword.operator.binary.smalltalk : " "
  [33, 37] source.smalltalk.gnu variable.other.smalltalk : "show"
  [37, 38] source.smalltalk.gnu keyword.operator.binary.smalltalk : " "
  [38, 41] source.smalltalk.gnu variable.other.smalltalk : "the"
  [41, 42] source.smalltalk.gnu keyword.operator.binary.smalltalk : " "
  [42, 48] source.smalltalk.gnu variable.other.smalltalk : "method"
  [48, 49] source.smalltalk.gnu keyword.operator.binary.smalltalk : " "
  [49, 53] source.smalltalk.gnu variable.other.smalltalk : "part"
  [53, 54] source.smalltalk.gnu punctuation.terminator.statement.smalltalk : "."
  [54, 55] source.smalltalk.gnu keyword.operator.binary.smalltalk : " "
  [55, 56] source.smalltalk.gnu comment.block.double-quoted.smalltalk punctuation.definition.comment.begin.smalltalk : """
LINE: 
  [0, 1] source.smalltalk.gnu comment.block.double-quoted.smalltalk : ""
LINE: " Assume we are in a class context for these examples.
  [0, 1] source.smalltalk.gnu comment.block.double-quoted.smalltalk punctuation.definition.comment.end.smalltalk : """
  [1, 2] source.smalltalk.gnu keyword.operator.binary.smalltalk : " "
  [2, 8] source.smalltalk.gnu entity.name.type.class.smalltalk : "Assume"
  [8, 9] source.smalltalk.gnu keyword.operator.binary.smalltalk : " "
  [9, 11] source.smalltalk.gnu variable.other.smalltalk : "we"
  [11, 12] source.smalltalk.gnu keyword.operator.binary.smalltalk : " "
  [12, 15] source.smalltalk.gnu variable.other.smalltalk : "are"
  [15, 16] source.smalltalk.gnu keyword.operator.binary.smalltalk : " "
  [16, 18] source.smalltalk.gnu variable.other.smalltalk : "in"
  [18, 19] source.smalltalk.gnu keyword.operator.binary.smalltalk : " "
  [19, 20] source.smalltalk.gnu variable.other.smalltalk : "a"
  [20, 21] source.smalltalk.gnu keyword.operator.binary.smalltalk : " "
  [21, 26] source.smalltalk.gnu variable.other.smalltalk : "class"
  [26, 27] source.smalltalk.gnu keyword.operator.binary.smalltalk : " "
  [27, 34] source.smalltalk.gnu variable.other.smalltalk : "context"
  [34, 35] source.smalltalk.gnu keyword.operator.binary.smalltalk : " "
  [35, 38] source.smalltalk.gnu variable.other.smalltalk : "for"
  [38, 39] source.smalltalk.gnu keyword.operator.binary.smalltalk : " "
  [39, 44] source.smalltalk.gnu variable.other.smalltalk : "these"
  [44, 45] source.smalltalk.gnu keyword.operator.binary.smalltalk : " "
  [45, 53] source.smalltalk.gnu variable.other.smalltalk : "examples"
  [53, 54] source.smalltalk.gnu punctuation.terminator.statement.smalltalk : "."
LINE:   The following would typically be preceded by:
  [0, 2] source.smalltalk.gnu keyword.operator.binary.smalltalk : "  "
  [2, 5] source.smalltalk.gnu entity.name.type.class.smalltalk : "The"
  [5, 6] source.smalltalk.gnu keyword.operator.binary.smalltalk : " "
  [6, 15] source.smalltalk.gnu variable.other.smalltalk : "following"
  [15, 16] source.smalltalk.gnu keyword.operator.binary.smalltalk : " "
  [16, 21] source.smalltalk.gnu variable.other.smalltalk : "would"
  [21, 22] source.smalltalk.gnu keyword.operator.binary.smalltalk : " "
  [22, 31] source.smalltalk.gnu variable.other.smalltalk : "typically"
  [31, 32] source.smalltalk.gnu keyword.operator.binary.smalltalk : " "
  [32, 34] source.smalltalk.gnu variable.other.smalltalk : "be"
  [34, 35] source.smalltalk.gnu keyword.operator.binary.smalltalk : " "
  [35, 43] source.smalltalk.gnu variable.other.smalltalk : "preceded"
  [43, 44] source.smalltalk.gnu keyword.operator.binary.smalltalk : " "
  [44, 47] source.smalltalk.gnu entity.name.function.keyword.smalltalk : "by:"
LINE:   Object subclass: #MyMethodTester
  [0, 2] source.smalltalk.gnu keyword.operator.binary.smalltalk : "  "
  [2, 8] source.smalltalk.gnu entity.name.type.class.smalltalk : "Object"
  [8, 9] source.smalltalk.gnu keyword.operator.binary.smalltalk : " "
  [9, 18] source.smalltalk.gnu entity.name.function.keyword.smalltalk : "subclass:"
  [18, 19] source.smalltalk.gnu keyword.operator.binary.smalltalk : " "
  [19, 20] source.smalltalk.gnu constant.other.symbol.identifier.smalltalk punctuation.definition.symbol.smalltalk : "#"
  [20, 34] source.smalltalk.gnu constant.other.symbol.identifier.smalltalk : "MyMethodTester"
LINE:     instanceVariableNames: 'ivar1'
  [0, 4] source.smalltalk.gnu keyword.operator.binary.smalltalk : "    "
  [4, 26] source.smalltalk.gnu entity.name.function.keyword.smalltalk : "instanceVariableNames:"
  [26, 27] source.smalltalk.gnu keyword.operator.binary.smalltalk : " "
  [27, 28] source.smalltalk.gnu string.quoted.single.smalltalk punctuation.definition.string.begin.smalltalk : "'"
  [28, 33] source.smalltalk.gnu string.quoted.single.smalltalk : "ivar1"
  [33, 34] source.smalltalk.gnu string.quoted.single.smalltalk punctuation.definition.string.end.smalltalk : "'"
LINE:     classVariableNames: ''
  [0, 4] source.smalltalk.gnu keyword.operator.binary.smalltalk : "    "
  [4, 23] source.smalltalk.gnu entity.name.function.keyword.smalltalk : "classVariableNames:"
  [23, 24] source.smalltalk.gnu keyword.operator.binary.smalltalk : " "
  [24, 25] source.smalltalk.gnu string.quoted.single.smalltalk punctuation.definition.string.begin.smalltalk : "'"
  [25, 26] source.smalltalk.gnu string.quoted.single.smalltalk punctuation.definition.string.end.smalltalk : "'"
LINE:     poolDictionaries: ''
  [0, 4] source.smalltalk.gnu keyword.operator.binary.smalltalk : "    "
  [4, 21] source.smalltalk.gnu entity.name.function.keyword.smalltalk : "poolDictionaries:"
  [21, 22] source.smalltalk.gnu keyword.operator.binary.smalltalk : " "
  [22, 23] source.smalltalk.gnu string.quoted.single.smalltalk punctuation.definition.string.begin.smalltalk : "'"
  [23, 24] source.smalltalk.gnu string.quoted.single.smalltalk punctuation.definition.string.end.smalltalk : "'"
LINE:     category: 'Test-Methods'.
  [0, 4] source.smalltalk.gnu keyword.operator.binary.smalltalk : "    "
  [4, 13] source.smalltalk.gnu entity.name.function.keyword.smalltalk : "category:"
  [13, 14] source.smalltalk.gnu keyword.operator.binary.smalltalk : " "
  [14, 15] source.smalltalk.gnu string.quoted.single.smalltalk punctuation.definition.string.begin.smalltalk : "'"
  [15, 27] source.smalltalk.gnu string.quoted.single.smalltalk : "Test-Methods"
  [27, 28] source.smalltalk.gnu string.quoted.single.smalltalk punctuation.definition.string.end.smalltalk : "'"
  [28, 29] source.smalltalk.gnu punctuation.terminator.statement.smalltalk : "."
LINE: 
  [0, 1] source.smalltalk.gnu : ""
LINE:   MyMethodTester methodsFor: 'unary messages' stamp: 'user 1/1/2023'.
  [0, 2] source.smalltalk.gnu keyword.operator.binary.smalltalk : "  "
  [2, 16] source.smalltalk.gnu entity.name.type.class.smalltalk : "MyMethodTester"
  [16, 17] source.smalltalk.gnu keyword.operator.binary.smalltalk : " "
  [17, 28] source.smalltalk.gnu entity.name.function.keyword.smalltalk : "methodsFor:"
  [28, 29] source.smalltalk.gnu keyword.operator.binary.smalltalk : " "
  [29, 30] source.smalltalk.gnu string.quoted.single.smalltalk punctuation.definition.string.begin.smalltalk : "'"
  [30, 44] source.smalltalk.gnu string.quoted.single.smalltalk : "unary messages"
  [44, 45] source.smalltalk.gnu string.quoted.single.smalltalk punctuation.definition.string.end.smalltalk : "'"
  [45, 46] source.smalltalk.gnu keyword.operator.binary.smalltalk : " "
  [46, 52] source.smalltalk.gnu entity.name.function.keyword.smalltalk : "stamp:"
  [52, 53] source.smalltalk.gnu keyword.operator.binary.smalltalk : " "
  [53, 54] source.smalltalk.gnu string.quoted.single.smalltalk punctuation.definition.string.begin.smalltalk : "'"
  [54, 67] source.smalltalk.gnu string.quoted.single.smalltalk : "user 1/1/2023"
  [67, 68] source.smalltalk.gnu string.quoted.single.smalltalk punctuation.definition.string.end.smalltalk : "'"
  [68, 69] source.smalltalk.gnu punctuation.terminator.statement.smalltalk : "."
LINE: "
  [0, 1] source.smalltalk.gnu comment.block.double-quoted.smalltalk punctuation.definition.comment.begin.smalltalk : """
LINE: 
  [0, 1] source.smalltalk.gnu comment.block.double-quoted.smalltalk : ""
LINE: " Unary method "
  [0, 1] source.smalltalk.gnu comment.block.double-quoted.smalltalk punctuation.definition.comment.end.smalltalk : """
  [1, 2] source.smalltalk.gnu keyword.operator.binary.smalltalk : " "
  [2, 7] source.smalltalk.gnu entity.name.type.class.smalltalk : "Unary"
  [7, 8] source.smalltalk.gnu keyword.operator.binary.smalltalk : " "
  [8, 14] source.smalltalk.gnu variable.other.smalltalk : "method"
  [14, 15] source.smalltalk.gnu keyword.operator.binary.smalltalk : " "
  [15, 16] source.smalltalk.gnu comment.block.double-quoted.smalltalk punctuation.definition.comment.begin.smalltalk : """
LINE: !unaryMessage
  [0, 14] source.smalltalk.gnu comment.block.double-quoted.smalltalk : "!unaryMessage"
LINE:     " This is a unary method. "
  [0, 4] source.smalltalk.gnu comment.block.double-quoted.smalltalk : "    "
  [4, 5] source.smalltalk.gnu comment.block.double-quoted.smalltalk punctuation.definition.comment.end.smalltalk : """
  [5, 6] source.smalltalk.gnu keyword.operator.binary.smalltalk : " "
  [6, 10] source.smalltalk.gnu entity.name.type.class.smalltalk : "This"
  [10, 11] source.smalltalk.gnu keyword.operator.binary.smalltalk : " "
  [11, 13] source.smalltalk.gnu variable.other.smalltalk : "is"
  [13, 14] source.smalltalk.gnu keyword.operator.binary.smalltalk : " "
  [14, 15] source.smalltalk.gnu variable.other.smalltalk : "a"
  [15, 16] source.smalltalk.gnu keyword.operator.binary.smalltalk : " "
  [16, 21] source.smalltalk.gnu variable.other.smalltalk : "unary"
  [21, 22] source.smalltalk.gnu keyword.operator.binary.smalltalk : " "
  [22, 28] source.smalltalk.gnu variable.other.smalltalk : "method"
  [28, 29] source.smalltalk.gnu punctuation.terminator.statement.smalltalk : "."
  [29, 30] source.smalltalk.gnu keyword.operator.binary.smalltalk : " "
  [30, 31] source.smalltalk.gnu comment.block.double-quoted.smalltalk punctuation.definition.comment.begin.smalltalk : """
LINE:     ^'Unary method result'.
  [0, 28] source.smalltalk.gnu comment.block.double-quoted.smalltalk : "    ^'Unary method result'."
LINE: !
  [0, 2] source.smalltalk.gnu comment.block.double-quoted.smalltalk : "!"
LINE: 
  [0, 1] source.smalltalk.gnu comment.block.double-quoted.smalltalk : ""
LINE: " Unary method with temporary variables "
  [0, 1] source.smalltalk.gnu comment.block.double-quoted.smalltalk punctuation.definition.comment.end.smalltalk : """
  [1, 2] source.smalltalk.gnu keyword.operator.binary.smalltalk : " "
  [2, 7] source.smalltalk.gnu entity.name.type.class.smalltalk : "Unary"
  [7, 8] source.smalltalk.gnu keyword.operator.binary.smalltalk : " "
  [8, 14] source.smalltalk.gnu variable.other.smalltalk : "method"
  [14, 15] source.smalltalk.gnu keyword.operator.binary.smalltalk : " "
  [15, 19] source.smalltalk.gnu variable.other.smalltalk : "with"
  [19, 20] source.smalltalk.gnu keyword.operator.binary.smalltalk : " "
  [20, 29] source.smalltalk.gnu variable.other.smalltalk : "temporary"
  [29, 30] source.smalltalk.gnu keyword.operator.binary.smalltalk : " "
  [30, 39] source.smalltalk.gnu variable.other.smalltalk : "variables"
  [39, 40] source.smalltalk.gnu keyword.operator.binary.smalltalk : " "
  [40, 41] source.smalltalk.gnu comment.block.double-quoted.smalltalk punctuation.definition.comment.begin.smalltalk : """
LINE: !unaryWithTemps
  [0, 16] source.smalltalk.gnu comment.block.double-quoted.smalltalk : "!unaryWithTemps"
LINE:     | temp1 temp2 |
  [0, 20] source.smalltalk.gnu comment.block.double-quoted.smalltalk : "    | temp1 temp2 |"
LINE:     temp1 := 10.
  [0, 17] source.smalltalk.gnu comment.block.double-quoted.smalltalk : "    temp1 := 10."
LINE:     temp2 := 20.
  [0, 17] source.smalltalk.gnu comment.block.double-quoted.smalltalk : "    temp2 := 20."
LINE:     ^temp1 + temp2.
  [0, 20] source.smalltalk.gnu comment.block.double-quoted.smalltalk : "    ^temp1 + temp2."
LINE: !
  [0, 2] source.smalltalk.gnu comment.block.double-quoted.smalltalk : "!"
LINE: 
  [0, 1] source.smalltalk.gnu comment.block.double-quoted.smalltalk : ""
LINE: " Binary method "
  [0, 1] source.smalltalk.gnu comment.block.double-quoted.smalltalk punctuation.definition.comment.end.smalltalk : """
  [1, 2] source.smalltalk.gnu keyword.operator.binary.smalltalk : " "
  [2, 8] source.smalltalk.gnu entity.name.type.class.smalltalk : "Binary"
  [8, 9] source.smalltalk.gnu keyword.operator.binary.smalltalk : " "
  [9, 15] source.smalltalk.gnu variable.other.smalltalk : "method"
  [15, 16] source.smalltalk.gnu keyword.operator.binary.smalltalk : " "
  [16, 17] source.smalltalk.gnu comment.block.double-quoted.smalltalk punctuation.definition.comment.begin.smalltalk : """
LINE: !+ anObject
  [0, 12] source.smalltalk.gnu comment.block.double-quoted.smalltalk : "!+ anObject"
LINE:     " This is a binary method. Argument is anObject. "
  [0, 4] source.smalltalk.gnu comment.block.double-quoted.smalltalk : "    "
  [4, 5] source.smalltalk.gnu comment.block.double-quoted.smalltalk punctuation.definition.comment.end.smalltalk : """
  [5, 6] source.smalltalk.gnu keyword.operator.binary.smalltalk : " "
  [6, 10] source.smalltalk.gnu entity.name.type.class.smalltalk : "This"
  [10, 11] source.smalltalk.gnu keyword.operator.binary.smalltalk : " "
  [11, 13] source.smalltalk.gnu variable.other.smalltalk : "is"
  [13, 14] source.smalltalk.gnu keyword.operator.binary.smalltalk : " "
  [14, 15] source.smalltalk.gnu variable.other.smalltalk : "a"
  [15, 16] source.smalltalk.gnu keyword.operator.binary.smalltalk : " "
  [16, 22] source.smalltalk.gnu variable.other.smalltalk : "binary"
  [22, 23] source.smalltalk.gnu keyword.operator.binary.smalltalk : " "
  [23, 29] source.smalltalk.gnu variable.other.smalltalk : "method"
  [29, 30] source.smalltalk.gnu punctuation.terminator.statement.smalltalk : "."
  [30, 31] source.smalltalk.gnu keyword.operator.binary.smalltalk : " "
  [31, 39] source.smalltalk.gnu entity.name.type.class.smalltalk : "Argument"
  [39, 40] source.smalltalk.gnu keyword.operator.binary.smalltalk : " "
  [40, 42] source.smalltalk.gnu variable.other.smalltalk : "is"
  [42, 43] source.smalltalk.gnu keyword.operator.binary.smalltalk : " "
  [43, 51] source.smalltalk.gnu variable.other.smalltalk : "anObject"
  [51, 52] source.smalltalk.gnu punctuation.terminator.statement.smalltalk : "."
  [52, 53] source.smalltalk.gnu keyword.operator.binary.smalltalk : " "
  [53, 54] source.smalltalk.gnu comment.block.double-quoted.smalltalk punctuation.definition.comment.begin.smalltalk : """
LINE:     " Assuming self is a number-like thing for this example. "
  [0, 4] source.smalltalk.gnu comment.block.double-quoted.smalltalk : "    "
  [4, 5] source.smalltalk.gnu comment.block.double-quoted.smalltalk punctuation.definition.comment.end.smalltalk : """
  [5, 6] source.smalltalk.gnu keyword.operator.binary.smalltalk : " "
  [6, 14] source.smalltalk.gnu entity.name.type.class.smalltalk : "Assuming"
  [14, 15] source.smalltalk.gnu keyword.operator.binary.smalltalk : " "
  [15, 19] source.smalltalk.gnu variable.language.self.smalltalk : "self"
  [19, 20] source.smalltalk.gnu keyword.operator.binary.smalltalk : " "
  [20, 22] source.smalltalk.gnu variable.other.smalltalk : "is"
  [22, 23] source.smalltalk.gnu keyword.operator.binary.smalltalk : " "
  [23, 24] source.smalltalk.gnu variable.other.smalltalk : "a"
  [24, 25] source.smalltalk.gnu keyword.operator.binary.smalltalk : " "
  [25, 31] source.smalltalk.gnu variable.other.smalltalk : "number"
  [31, 32] source.smalltalk.gnu keyword.operator.binary.smalltalk : "-"
  [32, 36] source.smalltalk.gnu variable.other.smalltalk : "like"
  [36, 37] source.smalltalk.gnu keyword.operator.binary.smalltalk : " "
  [37, 42] source.smalltalk.gnu variable.other.smalltalk : "thing"
  [42, 43] source.smalltalk.gnu keyword.operator.binary.smalltalk : " "
  [43, 46] source.smalltalk.gnu variable.other.smalltalk : "for"
  [46, 47] source.smalltalk.gnu keyword.operator.binary.smalltalk : " "
  [47, 51] source.smalltalk.gnu variable.other.smalltalk : "this"
  [51, 52] source.smalltalk.gnu keyword.operator.binary.smalltalk : " "
  [52, 59] source.smalltalk.gnu variable.other.smalltalk : "example"
  [59, 60] source.smalltalk.gnu punctuation.terminator.statement.smalltalk : "."
  [60, 61] source.smalltalk.gnu keyword.operator.binary.smalltalk : " "
  [61, 62] source.smalltalk.gnu comment.block.double-quoted.smalltalk punctuation.definition.comment.begin.smalltalk : """
LINE:     ^self value + anObject value. " Fictional 'value' message "
  [0, 34] source.smalltalk.gnu comment.block.double-quoted.smalltalk : "    ^self value + anObject value. "
  [34, 35] source.smalltalk.gnu comment.block.double-quoted.smalltalk punctuation.definition.comment.end.smalltalk : """
  [35, 36] source.smalltalk.gnu keyword.operator.binary.smalltalk : " "
  [36, 45] source.smalltalk.gnu entity.name.type.class.smalltalk : "Fictional"
  [45, 46] source.smalltalk.gnu keyword.operator.binary.smalltalk : " "
  [46, 47] source.smalltalk.gnu string.quoted.single.smalltalk punctuation.definition.string.begin.smalltalk : "'"
  [47, 52] source.smalltalk.gnu string.quoted.single.smalltalk : "value"
  [52, 53] source.smalltalk.gnu string.quoted.single.smalltalk punctuation.definition.string.end.smalltalk : "'"
  [53, 54] source.smalltalk.gnu keyword.operator.binary.smalltalk : " "
  [54, 61] source.smalltalk.gnu variable.other.smalltalk : "message"
  [61, 62] source.smalltalk.gnu keyword.operator.binary.smalltalk : " "
  [62, 63] source.smalltalk.gnu comment.block.double-quoted.smalltalk punctuation.definition.comment.begin.smalltalk : """
LINE: !
  [0, 2] source.smalltalk.gnu comment.block.double-quoted.smalltalk : "!"
LINE: 
  [0, 1] source.smalltalk.gnu comment.block.double-quoted.smalltalk : ""
LINE: " Binary method with temporary variables "
  [0, 1] source.smalltalk.gnu comment.block.double-quoted.smalltalk punctuation.definition.comment.end.smalltalk : """
  [1, 2] source.smalltalk.gnu keyword.operator.binary.smalltalk : " "
  [2, 8] source.smalltalk.gnu entity.name.type.class.smalltalk : "Binary"
  [8, 9] source.smalltalk.gnu keyword.operator.binary.smalltalk : " "
  [9, 15] source.smalltalk.gnu variable.other.smalltalk : "method"
  [15, 16] source.smalltalk.gnu keyword.operator.binary.smalltalk : " "
  [16, 20] source.smalltalk.gnu variable.other.smalltalk : "with"
  [20, 21] source.smalltalk.gnu keyword.operator.binary.smalltalk : " "
  [21, 30] source.smalltalk.gnu variable.other.smalltalk : "temporary"
  [30, 31] source.smalltalk.gnu keyword.operator.binary.smalltalk : " "
  [31, 40] source.smalltalk.gnu variable.other.smalltalk : "variables"
  [40, 41] source.smalltalk.gnu keyword.operator.binary.smalltalk : " "
  [41, 42] source.smalltalk.gnu comment.block.double-quoted.smalltalk punctuation.definition.comment.begin.smalltalk : """
LINE: !* aFactor
  [0, 11] source.smalltalk.gnu comment.block.double-quoted.smalltalk : "!* aFactor"
LINE:     | result |
  [0, 15] source.smalltalk.gnu comment.block.double-quoted.smalltalk : "    | result |"
LINE:     result := self value * aFactor. " Fictional 'value' message "
  [0, 36] source.smalltalk.gnu comment.block.double-quoted.smalltalk : "    result := self value * aFactor. "
  [36, 37] source.smalltalk.gnu comment.block.double-quoted.smalltalk punctuation.definition.comment.end.smalltalk : """
  [37, 38] source.smalltalk.gnu keyword.operator.binary.smalltalk : " "
  [38, 47] source.smalltalk.gnu entity.name.type.class.smalltalk : "Fictional"
  [47, 48] source.smalltalk.gnu keyword.operator.binary.smalltalk : " "
  [48, 49] source.smalltalk.gnu string.quoted.single.smalltalk punctuation.definition.string.begin.smalltalk : "'"
  [49, 54] source.smalltalk.gnu string.quoted.single.smalltalk : "value"
  [54, 55] source.smalltalk.gnu string.quoted.single.smalltalk punctuation.definition.string.end.smalltalk : "'"
  [55, 56] source.smalltalk.gnu keyword.operator.binary.smalltalk : " "
  [56, 63] source.smalltalk.gnu variable.other.smalltalk : "message"
  [63, 64] source.smalltalk.gnu keyword.operator.binary.smalltalk : " "
  [64, 65] source.smalltalk.gnu comment.block.double-quoted.smalltalk punctuation.definition.comment.begin.smalltalk : """
LINE:     ^result.
  [0, 13] source.smalltalk.gnu comment.block.double-quoted.smalltalk : "    ^result."
LINE: !
  [0, 2] source.smalltalk.gnu comment.block.double-quoted.smalltalk : "!"
LINE: 
  [0, 1] source.smalltalk.gnu comment.block.double-quoted.smalltalk : ""
LINE: " Keyword method "
  [0, 1] source.smalltalk.gnu comment.block.double-quoted.smalltalk punctuation.definition.comment.end.smalltalk : """
  [1, 2] source.smalltalk.gnu keyword.operator.binary.smalltalk : " "
  [2, 9] source.smalltalk.gnu entity.name.type.class.smalltalk : "Keyword"
  [9, 10] source.smalltalk.gnu keyword.operator.binary.smalltalk : " "
  [10, 16] source.smalltalk.gnu variable.other.smalltalk : "method"
  [16, 17] source.smalltalk.gnu keyword.operator.binary.smalltalk : " "
  [17, 18] source.smalltalk.gnu comment.block.double-quoted.smalltalk punctuation.definition.comment.begin.smalltalk : """
LINE: !keywordMessage: arg1 with: arg2
  [0, 33] source.smalltalk.gnu comment.block.double-quoted.smalltalk : "!keywordMessage: arg1 with: arg2"
LINE:     " This is a keyword method. "
  [0, 4] source.smalltalk.gnu comment.block.double-quoted.smalltalk : "    "
  [4, 5] source.smalltalk.gnu comment.block.double-quoted.smalltalk punctuation.definition.comment.end.smalltalk : """
  [5, 6] source.smalltalk.gnu keyword.operator.binary.smalltalk : " "
  [6, 10] source.smalltalk.gnu entity.name.type.class.smalltalk : "This"
  [10, 11] source.smalltalk.gnu keyword.operator.binary.smalltalk : " "
  [11, 13] source.smalltalk.gnu variable.other.smalltalk : "is"
  [13, 14] source.smalltalk.gnu keyword.operator.binary.smalltalk : " "
  [14, 15] source.smalltalk.gnu variable.other.smalltalk : "a"
  [15, 16] source.smalltalk.gnu keyword.operator.binary.smalltalk : " "
  [16, 23] source.smalltalk.gnu variable.other.smalltalk : "keyword"
  [23, 24] source.smalltalk.gnu keyword.operator.binary.smalltalk : " "
  [24, 30] source.smalltalk.gnu variable.other.smalltalk : "method"
  [30, 31] source.smalltalk.gnu punctuation.terminator.statement.smalltalk : "."
  [31, 32] source.smalltalk.gnu keyword.operator.binary.smalltalk : " "
  [32, 33] source.smalltalk.gnu comment.block.double-quoted.smalltalk punctuation.definition.comment.begin.smalltalk : """
LINE:     Transcript show: 'Arg1: '; print: arg1; cr.
  [0, 48] source.smalltalk.gnu comment.block.double-quoted.smalltalk : "    Transcript show: 'Arg1: '; print: arg1; cr."
LINE:     Transcript show: 'Arg2: '; print: arg2; cr.
  [0, 48] source.smalltalk.gnu comment.block.double-quoted.smalltalk : "    Transcript show: 'Arg2: '; print: arg2; cr."
LINE:     ^arg1, arg2. " Assuming args are concatenable "
  [0, 17] source.smalltalk.gnu comment.block.double-quoted.smalltalk : "    ^arg1, arg2. "
  [17, 18] source.smalltalk.gnu comment.block.double-quoted.smalltalk punctuation.definition.comment.end.smalltalk : """
  [18, 19] source.smalltalk.gnu keyword.operator.binary.smalltalk : " "
  [19, 27] source.smalltalk.gnu entity.name.type.class.smalltalk : "Assuming"
  [27, 28] source.smalltalk.gnu keyword.operator.binary.smalltalk : " "
  [28, 32] source.smalltalk.gnu variable.other.smalltalk : "args"
  [32, 33] source.smalltalk.gnu keyword.operator.binary.smalltalk : " "
  [33, 36] source.smalltalk.gnu variable.other.smalltalk : "are"
  [36, 37] source.smalltalk.gnu keyword.operator.binary.smalltalk : " "
  [37, 49] source.smalltalk.gnu variable.other.smalltalk : "concatenable"
  [49, 50] source.smalltalk.gnu keyword.operator.binary.smalltalk : " "
  [50, 51] source.smalltalk.gnu comment.block.double-quoted.smalltalk punctuation.definition.comment.begin.smalltalk : """
LINE: !
  [0, 2] source.smalltalk.gnu comment.block.double-quoted.smalltalk : "!"
LINE: 
  [0, 1] source.smalltalk.gnu comment.block.double-quoted.smalltalk : ""
LINE: " Keyword method with temporary variables "
  [0, 1] source.smalltalk.gnu comment.block.double-quoted.smalltalk punctuation.definition.comment.end.smalltalk : """
  [1, 2] source.smalltalk.gnu keyword.operator.binary.smalltalk : " "
  [2, 9] source.smalltalk.gnu entity.name.type.class.smalltalk : "Keyword"
  [9, 10] source.smalltalk.gnu keyword.operator.binary.smalltalk : " "
  [10, 16] source.smalltalk.gnu variable.other.smalltalk : "method"
  [16, 17] source.smalltalk.gnu keyword.operator.binary.smalltalk : " "
  [17, 21] source.smalltalk.gnu variable.other.smalltalk : "with"
  [21, 22] source.smalltalk.gnu keyword.operator.binary.smalltalk : " "
  [22, 31] source.smalltalk.gnu variable.other.smalltalk : "temporary"
  [31, 32] source.smalltalk.gnu keyword.operator.binary.smalltalk : " "
  [32, 41] source.smalltalk.gnu variable.other.smalltalk : "variables"
  [41, 42] source.smalltalk.gnu keyword.operator.binary.smalltalk : " "
  [42, 43] source.smalltalk.gnu comment.block.double-quoted.smalltalk punctuation.definition.comment.begin.smalltalk : """
LINE: !process: data ifError: errorBlock
  [0, 35] source.smalltalk.gnu comment.block.double-quoted.smalltalk : "!process: data ifError: errorBlock"
LINE:     | processedData |
  [0, 22] source.smalltalk.gnu comment.block.double-quoted.smalltalk : "    | processedData |"
LINE:     data isNil ifTrue: [ ^errorBlock value ].
  [0, 46] source.smalltalk.gnu comment.block.double-quoted.smalltalk : "    data isNil ifTrue: [ ^errorBlock value ]."
LINE:     processedData := data reversed. " Example processing "
  [0, 36] source.smalltalk.gnu comment.block.double-quoted.smalltalk : "    processedData := data reversed. "
  [36, 37] source.smalltalk.gnu comment.block.double-quoted.smalltalk punctuation.definition.comment.end.smalltalk : """
  [37, 38] source.smalltalk.gnu keyword.operator.binary.smalltalk : " "
  [38, 45] source.smalltalk.gnu entity.name.type.class.smalltalk : "Example"
  [45, 46] source.smalltalk.gnu keyword.operator.binary.smalltalk : " "
  [46, 56] source.smalltalk.gnu variable.other.smalltalk : "processing"
  [56, 57] source.smalltalk.gnu keyword.operator.binary.smalltalk : " "
  [57, 58] source.smalltalk.gnu comment.block.double-quoted.smalltalk punctuation.definition.comment.begin.smalltalk : """
LINE:     ^processedData.
  [0, 20] source.smalltalk.gnu comment.block.double-quoted.smalltalk : "    ^processedData."
LINE: !
  [0, 2] source.smalltalk.gnu comment.block.double-quoted.smalltalk : "!"
LINE: 
  [0, 1] source.smalltalk.gnu comment.block.double-quoted.smalltalk : ""
LINE: " Method with only a return statement "
  [0, 1] source.smalltalk.gnu comment.block.double-quoted.smalltalk punctuation.definition.comment.end.smalltalk : """
  [1, 2] source.smalltalk.gnu keyword.operator.binary.smalltalk : " "
  [2, 8] source.smalltalk.gnu entity.name.type.class.smalltalk : "Method"
  [8, 9] source.smalltalk.gnu keyword.operator.binary.smalltalk : " "
  [9, 13] source.smalltalk.gnu variable.other.smalltalk : "with"
  [13, 14] source.smalltalk.gnu keyword.operator.binary.smalltalk : " "
  [14, 18] source.smalltalk.gnu variable.other.smalltalk : "only"
  [18, 19] source.smalltalk.gnu keyword.operator.binary.smalltalk : " "
  [19, 20] source.smalltalk.gnu variable.other.smalltalk : "a"
  [20, 21] source.smalltalk.gnu keyword.operator.binary.smalltalk : " "
  [21, 27] source.smalltalk.gnu variable.other.smalltalk : "return"
  [27, 28] source.smalltalk.gnu keyword.operator.binary.smalltalk : " "
  [28, 37] source.smalltalk.gnu variable.other.smalltalk : "statement"
  [37, 38] source.smalltalk.gnu keyword.operator.binary.smalltalk : " "
  [38, 39] source.smalltalk.gnu comment.block.double-quoted.smalltalk punctuation.definition.comment.begin.smalltalk : """
LINE: !getFixedValue
  [0, 15] source.smalltalk.gnu comment.block.double-quoted.smalltalk : "!getFixedValue"
LINE:     ^42.
  [0, 9] source.smalltalk.gnu comment.block.double-quoted.smalltalk : "    ^42."
LINE: !
  [0, 2] source.smalltalk.gnu comment.block.double-quoted.smalltalk : "!"
LINE: 
  [0, 1] source.smalltalk.gnu comment.block.double-quoted.smalltalk : ""
LINE: " Method with statements before return "
  [0, 1] source.smalltalk.gnu comment.block.double-quoted.smalltalk punctuation.definition.comment.end.smalltalk : """
  [1, 2] source.smalltalk.gnu keyword.operator.binary.smalltalk : " "
  [2, 8] source.smalltalk.gnu entity.name.type.class.smalltalk : "Method"
  [8, 9] source.smalltalk.gnu keyword.operator.binary.smalltalk : " "
  [9, 13] source.smalltalk.gnu variable.other.smalltalk : "with"
  [13, 14] source.smalltalk.gnu keyword.operator.binary.smalltalk : " "
  [14, 24] source.smalltalk.gnu variable.other.smalltalk : "statements"
  [24, 25] source.smalltalk.gnu keyword.operator.binary.smalltalk : " "
  [25, 31] source.smalltalk.gnu variable.other.smalltalk : "before"
  [31, 32] source.smalltalk.gnu keyword.operator.binary.smalltalk : " "
  [32, 38] source.smalltalk.gnu variable.other.smalltalk : "return"
  [38, 39] source.smalltalk.gnu keyword.operator.binary.smalltalk : " "
  [39, 40] source.smalltalk.gnu comment.block.double-quoted.smalltalk punctuation.definition.comment.begin.smalltalk : """
LINE: !calculateAndReturn
  [0, 20] source.smalltalk.gnu comment.block.double-quoted.smalltalk : "!calculateAndReturn"
LINE:     | intermediate |
  [0, 21] source.smalltalk.gnu comment.block.double-quoted.smalltalk : "    | intermediate |"
LINE:     Transcript show: 'Calculating...'; cr.
  [0, 43] source.smalltalk.gnu comment.block.double-quoted.smalltalk : "    Transcript show: 'Calculating...'; cr."
LINE:     intermediate := self complexCalculation. " Assuming complexCalculation is defined "
  [0, 45] source.smalltalk.gnu comment.block.double-quoted.smalltalk : "    intermediate := self complexCalculation. "
  [45, 46] source.smalltalk.gnu comment.block.double-quoted.smalltalk punctuation.definition.comment.end.smalltalk : """
  [46, 47] source.smalltalk.gnu keyword.operator.binary.smalltalk : " "
  [47, 55] source.smalltalk.gnu entity.name.type.class.smalltalk : "Assuming"
  [55, 56] source.smalltalk.gnu keyword.operator.binary.smalltalk : " "
  [56, 74] source.smalltalk.gnu variable.other.smalltalk : "complexCalculation"
  [74, 75] source.smalltalk.gnu keyword.operator.binary.smalltalk : " "
  [75, 77] source.smalltalk.gnu variable.other.smalltalk : "is"
  [77, 78] source.smalltalk.gnu keyword.operator.binary.smalltalk : " "
  [78, 85] source.smalltalk.gnu variable.other.smalltalk : "defined"
  [85, 86] source.smalltalk.gnu keyword.operator.binary.smalltalk : " "
  [86, 87] source.smalltalk.gnu comment.block.double-quoted.smalltalk punctuation.definition.comment.begin.smalltalk : """
LINE:     ^intermediate * 2.
  [0, 23] source.smalltalk.gnu comment.block.double-quoted.smalltalk : "    ^intermediate * 2."
LINE: !
  [0, 2] source.smalltalk.gnu comment.block.double-quoted.smalltalk : "!"
LINE: !complexCalculation
  [0, 20] source.smalltalk.gnu comment.block.double-quoted.smalltalk : "!complexCalculation"
LINE:     ^10. " Placeholder "
  [0, 9] source.smalltalk.gnu comment.block.double-quoted.smalltalk : "    ^10. "
  [9, 10] source.smalltalk.gnu comment.block.double-quoted.smalltalk punctuation.definition.comment.end.smalltalk : """
  [10, 11] source.smalltalk.gnu keyword.operator.binary.smalltalk : " "
  [11, 22] source.smalltalk.gnu entity.name.type.class.smalltalk : "Placeholder"
  [22, 23] source.smalltalk.gnu keyword.operator.binary.smalltalk : " "
  [23, 24] source.smalltalk.gnu comment.block.double-quoted.smalltalk punctuation.definition.comment.begin.smalltalk : """
LINE: !
  [0, 2] source.smalltalk.gnu comment.block.double-quoted.smalltalk : "!"
LINE: 
  [0, 1] source.smalltalk.gnu comment.block.double-quoted.smalltalk : ""
LINE: " Method without an explicit return (implicitly returns self) "
  [0, 1] source.smalltalk.gnu comment.block.double-quoted.smalltalk punctuation.definition.comment.end.smalltalk : """
  [1, 2] source.smalltalk.gnu keyword.operator.binary.smalltalk : " "
  [2, 8] source.smalltalk.gnu entity.name.type.class.smalltalk : "Method"
  [8, 9] source.smalltalk.gnu keyword.operator.binary.smalltalk : " "
  [9, 16] source.smalltalk.gnu variable.other.smalltalk : "without"
  [16, 17] source.smalltalk.gnu keyword.operator.binary.smalltalk : " "
  [17, 19] source.smalltalk.gnu variable.other.smalltalk : "an"
  [19, 20] source.smalltalk.gnu keyword.operator.binary.smalltalk : " "
  [20, 28] source.smalltalk.gnu variable.other.smalltalk : "explicit"
  [28, 29] source.smalltalk.gnu keyword.operator.binary.smalltalk : " "
  [29, 35] source.smalltalk.gnu variable.other.smalltalk : "return"
  [35, 36] source.smalltalk.gnu keyword.operator.binary.smalltalk : " "
  [36, 37] source.smalltalk.gnu meta.expression.parenthesized.smalltalk punctuation.section.group.begin.smalltalk : "("
  [37, 47] source.smalltalk.gnu meta.expression.parenthesized.smalltalk variable.other.smalltalk : "implicitly"
  [47, 48] source.smalltalk.gnu meta.expression.parenthesized.smalltalk keyword.operator.binary.smalltalk : " "
  [48, 55] source.smalltalk.gnu meta.expression.parenthesized.smalltalk variable.other.smalltalk : "returns"
  [55, 56] source.smalltalk.gnu meta.expression.parenthesized.smalltalk keyword.operator.binary.smalltalk : " "
  [56, 60] source.smalltalk.gnu meta.expression.parenthesized.smalltalk variable.language.self.smalltalk : "self"
  [60, 61] source.smalltalk.gnu meta.expression.parenthesized.smalltalk punctuation.section.group.end.smalltalk : ")"
  [61, 62] source.smalltalk.gnu keyword.operator.binary.smalltalk : " "
  [62, 63] source.smalltalk.gnu comment.block.double-quoted.smalltalk punctuation.definition.comment.begin.smalltalk : """
LINE: !doSomething
  [0, 13] source.smalltalk.gnu comment.block.double-quoted.smalltalk : "!doSomething"
LINE:     Transcript show: 'Doing something with self: '; print: self; cr.
  [0, 69] source.smalltalk.gnu comment.block.double-quoted.smalltalk : "    Transcript show: 'Doing something with self: '; print: self; cr."
LINE:     " No explicit ^, so self is returned. "
  [0, 4] source.smalltalk.gnu comment.block.double-quoted.smalltalk : "    "
  [4, 5] source.smalltalk.gnu comment.block.double-quoted.smalltalk punctuation.definition.comment.end.smalltalk : """
  [5, 6] source.smalltalk.gnu keyword.operator.binary.smalltalk : " "
  [6, 8] source.smalltalk.gnu entity.name.type.class.smalltalk : "No"
  [8, 9] source.smalltalk.gnu keyword.operator.binary.smalltalk : " "
  [9, 17] source.smalltalk.gnu variable.other.smalltalk : "explicit"
  [17, 18] source.smalltalk.gnu keyword.operator.binary.smalltalk : " "
  [18, 19] source.smalltalk.gnu keyword.control.return.smalltalk : "^"
  [19, 21] source.smalltalk.gnu keyword.operator.binary.smalltalk : ", "
  [21, 23] source.smalltalk.gnu variable.other.smalltalk : "so"
  [23, 24] source.smalltalk.gnu keyword.operator.binary.smalltalk : " "
  [24, 28] source.smalltalk.gnu variable.language.self.smalltalk : "self"
  [28, 29] source.smalltalk.gnu keyword.operator.binary.smalltalk : " "
  [29, 31] source.smalltalk.gnu variable.other.smalltalk : "is"
  [31, 32] source.smalltalk.gnu keyword.operator.binary.smalltalk : " "
  [32, 40] source.smalltalk.gnu variable.other.smalltalk : "returned"
  [40, 41] source.smalltalk.gnu punctuation.terminator.statement.smalltalk : "."
  [41, 42] source.smalltalk.gnu keyword.operator.binary.smalltalk : " "
  [42, 43] source.smalltalk.gnu comment.block.double-quoted.smalltalk punctuation.definition.comment.begin.smalltalk : """
LINE: !
  [0, 2] source.smalltalk.gnu comment.block.double-quoted.smalltalk : "!"
LINE: 
  [0, 1] source.smalltalk.gnu comment.block.double-quoted.smalltalk : ""
LINE: " Method with instance variable access (assuming 'ivar1' was declared) "
  [0, 1] source.smalltalk.gnu comment.block.double-quoted.smalltalk punctuation.definition.comment.end.smalltalk : """
  [1, 2] source.smalltalk.gnu keyword.operator.binary.smalltalk : " "
  [2, 8] source.smalltalk.gnu entity.name.type.class.smalltalk : "Method"
  [8, 9] source.smalltalk.gnu keyword.operator.binary.smalltalk : " "
  [9, 13] source.smalltalk.gnu variable.other.smalltalk : "with"
  [13, 14] source.smalltalk.gnu keyword.operator.binary.smalltalk : " "
  [14, 22] source.smalltalk.gnu variable.other.smalltalk : "instance"
  [22, 23] source.smalltalk.gnu keyword.operator.binary.smalltalk : " "
  [23, 31] source.smalltalk.gnu variable.other.smalltalk : "variable"
  [31, 32] source.smalltalk.gnu keyword.operator.binary.smalltalk : " "
  [32, 38] source.smalltalk.gnu variable.other.smalltalk : "access"
  [38, 39] source.smalltalk.gnu keyword.operator.binary.smalltalk : " "
  [39, 40] source.smalltalk.gnu meta.expression.parenthesized.smalltalk punctuation.section.group.begin.smalltalk : "("
  [40, 48] source.smalltalk.gnu meta.expression.parenthesized.smalltalk variable.other.smalltalk : "assuming"
  [48, 49] source.smalltalk.gnu meta.expression.parenthesized.smalltalk keyword.operator.binary.smalltalk : " "
  [49, 50] source.smalltalk.gnu meta.expression.parenthesized.smalltalk string.quoted.single.smalltalk punctuation.definition.string.begin.smalltalk : "'"
  [50, 55] source.smalltalk.gnu meta.expression.parenthesized.smalltalk string.quoted.single.smalltalk : "ivar1"
  [55, 56] source.smalltalk.gnu meta.expression.parenthesized.smalltalk string.quoted.single.smalltalk punctuation.definition.string.end.smalltalk : "'"
  [56, 57] source.smalltalk.gnu meta.expression.parenthesized.smalltalk keyword.operator.binary.smalltalk : " "
  [57, 60] source.smalltalk.gnu meta.expression.parenthesized.smalltalk variable.other.smalltalk : "was"
  [60, 61] source.smalltalk.gnu meta.expression.parenthesized.smalltalk keyword.operator.binary.smalltalk : " "
  [61, 69] source.smalltalk.gnu meta.expression.parenthesized.smalltalk variable.other.smalltalk : "declared"
  [69, 70] source.smalltalk.gnu meta.expression.parenthesized.smalltalk punctuation.section.group.end.smalltalk : ")"
  [70, 71] source.smalltalk.gnu keyword.operator.binary.smalltalk : " "
  [71, 72] source.smalltalk.gnu comment.block.double-quoted.smalltalk punctuation.definition.comment.begin.smalltalk : """
LINE: !getIvar1
  [0, 10] source.smalltalk.gnu comment.block.double-quoted.smalltalk : "!getIvar1"
LINE:     ^ivar1.
  [0, 12] source.smalltalk.gnu comment.block.double-quoted.smalltalk : "    ^ivar1."
LINE: !
  [0, 2] source.smalltalk.gnu comment.block.double-quoted.smalltalk : "!"
LINE: !setIvar1: aValue
  [0, 18] source.smalltalk.gnu comment.block.double-quoted.smalltalk : "!setIvar1: aValue"
LINE:     ivar1 := aValue.
  [0, 21] source.smalltalk.gnu comment.block.double-quoted.smalltalk : "    ivar1 := aValue."
LINE: !
  [0, 2] source.smalltalk.gnu comment.block.double-quoted.smalltalk : "!"
LINE: 
  [0, 1] source.smalltalk.gnu comment.block.double-quoted.smalltalk : ""
LINE: " End of Basic Method Definitions and Statements Test "
  [0, 1] source.smalltalk.gnu comment.block.double-quoted.smalltalk punctuation.definition.comment.end.smalltalk : """
  [1, 2] source.smalltalk.gnu keyword.operator.binary.smalltalk : " "
  [2, 5] source.smalltalk.gnu entity.name.type.class.smalltalk : "End"
  [5, 6] source.smalltalk.gnu keyword.operator.binary.smalltalk : " "
  [6, 8] source.smalltalk.gnu variable.other.smalltalk : "of"
  [8, 9] source.smalltalk.gnu keyword.operator.binary.smalltalk : " "
  [9, 14] source.smalltalk.gnu entity.name.type.class.smalltalk : "Basic"
  [14, 15] source.smalltalk.gnu keyword.operator.binary.smalltalk : " "
  [15, 21] source.smalltalk.gnu entity.name.type.class.smalltalk : "Method"
  [21, 22] source.smalltalk.gnu keyword.operator.binary.smalltalk : " "
  [22, 33] source.smalltalk.gnu entity.name.type.class.smalltalk : "Definitions"
  [33, 34] source.smalltalk.gnu keyword.operator.binary.smalltalk : " "
  [34, 37] source.smalltalk.gnu variable.other.smalltalk : "and"
  [37, 38] source.smalltalk.gnu keyword.operator.binary.smalltalk : " "
  [38, 48] source.smalltalk.gnu entity.name.type.class.smalltalk : "Statements"
  [48, 49] source.smalltalk.gnu keyword.operator.binary.smalltalk : " "
  [49, 53] source.smalltalk.gnu entity.name.type.class.smalltalk : "Test"
  [53, 54] source.smalltalk.gnu keyword.operator.binary.smalltalk : " "
  [54, 55] source.smalltalk.gnu comment.block.double-quoted.smalltalk punctuation.definition.comment.begin.smalltalk : """
LINE: " The '!' is a chunk separator in file-out format. "
  [0, 1] source.smalltalk.gnu comment.block.double-quoted.smalltalk punctuation.definition.comment.end.smalltalk : """
  [1, 2] source.smalltalk.gnu keyword.operator.binary.smalltalk : " "
  [2, 5] source.smalltalk.gnu entity.name.type.class.smalltalk : "The"
  [5, 6] source.smalltalk.gnu keyword.operator.binary.smalltalk : " "
  [6, 7] source.smalltalk.gnu string.quoted.single.smalltalk punctuation.definition.string.begin.smalltalk : "'"
  [7, 8] source.smalltalk.gnu string.quoted.single.smalltalk : "!"
  [8, 9] source.smalltalk.gnu string.quoted.single.smalltalk punctuation.definition.string.end.smalltalk : "'"
  [9, 10] source.smalltalk.gnu keyword.operator.binary.smalltalk : " "
  [10, 12] source.smalltalk.gnu variable.other.smalltalk : "is"
  [12, 13] source.smalltalk.gnu keyword.operator.binary.smalltalk : " "
  [13, 14] source.smalltalk.gnu variable.other.smalltalk : "a"
  [14, 15] source.smalltalk.gnu keyword.operator.binary.smalltalk : " "
  [15, 20] source.smalltalk.gnu variable.other.smalltalk : "chunk"
  [20, 21] source.smalltalk.gnu keyword.operator.binary.smalltalk : " "
  [21, 30] source.smalltalk.gnu variable.other.smalltalk : "separator"
  [30, 31] source.smalltalk.gnu keyword.operator.binary.smalltalk : " "
  [31, 33] source.smalltalk.gnu variable.other.smalltalk : "in"
  [33, 34] source.smalltalk.gnu keyword.operator.binary.smalltalk : " "
  [34, 38] source.smalltalk.gnu variable.other.smalltalk : "file"
  [38, 39] source.smalltalk.gnu keyword.operator.binary.smalltalk : "-"
  [39, 42] source.smalltalk.gnu variable.other.smalltalk : "out"
  [42, 43] source.smalltalk.gnu keyword.operator.binary.smalltalk : " "
  [43, 49] source.smalltalk.gnu variable.other.smalltalk : "format"
  [49, 50] source.smalltalk.gnu punctuation.terminator.statement.smalltalk : "."
  [50, 51] source.smalltalk.gnu keyword.operator.binary.smalltalk : " "
  [51, 52] source.smalltalk.gnu comment.block.double-quoted.smalltalk punctuation.definition.comment.begin.smalltalk : """
LINE: !
  [0, 2] source.smalltalk.gnu comment.block.double-quoted.smalltalk : "!"
LINE: 
  [0, 1] source.smalltalk.gnu comment.block.double-quoted.smalltalk : ""