LINE: "
  [0, 1] source.smalltalk.gnu comment.block.double-quoted.smalltalk punctuation.definition.comment.begin.smalltalk : """
LINE:     File: 12_gst_specific_extend_scoped_methods.st
  [0, 51] source.smalltalk.gnu comment.block.double-quoted.smalltalk : "    File: 12_gst_specific_extend_scoped_methods.st"
LINE:     Purpose: Test cases for GNU Smalltalk specific syntax:
  [0, 59] source.smalltalk.gnu comment.block.double-quoted.smalltalk : "    Purpose: Test cases for GNU Smalltalk specific syntax:"
LINE:              - object extend [...]
  [0, 35] source.smalltalk.gnu comment.block.double-quoted.smalltalk : "             - object extend [...]"
LINE:              - Scoped method definitions (Class >> selector [...] and Class class >> selector [...])
  [0, 101] source.smalltalk.gnu comment.block.double-quoted.smalltalk : "             - Scoped method definitions (Class >> selector [...] and Class class >> selector [...])"
LINE: "
  [0, 1] source.smalltalk.gnu comment.block.double-quoted.smalltalk punctuation.definition.comment.end.smalltalk : """
LINE: 
  [0, 1] source.smalltalk.gnu : ""
LINE: " --- object extend [...] --- "
  [0, 1] source.smalltalk.gnu comment.block.double-quoted.smalltalk punctuation.definition.comment.begin.smalltalk : """
  [1, 30] source.smalltalk.gnu comment.block.double-quoted.smalltalk : " --- object extend [...] --- "
  [30, 31] source.smalltalk.gnu comment.block.double-quoted.smalltalk punctuation.definition.comment.end.smalltalk : """
LINE: | myInstance myExtendedInstance |
  [0, 2] source.smalltalk.gnu keyword.operator.binary.smalltalk : "| "
  [2, 12] source.smalltalk.gnu variable.other.smalltalk : "myInstance"
  [12, 13] source.smalltalk.gnu keyword.operator.binary.smalltalk : " "
  [13, 31] source.smalltalk.gnu variable.other.smalltalk : "myExtendedInstance"
  [31, 33] source.smalltalk.gnu keyword.operator.binary.smalltalk : " |"
LINE: myInstance := Object new.
  [0, 10] source.smalltalk.gnu variable.other.smalltalk : "myInstance"
  [10, 11] source.smalltalk.gnu keyword.operator.binary.smalltalk : " "
  [11, 13] source.smalltalk.gnu keyword.operator.assignment.smalltalk : ":="
  [13, 14] source.smalltalk.gnu keyword.operator.binary.smalltalk : " "
  [14, 20] source.smalltalk.gnu entity.name.type.class.smalltalk : "Object"
  [20, 21] source.smalltalk.gnu keyword.operator.binary.smalltalk : " "
  [21, 24] source.smalltalk.gnu variable.other.smalltalk : "new"
  [24, 25] source.smalltalk.gnu punctuation.terminator.statement.smalltalk : "."
LINE: 
  [0, 1] source.smalltalk.gnu : ""
LINE: myInstance extend [
  [0, 10] source.smalltalk.gnu variable.other.smalltalk : "myInstance"
  [10, 11] source.smalltalk.gnu keyword.operator.binary.smalltalk : " "
  [11, 17] source.smalltalk.gnu variable.other.smalltalk : "extend"
  [17, 18] source.smalltalk.gnu keyword.operator.binary.smalltalk : " "
  [18, 19] source.smalltalk.gnu meta.block.literal.smalltalk punctuation.definition.block.begin.smalltalk : "["
LINE:     " Adding methods to a specific instance "
  [0, 4] source.smalltalk.gnu meta.block.literal.smalltalk keyword.operator.binary.smalltalk : "    "
  [4, 5] source.smalltalk.gnu meta.block.literal.smalltalk comment.block.double-quoted.smalltalk punctuation.definition.comment.begin.smalltalk : """
  [5, 44] source.smalltalk.gnu meta.block.literal.smalltalk comment.block.double-quoted.smalltalk : " Adding methods to a specific instance "
  [44, 45] source.smalltalk.gnu meta.block.literal.smalltalk comment.block.double-quoted.smalltalk punctuation.definition.comment.end.smalltalk : """
LINE:     | extensionVar | " Instance variable for this extension only "
  [0, 6] source.smalltalk.gnu meta.block.literal.smalltalk keyword.operator.binary.smalltalk : "    | "
  [6, 18] source.smalltalk.gnu meta.block.literal.smalltalk variable.other.smalltalk : "extensionVar"
  [18, 21] source.smalltalk.gnu meta.block.literal.smalltalk keyword.operator.binary.smalltalk : " | "
  [21, 22] source.smalltalk.gnu meta.block.literal.smalltalk comment.block.double-quoted.smalltalk punctuation.definition.comment.begin.smalltalk : """
  [22, 65] source.smalltalk.gnu meta.block.literal.smalltalk comment.block.double-quoted.smalltalk : " Instance variable for this extension only "
  [65, 66] source.smalltalk.gnu meta.block.literal.smalltalk comment.block.double-quoted.smalltalk punctuation.definition.comment.end.smalltalk : """
LINE: 
  [0, 1] source.smalltalk.gnu meta.block.literal.smalltalk : ""
LINE:     initializeExtension [
  [0, 4] source.smalltalk.gnu meta.block.literal.smalltalk keyword.operator.binary.smalltalk : "    "
  [4, 23] source.smalltalk.gnu meta.block.literal.smalltalk variable.other.smalltalk : "initializeExtension"
  [23, 24] source.smalltalk.gnu meta.block.literal.smalltalk keyword.operator.binary.smalltalk : " "
  [24, 25] source.smalltalk.gnu meta.block.literal.smalltalk meta.block.literal.smalltalk punctuation.definition.block.begin.smalltalk : "["
LINE:         extensionVar := 'Extended!'.
  [0, 8] source.smalltalk.gnu meta.block.literal.smalltalk meta.block.literal.smalltalk keyword.operator.binary.smalltalk : "        "
  [8, 20] source.smalltalk.gnu meta.block.literal.smalltalk meta.block.literal.smalltalk variable.other.smalltalk : "extensionVar"
  [20, 21] source.smalltalk.gnu meta.block.literal.smalltalk meta.block.literal.smalltalk keyword.operator.binary.smalltalk : " "
  [21, 23] source.smalltalk.gnu meta.block.literal.smalltalk meta.block.literal.smalltalk keyword.operator.assignment.smalltalk : ":="
  [23, 24] source.smalltalk.gnu meta.block.literal.smalltalk meta.block.literal.smalltalk keyword.operator.binary.smalltalk : " "
  [24, 25] source.smalltalk.gnu meta.block.literal.smalltalk meta.block.literal.smalltalk string.quoted.single.smalltalk punctuation.definition.string.begin.smalltalk : "'"
  [25, 34] source.smalltalk.gnu meta.block.literal.smalltalk meta.block.literal.smalltalk string.quoted.single.smalltalk : "Extended!"
  [34, 35] source.smalltalk.gnu meta.block.literal.smalltalk meta.block.literal.smalltalk string.quoted.single.smalltalk punctuation.definition.string.end.smalltalk : "'"
  [35, 36] source.smalltalk.gnu meta.block.literal.smalltalk meta.block.literal.smalltalk punctuation.terminator.statement.smalltalk : "."
LINE:         Transcript show: 'Instance extended and initialized.'; cr.
  [0, 8] source.smalltalk.gnu meta.block.literal.smalltalk meta.block.literal.smalltalk keyword.operator.binary.smalltalk : "        "
  [8, 18] source.smalltalk.gnu meta.block.literal.smalltalk meta.block.literal.smalltalk entity.name.type.class.smalltalk : "Transcript"
  [18, 19] source.smalltalk.gnu meta.block.literal.smalltalk meta.block.literal.smalltalk keyword.operator.binary.smalltalk : " "
  [19, 24] source.smalltalk.gnu meta.block.literal.smalltalk meta.block.literal.smalltalk entity.name.function.keyword.smalltalk : "show:"
  [24, 25] source.smalltalk.gnu meta.block.literal.smalltalk meta.block.literal.smalltalk keyword.operator.binary.smalltalk : " "
  [25, 26] source.smalltalk.gnu meta.block.literal.smalltalk meta.block.literal.smalltalk string.quoted.single.smalltalk punctuation.definition.string.begin.smalltalk : "'"
  [26, 60] source.smalltalk.gnu meta.block.literal.smalltalk meta.block.literal.smalltalk string.quoted.single.smalltalk : "Instance extended and initialized."
  [60, 61] source.smalltalk.gnu meta.block.literal.smalltalk meta.block.literal.smalltalk string.quoted.single.smalltalk punctuation.definition.string.end.smalltalk : "'"
  [61, 62] source.smalltalk.gnu meta.block.literal.smalltalk meta.block.literal.smalltalk punctuation.separator.cascade.smalltalk : ";"
  [62, 63] source.smalltalk.gnu meta.block.literal.smalltalk meta.block.literal.smalltalk keyword.operator.binary.smalltalk : " "
  [63, 65] source.smalltalk.gnu meta.block.literal.smalltalk meta.block.literal.smalltalk variable.other.smalltalk : "cr"
  [65, 66] source.smalltalk.gnu meta.block.literal.smalltalk meta.block.literal.smalltalk punctuation.terminator.statement.smalltalk : "."
LINE:     ]
  [0, 4] source.smalltalk.gnu meta.block.literal.smalltalk meta.block.literal.smalltalk keyword.operator.binary.smalltalk : "    "
  [4, 5] source.smalltalk.gnu meta.block.literal.smalltalk meta.block.literal.smalltalk punctuation.definition.block.end.smalltalk : "]"
LINE: 
  [0, 1] source.smalltalk.gnu meta.block.literal.smalltalk : ""
LINE:     greetFromExtension [
  [0, 4] source.smalltalk.gnu meta.block.literal.smalltalk keyword.operator.binary.smalltalk : "    "
  [4, 22] source.smalltalk.gnu meta.block.literal.smalltalk variable.other.smalltalk : "greetFromExtension"
  [22, 23] source.smalltalk.gnu meta.block.literal.smalltalk keyword.operator.binary.smalltalk : " "
  [23, 24] source.smalltalk.gnu meta.block.literal.smalltalk meta.block.literal.smalltalk punctuation.definition.block.begin.smalltalk : "["
LINE:         ^'Hello from extended instance: ', extensionVar.
  [0, 8] source.smalltalk.gnu meta.block.literal.smalltalk meta.block.literal.smalltalk keyword.operator.binary.smalltalk : "        "
  [8, 9] source.smalltalk.gnu meta.block.literal.smalltalk meta.block.literal.smalltalk keyword.control.return.smalltalk : "^"
  [9, 10] source.smalltalk.gnu meta.block.literal.smalltalk meta.block.literal.smalltalk string.quoted.single.smalltalk punctuation.definition.string.begin.smalltalk : "'"
  [10, 40] source.smalltalk.gnu meta.block.literal.smalltalk meta.block.literal.smalltalk string.quoted.single.smalltalk : "Hello from extended instance: "
  [40, 41] source.smalltalk.gnu meta.block.literal.smalltalk meta.block.literal.smalltalk string.quoted.single.smalltalk punctuation.definition.string.end.smalltalk : "'"
  [41, 43] source.smalltalk.gnu meta.block.literal.smalltalk meta.block.literal.smalltalk keyword.operator.binary.smalltalk : ", "
  [43, 55] source.smalltalk.gnu meta.block.literal.smalltalk meta.block.literal.smalltalk variable.other.smalltalk : "extensionVar"
  [55, 56] source.smalltalk.gnu meta.block.literal.smalltalk meta.block.literal.smalltalk punctuation.terminator.statement.smalltalk : "."
LINE:     ]
  [0, 4] source.smalltalk.gnu meta.block.literal.smalltalk meta.block.literal.smalltalk keyword.operator.binary.smalltalk : "    "
  [4, 5] source.smalltalk.gnu meta.block.literal.smalltalk meta.block.literal.smalltalk punctuation.definition.block.end.smalltalk : "]"
LINE: ].
  [0, 1] source.smalltalk.gnu meta.block.literal.smalltalk punctuation.definition.block.end.smalltalk : "]"
  [1, 2] source.smalltalk.gnu punctuation.terminator.statement.smalltalk : "."
LINE: 
  [0, 1] source.smalltalk.gnu : ""
LINE: " Initialize and use the extended methods "
  [0, 1] source.smalltalk.gnu comment.block.double-quoted.smalltalk punctuation.definition.comment.begin.smalltalk : """
  [1, 42] source.smalltalk.gnu comment.block.double-quoted.smalltalk : " Initialize and use the extended methods "
  [42, 43] source.smalltalk.gnu comment.block.double-quoted.smalltalk punctuation.definition.comment.end.smalltalk : """
LINE: myInstance initializeExtension.
  [0, 10] source.smalltalk.gnu variable.other.smalltalk : "myInstance"
  [10, 11] source.smalltalk.gnu keyword.operator.binary.smalltalk : " "
  [11, 30] source.smalltalk.gnu variable.other.smalltalk : "initializeExtension"
  [30, 31] source.smalltalk.gnu punctuation.terminator.statement.smalltalk : "."
LINE: (myInstance greetFromExtension) printNl.
  [0, 1] source.smalltalk.gnu meta.expression.parenthesized.smalltalk punctuation.section.group.begin.smalltalk : "("
  [1, 11] source.smalltalk.gnu meta.expression.parenthesized.smalltalk variable.other.smalltalk : "myInstance"
  [11, 12] source.smalltalk.gnu meta.expression.parenthesized.smalltalk keyword.operator.binary.smalltalk : " "
  [12, 30] source.smalltalk.gnu meta.expression.parenthesized.smalltalk variable.other.smalltalk : "greetFromExtension"
  [30, 31] source.smalltalk.gnu meta.expression.parenthesized.smalltalk punctuation.section.group.end.smalltalk : ")"
  [31, 32] source.smalltalk.gnu keyword.operator.binary.smalltalk : " "
  [32, 39] source.smalltalk.gnu variable.other.smalltalk : "printNl"
  [39, 40] source.smalltalk.gnu punctuation.terminator.statement.smalltalk : "."
LINE: 
  [0, 1] source.smalltalk.gnu : ""
LINE: " Another instance of Object won't have these methods "
  [0, 1] source.smalltalk.gnu comment.block.double-quoted.smalltalk punctuation.definition.comment.begin.smalltalk : """
  [1, 54] source.smalltalk.gnu comment.block.double-quoted.smalltalk : " Another instance of Object won't have these methods "
  [54, 55] source.smalltalk.gnu comment.block.double-quoted.smalltalk punctuation.definition.comment.end.smalltalk : """
LINE: myExtendedInstance := myInstance. " Keep a reference "
  [0, 18] source.smalltalk.gnu variable.other.smalltalk : "myExtendedInstance"
  [18, 19] source.smalltalk.gnu keyword.operator.binary.smalltalk : " "
  [19, 21] source.smalltalk.gnu keyword.operator.assignment.smalltalk : ":="
  [21, 22] source.smalltalk.gnu keyword.operator.binary.smalltalk : " "
  [22, 32] source.smalltalk.gnu variable.other.smalltalk : "myInstance"
  [32, 33] source.smalltalk.gnu punctuation.terminator.statement.smalltalk : "."
  [33, 34] source.smalltalk.gnu keyword.operator.binary.smalltalk : " "
  [34, 35] source.smalltalk.gnu comment.block.double-quoted.smalltalk punctuation.definition.comment.begin.smalltalk : """
  [35, 53] source.smalltalk.gnu comment.block.double-quoted.smalltalk : " Keep a reference "
  [53, 54] source.smalltalk.gnu comment.block.double-quoted.smalltalk punctuation.definition.comment.end.smalltalk : """
LINE: myInstance := Object new.
  [0, 10] source.smalltalk.gnu variable.other.smalltalk : "myInstance"
  [10, 11] source.smalltalk.gnu keyword.operator.binary.smalltalk : " "
  [11, 13] source.smalltalk.gnu keyword.operator.assignment.smalltalk : ":="
  [13, 14] source.smalltalk.gnu keyword.operator.binary.smalltalk : " "
  [14, 20] source.smalltalk.gnu entity.name.type.class.smalltalk : "Object"
  [20, 21] source.smalltalk.gnu keyword.operator.binary.smalltalk : " "
  [21, 24] source.smalltalk.gnu variable.other.smalltalk : "new"
  [24, 25] source.smalltalk.gnu punctuation.terminator.statement.smalltalk : "."
LINE: " myInstance greetFromExtension. " " This would cause a doesNotUnderstand error "
  [0, 1] source.smalltalk.gnu comment.block.double-quoted.smalltalk punctuation.definition.comment.begin.smalltalk : """
  [1, 33] source.smalltalk.gnu comment.block.double-quoted.smalltalk : " myInstance greetFromExtension. "
  [33, 34] source.smalltalk.gnu comment.block.double-quoted.smalltalk punctuation.definition.comment.end.smalltalk : """
  [34, 35] source.smalltalk.gnu keyword.operator.binary.smalltalk : " "
  [35, 36] source.smalltalk.gnu comment.block.double-quoted.smalltalk punctuation.definition.comment.begin.smalltalk : """
  [36, 80] source.smalltalk.gnu comment.block.double-quoted.smalltalk : " This would cause a doesNotUnderstand error "
  [80, 81] source.smalltalk.gnu comment.block.double-quoted.smalltalk punctuation.definition.comment.end.smalltalk : """
LINE: 
  [0, 1] source.smalltalk.gnu : ""
LINE: 
  [0, 1] source.smalltalk.gnu : ""
LINE: " --- Scoped Method Definitions (Class >> selector [...] and Class class >> selector [...]) --- "
  [0, 1] source.smalltalk.gnu comment.block.double-quoted.smalltalk punctuation.definition.comment.begin.smalltalk : """
  [1, 96] source.smalltalk.gnu comment.block.double-quoted.smalltalk : " --- Scoped Method Definitions (Class >> selector [...] and Class class >> selector [...]) --- "
  [96, 97] source.smalltalk.gnu comment.block.double-quoted.smalltalk punctuation.definition.comment.end.smalltalk : """
LINE: " These are typically used within a Class subclass: ... [...] block,
  [0, 1] source.smalltalk.gnu comment.block.double-quoted.smalltalk punctuation.definition.comment.begin.smalltalk : """
  [1, 69] source.smalltalk.gnu comment.block.double-quoted.smalltalk : " These are typically used within a Class subclass: ... [...] block,"
LINE:   but can also be used outside to add methods to existing classes. "
  [0, 67] source.smalltalk.gnu comment.block.double-quoted.smalltalk : "  but can also be used outside to add methods to existing classes. "
  [67, 68] source.smalltalk.gnu comment.block.double-quoted.smalltalk punctuation.definition.comment.end.smalltalk : """
LINE: 
  [0, 1] source.smalltalk.gnu : ""
LINE: " Pre-requisite: Define a class to add methods to, if not using an existing one. "
  [0, 1] source.smalltalk.gnu comment.block.double-quoted.smalltalk punctuation.definition.comment.begin.smalltalk : """
  [1, 81] source.smalltalk.gnu comment.block.double-quoted.smalltalk : " Pre-requisite: Define a class to add methods to, if not using an existing one. "
  [81, 82] source.smalltalk.gnu comment.block.double-quoted.smalltalk punctuation.definition.comment.end.smalltalk : """
LINE: Object subclass: #MyScopedMethodDemo [
  [0, 6] source.smalltalk.gnu entity.name.type.class.smalltalk : "Object"
  [6, 7] source.smalltalk.gnu keyword.operator.binary.smalltalk : " "
  [7, 16] source.smalltalk.gnu entity.name.function.keyword.smalltalk : "subclass:"
  [16, 17] source.smalltalk.gnu keyword.operator.binary.smalltalk : " "
  [17, 18] source.smalltalk.gnu constant.other.symbol.identifier.smalltalk punctuation.definition.symbol.smalltalk : "#"
  [18, 36] source.smalltalk.gnu constant.other.symbol.identifier.smalltalk : "MyScopedMethodDemo"
  [36, 37] source.smalltalk.gnu keyword.operator.binary.smalltalk : " "
  [37, 38] source.smalltalk.gnu meta.block.literal.smalltalk punctuation.definition.block.begin.smalltalk : "["
LINE:     | data |
  [0, 6] source.smalltalk.gnu meta.block.literal.smalltalk keyword.operator.binary.smalltalk : "    | "
  [6, 10] source.smalltalk.gnu meta.block.literal.smalltalk variable.other.smalltalk : "data"
  [10, 12] source.smalltalk.gnu meta.block.literal.smalltalk keyword.operator.binary.smalltalk : " |"
LINE:     MyScopedMethodDemo >> initializeWith: aValue [ data := aValue ]
  [0, 4] source.smalltalk.gnu meta.block.literal.smalltalk keyword.operator.binary.smalltalk : "    "
  [4, 22] source.smalltalk.gnu meta.block.literal.smalltalk entity.name.type.class.smalltalk : "MyScopedMethodDemo"
  [22, 26] source.smalltalk.gnu meta.block.literal.smalltalk keyword.operator.binary.smalltalk : " >> "
  [26, 41] source.smalltalk.gnu meta.block.literal.smalltalk entity.name.function.keyword.smalltalk : "initializeWith:"
  [41, 42] source.smalltalk.gnu meta.block.literal.smalltalk keyword.operator.binary.smalltalk : " "
  [42, 48] source.smalltalk.gnu meta.block.literal.smalltalk variable.other.smalltalk : "aValue"
  [48, 49] source.smalltalk.gnu meta.block.literal.smalltalk keyword.operator.binary.smalltalk : " "
  [49, 50] source.smalltalk.gnu meta.block.literal.smalltalk meta.block.literal.smalltalk punctuation.definition.block.begin.smalltalk : "["
  [50, 51] source.smalltalk.gnu meta.block.literal.smalltalk meta.block.literal.smalltalk keyword.operator.binary.smalltalk : " "
  [51, 55] source.smalltalk.gnu meta.block.literal.smalltalk meta.block.literal.smalltalk variable.other.smalltalk : "data"
  [55, 56] source.smalltalk.gnu meta.block.literal.smalltalk meta.block.literal.smalltalk keyword.operator.binary.smalltalk : " "
  [56, 58] source.smalltalk.gnu meta.block.literal.smalltalk meta.block.literal.smalltalk keyword.operator.assignment.smalltalk : ":="
  [58, 59] source.smalltalk.gnu meta.block.literal.smalltalk meta.block.literal.smalltalk keyword.operator.binary.smalltalk : " "
  [59, 65] source.smalltalk.gnu meta.block.literal.smalltalk meta.block.literal.smalltalk variable.other.smalltalk : "aValue"
  [65, 66] source.smalltalk.gnu meta.block.literal.smalltalk meta.block.literal.smalltalk keyword.operator.binary.smalltalk : " "
  [66, 67] source.smalltalk.gnu meta.block.literal.smalltalk meta.block.literal.smalltalk punctuation.definition.block.end.smalltalk : "]"
LINE: ].
  [0, 1] source.smalltalk.gnu meta.block.literal.smalltalk punctuation.definition.block.end.smalltalk : "]"
  [1, 2] source.smalltalk.gnu punctuation.terminator.statement.smalltalk : "."
LINE: 
  [0, 1] source.smalltalk.gnu : ""
LINE: " Adding an instance method using OwningClass >> selector [...] "
  [0, 1] source.smalltalk.gnu comment.block.double-quoted.smalltalk punctuation.definition.comment.begin.smalltalk : """
  [1, 64] source.smalltalk.gnu comment.block.double-quoted.smalltalk : " Adding an instance method using OwningClass >> selector [...] "
  [64, 65] source.smalltalk.gnu comment.block.double-quoted.smalltalk punctuation.definition.comment.end.smalltalk : """
LINE: MyScopedMethodDemo >> printData [
  [0, 18] source.smalltalk.gnu meta.method.definition.gst.smalltalk entity.name.type.class.gst.smalltalk : "MyScopedMethodDemo"
  [18, 19] source.smalltalk.gnu meta.method.definition.gst.smalltalk : " "
  [19, 21] source.smalltalk.gnu meta.method.definition.gst.smalltalk punctuation.definition.method.scoped.gst.smalltalk : ">>"
  [21, 22] source.smalltalk.gnu meta.method.definition.gst.smalltalk : " "
  [22, 31] source.smalltalk.gnu meta.method.definition.gst.smalltalk entity.name.function.definition.gst.smalltalk : "printData"
  [31, 32] source.smalltalk.gnu meta.method.definition.gst.smalltalk : " "
  [32, 33] source.smalltalk.gnu meta.method.definition.gst.smalltalk punctuation.definition.method.body.begin.gst.smalltalk : "["
LINE:     " This method is added to MyScopedMethodDemo "
  [0, 4] source.smalltalk.gnu meta.method.definition.gst.smalltalk keyword.operator.binary.smalltalk : "    "
  [4, 5] source.smalltalk.gnu meta.method.definition.gst.smalltalk comment.block.double-quoted.smalltalk punctuation.definition.comment.begin.smalltalk : """
  [5, 49] source.smalltalk.gnu meta.method.definition.gst.smalltalk comment.block.double-quoted.smalltalk : " This method is added to MyScopedMethodDemo "
  [49, 50] source.smalltalk.gnu meta.method.definition.gst.smalltalk comment.block.double-quoted.smalltalk punctuation.definition.comment.end.smalltalk : """
LINE:     Transcript show: 'Data: '; print: data; cr.
  [0, 4] source.smalltalk.gnu meta.method.definition.gst.smalltalk keyword.operator.binary.smalltalk : "    "
  [4, 14] source.smalltalk.gnu meta.method.definition.gst.smalltalk entity.name.type.class.smalltalk : "Transcript"
  [14, 15] source.smalltalk.gnu meta.method.definition.gst.smalltalk keyword.operator.binary.smalltalk : " "
  [15, 20] source.smalltalk.gnu meta.method.definition.gst.smalltalk entity.name.function.keyword.smalltalk : "show:"
  [20, 21] source.smalltalk.gnu meta.method.definition.gst.smalltalk keyword.operator.binary.smalltalk : " "
  [21, 22] source.smalltalk.gnu meta.method.definition.gst.smalltalk string.quoted.single.smalltalk punctuation.definition.string.begin.smalltalk : "'"
  [22, 28] source.smalltalk.gnu meta.method.definition.gst.smalltalk string.quoted.single.smalltalk : "Data: "
  [28, 29] source.smalltalk.gnu meta.method.definition.gst.smalltalk string.quoted.single.smalltalk punctuation.definition.string.end.smalltalk : "'"
  [29, 30] source.smalltalk.gnu meta.method.definition.gst.smalltalk punctuation.separator.cascade.smalltalk : ";"
  [30, 31] source.smalltalk.gnu meta.method.definition.gst.smalltalk keyword.operator.binary.smalltalk : " "
  [31, 37] source.smalltalk.gnu meta.method.definition.gst.smalltalk entity.name.function.keyword.smalltalk : "print:"
  [37, 38] source.smalltalk.gnu meta.method.definition.gst.smalltalk keyword.operator.binary.smalltalk : " "
  [38, 42] source.smalltalk.gnu meta.method.definition.gst.smalltalk variable.other.smalltalk : "data"
  [42, 43] source.smalltalk.gnu meta.method.definition.gst.smalltalk punctuation.separator.cascade.smalltalk : ";"
  [43, 44] source.smalltalk.gnu meta.method.definition.gst.smalltalk keyword.operator.binary.smalltalk : " "
  [44, 46] source.smalltalk.gnu meta.method.definition.gst.smalltalk variable.other.smalltalk : "cr"
  [46, 47] source.smalltalk.gnu meta.method.definition.gst.smalltalk punctuation.terminator.statement.smalltalk : "."
LINE: ].
  [0, 1] source.smalltalk.gnu meta.method.definition.gst.smalltalk punctuation.definition.method.body.end.gst.smalltalk : "]"
  [1, 2] source.smalltalk.gnu punctuation.terminator.statement.smalltalk : "."
LINE: 
  [0, 1] source.smalltalk.gnu : ""
LINE: " Adding a class method using OwningClass class >> selector [...] "
  [0, 1] source.smalltalk.gnu comment.block.double-quoted.smalltalk punctuation.definition.comment.begin.smalltalk : """
  [1, 66] source.smalltalk.gnu comment.block.double-quoted.smalltalk : " Adding a class method using OwningClass class >> selector [...] "
  [66, 67] source.smalltalk.gnu comment.block.double-quoted.smalltalk punctuation.definition.comment.end.smalltalk : """
LINE: MyScopedMethodDemo class >> classSideUtility [
  [0, 18] source.smalltalk.gnu meta.method.definition.gst.smalltalk entity.name.type.class.gst.smalltalk : "MyScopedMethodDemo"
  [18, 19] source.smalltalk.gnu meta.method.definition.gst.smalltalk : " "
  [19, 24] source.smalltalk.gnu meta.method.definition.gst.smalltalk storage.modifier.class-side.smalltalk : "class"
  [24, 25] source.smalltalk.gnu meta.method.definition.gst.smalltalk : " "
  [25, 27] source.smalltalk.gnu meta.method.definition.gst.smalltalk punctuation.definition.method.scoped.gst.smalltalk : ">>"
  [27, 28] source.smalltalk.gnu meta.method.definition.gst.smalltalk : " "
  [28, 44] source.smalltalk.gnu meta.method.definition.gst.smalltalk entity.name.function.definition.gst.smalltalk : "classSideUtility"
  [44, 45] source.smalltalk.gnu meta.method.definition.gst.smalltalk : " "
  [45, 46] source.smalltalk.gnu meta.method.definition.gst.smalltalk punctuation.definition.method.body.begin.gst.smalltalk : "["
LINE:     " This method is added to the class side of MyScopedMethodDemo "
  [0, 4] source.smalltalk.gnu meta.method.definition.gst.smalltalk keyword.operator.binary.smalltalk : "    "
  [4, 5] source.smalltalk.gnu meta.method.definition.gst.smalltalk comment.block.double-quoted.smalltalk punctuation.definition.comment.begin.smalltalk : """
  [5, 67] source.smalltalk.gnu meta.method.definition.gst.smalltalk comment.block.double-quoted.smalltalk : " This method is added to the class side of MyScopedMethodDemo "
  [67, 68] source.smalltalk.gnu meta.method.definition.gst.smalltalk comment.block.double-quoted.smalltalk punctuation.definition.comment.end.smalltalk : """
LINE:     ^'Utility method on class side'.
  [0, 4] source.smalltalk.gnu meta.method.definition.gst.smalltalk keyword.operator.binary.smalltalk : "    "
  [4, 5] source.smalltalk.gnu meta.method.definition.gst.smalltalk keyword.control.return.smalltalk : "^"
  [5, 6] source.smalltalk.gnu meta.method.definition.gst.smalltalk string.quoted.single.smalltalk punctuation.definition.string.begin.smalltalk : "'"
  [6, 34] source.smalltalk.gnu meta.method.definition.gst.smalltalk string.quoted.single.smalltalk : "Utility method on class side"
  [34, 35] source.smalltalk.gnu meta.method.definition.gst.smalltalk string.quoted.single.smalltalk punctuation.definition.string.end.smalltalk : "'"
  [35, 36] source.smalltalk.gnu meta.method.definition.gst.smalltalk punctuation.terminator.statement.smalltalk : "."
LINE: ].
  [0, 1] source.smalltalk.gnu meta.method.definition.gst.smalltalk punctuation.definition.method.body.end.gst.smalltalk : "]"
  [1, 2] source.smalltalk.gnu punctuation.terminator.statement.smalltalk : "."
LINE: 
  [0, 1] source.smalltalk.gnu : ""
LINE: " Test the added methods "
  [0, 1] source.smalltalk.gnu comment.block.double-quoted.smalltalk punctuation.definition.comment.begin.smalltalk : """
  [1, 25] source.smalltalk.gnu comment.block.double-quoted.smalltalk : " Test the added methods "
  [25, 26] source.smalltalk.gnu comment.block.double-quoted.smalltalk punctuation.definition.comment.end.smalltalk : """
LINE: | demoObj |
  [0, 2] source.smalltalk.gnu keyword.operator.binary.smalltalk : "| "
  [2, 9] source.smalltalk.gnu variable.other.smalltalk : "demoObj"
  [9, 11] source.smalltalk.gnu keyword.operator.binary.smalltalk : " |"
LINE: demoObj := MyScopedMethodDemo new.
  [0, 7] source.smalltalk.gnu variable.other.smalltalk : "demoObj"
  [7, 8] source.smalltalk.gnu keyword.operator.binary.smalltalk : " "
  [8, 10] source.smalltalk.gnu keyword.operator.assignment.smalltalk : ":="
  [10, 11] source.smalltalk.gnu keyword.operator.binary.smalltalk : " "
  [11, 29] source.smalltalk.gnu entity.name.type.class.smalltalk : "MyScopedMethodDemo"
  [29, 30] source.smalltalk.gnu keyword.operator.binary.smalltalk : " "
  [30, 33] source.smalltalk.gnu variable.other.smalltalk : "new"
  [33, 34] source.smalltalk.gnu punctuation.terminator.statement.smalltalk : "."
LINE: demoObj initializeWith: 'Test Data'.
  [0, 7] source.smalltalk.gnu variable.other.smalltalk : "demoObj"
  [7, 8] source.smalltalk.gnu keyword.operator.binary.smalltalk : " "
  [8, 23] source.smalltalk.gnu entity.name.function.keyword.smalltalk : "initializeWith:"
  [23, 24] source.smalltalk.gnu keyword.operator.binary.smalltalk : " "
  [24, 25] source.smalltalk.gnu string.quoted.single.smalltalk punctuation.definition.string.begin.smalltalk : "'"
  [25, 34] source.smalltalk.gnu string.quoted.single.smalltalk : "Test Data"
  [34, 35] source.smalltalk.gnu string.quoted.single.smalltalk punctuation.definition.string.end.smalltalk : "'"
  [35, 36] source.smalltalk.gnu punctuation.terminator.statement.smalltalk : "."
LINE: demoObj printData.
  [0, 7] source.smalltalk.gnu variable.other.smalltalk : "demoObj"
  [7, 8] source.smalltalk.gnu keyword.operator.binary.smalltalk : " "
  [8, 17] source.smalltalk.gnu variable.other.smalltalk : "printData"
  [17, 18] source.smalltalk.gnu punctuation.terminator.statement.smalltalk : "."
LINE: (MyScopedMethodDemo classSideUtility) printNl.
  [0, 1] source.smalltalk.gnu meta.expression.parenthesized.smalltalk punctuation.section.group.begin.smalltalk : "("
  [1, 19] source.smalltalk.gnu meta.expression.parenthesized.smalltalk entity.name.type.class.smalltalk : "MyScopedMethodDemo"
  [19, 20] source.smalltalk.gnu meta.expression.parenthesized.smalltalk keyword.operator.binary.smalltalk : " "
  [20, 36] source.smalltalk.gnu meta.expression.parenthesized.smalltalk variable.other.smalltalk : "classSideUtility"
  [36, 37] source.smalltalk.gnu meta.expression.parenthesized.smalltalk punctuation.section.group.end.smalltalk : ")"
  [37, 38] source.smalltalk.gnu keyword.operator.binary.smalltalk : " "
  [38, 45] source.smalltalk.gnu variable.other.smalltalk : "printNl"
  [45, 46] source.smalltalk.gnu punctuation.terminator.statement.smalltalk : "."
LINE: 
  [0, 1] source.smalltalk.gnu : ""
LINE: 
  [0, 1] source.smalltalk.gnu : ""
LINE: " Scoped method definition with temporaries "
  [0, 1] source.smalltalk.gnu comment.block.double-quoted.smalltalk punctuation.definition.comment.begin.smalltalk : """
  [1, 44] source.smalltalk.gnu comment.block.double-quoted.smalltalk : " Scoped method definition with temporaries "
  [44, 45] source.smalltalk.gnu comment.block.double-quoted.smalltalk punctuation.definition.comment.end.smalltalk : """
LINE: MyScopedMethodDemo >> processData [
  [0, 18] source.smalltalk.gnu meta.method.definition.gst.smalltalk entity.name.type.class.gst.smalltalk : "MyScopedMethodDemo"
  [18, 19] source.smalltalk.gnu meta.method.definition.gst.smalltalk : " "
  [19, 21] source.smalltalk.gnu meta.method.definition.gst.smalltalk punctuation.definition.method.scoped.gst.smalltalk : ">>"
  [21, 22] source.smalltalk.gnu meta.method.definition.gst.smalltalk : " "
  [22, 33] source.smalltalk.gnu meta.method.definition.gst.smalltalk entity.name.function.definition.gst.smalltalk : "processData"
  [33, 34] source.smalltalk.gnu meta.method.definition.gst.smalltalk : " "
  [34, 35] source.smalltalk.gnu meta.method.definition.gst.smalltalk punctuation.definition.method.body.begin.gst.smalltalk : "["
LINE:     | temp |
  [0, 6] source.smalltalk.gnu meta.method.definition.gst.smalltalk keyword.operator.binary.smalltalk : "    | "
  [6, 10] source.smalltalk.gnu meta.method.definition.gst.smalltalk variable.other.smalltalk : "temp"
  [10, 12] source.smalltalk.gnu meta.method.definition.gst.smalltalk keyword.operator.binary.smalltalk : " |"
LINE:     temp := data reversed. " Assuming data is a string "
  [0, 4] source.smalltalk.gnu meta.method.definition.gst.smalltalk keyword.operator.binary.smalltalk : "    "
  [4, 8] source.smalltalk.gnu meta.method.definition.gst.smalltalk variable.other.smalltalk : "temp"
  [8, 9] source.smalltalk.gnu meta.method.definition.gst.smalltalk keyword.operator.binary.smalltalk : " "
  [9, 11] source.smalltalk.gnu meta.method.definition.gst.smalltalk keyword.operator.assignment.smalltalk : ":="
  [11, 12] source.smalltalk.gnu meta.method.definition.gst.smalltalk keyword.operator.binary.smalltalk : " "
  [12, 16] source.smalltalk.gnu meta.method.definition.gst.smalltalk variable.other.smalltalk : "data"
  [16, 17] source.smalltalk.gnu meta.method.definition.gst.smalltalk keyword.operator.binary.smalltalk : " "
  [17, 25] source.smalltalk.gnu meta.method.definition.gst.smalltalk variable.other.smalltalk : "reversed"
  [25, 26] source.smalltalk.gnu meta.method.definition.gst.smalltalk punctuation.terminator.statement.smalltalk : "."
  [26, 27] source.smalltalk.gnu meta.method.definition.gst.smalltalk keyword.operator.binary.smalltalk : " "
  [27, 28] source.smalltalk.gnu meta.method.definition.gst.smalltalk comment.block.double-quoted.smalltalk punctuation.definition.comment.begin.smalltalk : """
  [28, 55] source.smalltalk.gnu meta.method.definition.gst.smalltalk comment.block.double-quoted.smalltalk : " Assuming data is a string "
  [55, 56] source.smalltalk.gnu meta.method.definition.gst.smalltalk comment.block.double-quoted.smalltalk punctuation.definition.comment.end.smalltalk : """
LINE:     ^'Processed: ', temp.
  [0, 4] source.smalltalk.gnu meta.method.definition.gst.smalltalk keyword.operator.binary.smalltalk : "    "
  [4, 5] source.smalltalk.gnu meta.method.definition.gst.smalltalk keyword.control.return.smalltalk : "^"
  [5, 6] source.smalltalk.gnu meta.method.definition.gst.smalltalk string.quoted.single.smalltalk punctuation.definition.string.begin.smalltalk : "'"
  [6, 17] source.smalltalk.gnu meta.method.definition.gst.smalltalk string.quoted.single.smalltalk : "Processed: "
  [17, 18] source.smalltalk.gnu meta.method.definition.gst.smalltalk string.quoted.single.smalltalk punctuation.definition.string.end.smalltalk : "'"
  [18, 20] source.smalltalk.gnu meta.method.definition.gst.smalltalk keyword.operator.binary.smalltalk : ", "
  [20, 24] source.smalltalk.gnu meta.method.definition.gst.smalltalk variable.other.smalltalk : "temp"
  [24, 25] source.smalltalk.gnu meta.method.definition.gst.smalltalk punctuation.terminator.statement.smalltalk : "."
LINE: ].
  [0, 1] source.smalltalk.gnu meta.method.definition.gst.smalltalk punctuation.definition.method.body.end.gst.smalltalk : "]"
  [1, 2] source.smalltalk.gnu punctuation.terminator.statement.smalltalk : "."
LINE: (demoObj processData) printNl.
  [0, 1] source.smalltalk.gnu meta.expression.parenthesized.smalltalk punctuation.section.group.begin.smalltalk : "("
  [1, 8] source.smalltalk.gnu meta.expression.parenthesized.smalltalk variable.other.smalltalk : "demoObj"
  [8, 9] source.smalltalk.gnu meta.expression.parenthesized.smalltalk keyword.operator.binary.smalltalk : " "
  [9, 20] source.smalltalk.gnu meta.expression.parenthesized.smalltalk variable.other.smalltalk : "processData"
  [20, 21] source.smalltalk.gnu meta.expression.parenthesized.smalltalk punctuation.section.group.end.smalltalk : ")"
  [21, 22] source.smalltalk.gnu keyword.operator.binary.smalltalk : " "
  [22, 29] source.smalltalk.gnu variable.other.smalltalk : "printNl"
  [29, 30] source.smalltalk.gnu punctuation.terminator.statement.smalltalk : "."
LINE: 
  [0, 1] source.smalltalk.gnu : ""
LINE: 
  [0, 1] source.smalltalk.gnu : ""
LINE: " Scoped method definition with return statement "
  [0, 1] source.smalltalk.gnu comment.block.double-quoted.smalltalk punctuation.definition.comment.begin.smalltalk : """
  [1, 49] source.smalltalk.gnu comment.block.double-quoted.smalltalk : " Scoped method definition with return statement "
  [49, 50] source.smalltalk.gnu comment.block.double-quoted.smalltalk punctuation.definition.comment.end.smalltalk : """
LINE: MyScopedMethodDemo >> getData [
  [0, 18] source.smalltalk.gnu meta.method.definition.gst.smalltalk entity.name.type.class.gst.smalltalk : "MyScopedMethodDemo"
  [18, 19] source.smalltalk.gnu meta.method.definition.gst.smalltalk : " "
  [19, 21] source.smalltalk.gnu meta.method.definition.gst.smalltalk punctuation.definition.method.scoped.gst.smalltalk : ">>"
  [21, 22] source.smalltalk.gnu meta.method.definition.gst.smalltalk : " "
  [22, 29] source.smalltalk.gnu meta.method.definition.gst.smalltalk entity.name.function.definition.gst.smalltalk : "getData"
  [29, 30] source.smalltalk.gnu meta.method.definition.gst.smalltalk : " "
  [30, 31] source.smalltalk.gnu meta.method.definition.gst.smalltalk punctuation.definition.method.body.begin.gst.smalltalk : "["
LINE:     ^data.
  [0, 4] source.smalltalk.gnu meta.method.definition.gst.smalltalk keyword.operator.binary.smalltalk : "    "
  [4, 5] source.smalltalk.gnu meta.method.definition.gst.smalltalk keyword.control.return.smalltalk : "^"
  [5, 9] source.smalltalk.gnu meta.method.definition.gst.smalltalk variable.other.smalltalk : "data"
  [9, 10] source.smalltalk.gnu meta.method.definition.gst.smalltalk punctuation.terminator.statement.smalltalk : "."
LINE: ].
  [0, 1] source.smalltalk.gnu meta.method.definition.gst.smalltalk punctuation.definition.method.body.end.gst.smalltalk : "]"
  [1, 2] source.smalltalk.gnu punctuation.terminator.statement.smalltalk : "."
LINE: (demoObj getData) printNl.
  [0, 1] source.smalltalk.gnu meta.expression.parenthesized.smalltalk punctuation.section.group.begin.smalltalk : "("
  [1, 8] source.smalltalk.gnu meta.expression.parenthesized.smalltalk variable.other.smalltalk : "demoObj"
  [8, 9] source.smalltalk.gnu meta.expression.parenthesized.smalltalk keyword.operator.binary.smalltalk : " "
  [9, 16] source.smalltalk.gnu meta.expression.parenthesized.smalltalk variable.other.smalltalk : "getData"
  [16, 17] source.smalltalk.gnu meta.expression.parenthesized.smalltalk punctuation.section.group.end.smalltalk : ")"
  [17, 18] source.smalltalk.gnu keyword.operator.binary.smalltalk : " "
  [18, 25] source.smalltalk.gnu variable.other.smalltalk : "printNl"
  [25, 26] source.smalltalk.gnu punctuation.terminator.statement.smalltalk : "."
LINE: 
  [0, 1] source.smalltalk.gnu : ""
LINE: 
  [0, 1] source.smalltalk.gnu : ""
LINE: " Scoped binary method "
  [0, 1] source.smalltalk.gnu comment.block.double-quoted.smalltalk punctuation.definition.comment.begin.smalltalk : """
  [1, 23] source.smalltalk.gnu comment.block.double-quoted.smalltalk : " Scoped binary method "
  [23, 24] source.smalltalk.gnu comment.block.double-quoted.smalltalk punctuation.definition.comment.end.smalltalk : """
LINE: MyScopedMethodDemo >> + anotherDemoObject [
  [0, 18] source.smalltalk.gnu entity.name.type.class.smalltalk : "MyScopedMethodDemo"
  [18, 24] source.smalltalk.gnu keyword.operator.binary.smalltalk : " >> + "
  [24, 41] source.smalltalk.gnu variable.other.smalltalk : "anotherDemoObject"
  [41, 42] source.smalltalk.gnu keyword.operator.binary.smalltalk : " "
  [42, 43] source.smalltalk.gnu meta.block.literal.smalltalk punctuation.definition.block.begin.smalltalk : "["
LINE:     " Concatenate data from two MyScopedMethodDemo objects "
  [0, 4] source.smalltalk.gnu meta.block.literal.smalltalk keyword.operator.binary.smalltalk : "    "
  [4, 5] source.smalltalk.gnu meta.block.literal.smalltalk comment.block.double-quoted.smalltalk punctuation.definition.comment.begin.smalltalk : """
  [5, 59] source.smalltalk.gnu meta.block.literal.smalltalk comment.block.double-quoted.smalltalk : " Concatenate data from two MyScopedMethodDemo objects "
  [59, 60] source.smalltalk.gnu meta.block.literal.smalltalk comment.block.double-quoted.smalltalk punctuation.definition.comment.end.smalltalk : """
LINE:     ^self getData, anotherDemoObject getData.
  [0, 4] source.smalltalk.gnu meta.block.literal.smalltalk keyword.operator.binary.smalltalk : "    "
  [4, 5] source.smalltalk.gnu meta.block.literal.smalltalk keyword.control.return.smalltalk : "^"
  [5, 9] source.smalltalk.gnu meta.block.literal.smalltalk variable.language.self.smalltalk : "self"
  [9, 10] source.smalltalk.gnu meta.block.literal.smalltalk keyword.operator.binary.smalltalk : " "
  [10, 17] source.smalltalk.gnu meta.block.literal.smalltalk variable.other.smalltalk : "getData"
  [17, 19] source.smalltalk.gnu meta.block.literal.smalltalk keyword.operator.binary.smalltalk : ", "
  [19, 36] source.smalltalk.gnu meta.block.literal.smalltalk variable.other.smalltalk : "anotherDemoObject"
  [36, 37] source.smalltalk.gnu meta.block.literal.smalltalk keyword.operator.binary.smalltalk : " "
  [37, 44] source.smalltalk.gnu meta.block.literal.smalltalk variable.other.smalltalk : "getData"
  [44, 45] source.smalltalk.gnu meta.block.literal.smalltalk punctuation.terminator.statement.smalltalk : "."
LINE: ].
  [0, 1] source.smalltalk.gnu meta.block.literal.smalltalk punctuation.definition.block.end.smalltalk : "]"
  [1, 2] source.smalltalk.gnu punctuation.terminator.statement.smalltalk : "."
LINE: 
  [0, 1] source.smalltalk.gnu : ""
LINE: | demoObj2 result |
  [0, 2] source.smalltalk.gnu keyword.operator.binary.smalltalk : "| "
  [2, 10] source.smalltalk.gnu variable.other.smalltalk : "demoObj2"
  [10, 11] source.smalltalk.gnu keyword.operator.binary.smalltalk : " "
  [11, 17] source.smalltalk.gnu variable.other.smalltalk : "result"
  [17, 19] source.smalltalk.gnu keyword.operator.binary.smalltalk : " |"
LINE: demoObj2 := MyScopedMethodDemo new.
  [0, 8] source.smalltalk.gnu variable.other.smalltalk : "demoObj2"
  [8, 9] source.smalltalk.gnu keyword.operator.binary.smalltalk : " "
  [9, 11] source.smalltalk.gnu keyword.operator.assignment.smalltalk : ":="
  [11, 12] source.smalltalk.gnu keyword.operator.binary.smalltalk : " "
  [12, 30] source.smalltalk.gnu entity.name.type.class.smalltalk : "MyScopedMethodDemo"
  [30, 31] source.smalltalk.gnu keyword.operator.binary.smalltalk : " "
  [31, 34] source.smalltalk.gnu variable.other.smalltalk : "new"
  [34, 35] source.smalltalk.gnu punctuation.terminator.statement.smalltalk : "."
LINE: demoObj2 initializeWith: 'More Data'.
  [0, 8] source.smalltalk.gnu variable.other.smalltalk : "demoObj2"
  [8, 9] source.smalltalk.gnu keyword.operator.binary.smalltalk : " "
  [9, 24] source.smalltalk.gnu entity.name.function.keyword.smalltalk : "initializeWith:"
  [24, 25] source.smalltalk.gnu keyword.operator.binary.smalltalk : " "
  [25, 26] source.smalltalk.gnu string.quoted.single.smalltalk punctuation.definition.string.begin.smalltalk : "'"
  [26, 35] source.smalltalk.gnu string.quoted.single.smalltalk : "More Data"
  [35, 36] source.smalltalk.gnu string.quoted.single.smalltalk punctuation.definition.string.end.smalltalk : "'"
  [36, 37] source.smalltalk.gnu punctuation.terminator.statement.smalltalk : "."
LINE: result := demoObj + demoObj2.
  [0, 6] source.smalltalk.gnu variable.other.smalltalk : "result"
  [6, 7] source.smalltalk.gnu keyword.operator.binary.smalltalk : " "
  [7, 9] source.smalltalk.gnu keyword.operator.assignment.smalltalk : ":="
  [9, 10] source.smalltalk.gnu keyword.operator.binary.smalltalk : " "
  [10, 17] source.smalltalk.gnu variable.other.smalltalk : "demoObj"
  [17, 20] source.smalltalk.gnu keyword.operator.binary.smalltalk : " + "
  [20, 28] source.smalltalk.gnu variable.other.smalltalk : "demoObj2"
  [28, 29] source.smalltalk.gnu punctuation.terminator.statement.smalltalk : "."
LINE: result printNl.
  [0, 6] source.smalltalk.gnu variable.other.smalltalk : "result"
  [6, 7] source.smalltalk.gnu keyword.operator.binary.smalltalk : " "
  [7, 14] source.smalltalk.gnu variable.other.smalltalk : "printNl"
  [14, 15] source.smalltalk.gnu punctuation.terminator.statement.smalltalk : "."
LINE: 
  [0, 1] source.smalltalk.gnu : ""
LINE: 
  [0, 1] source.smalltalk.gnu : ""
LINE: " Scoped keyword method "
  [0, 1] source.smalltalk.gnu comment.block.double-quoted.smalltalk punctuation.definition.comment.begin.smalltalk : """
  [1, 24] source.smalltalk.gnu comment.block.double-quoted.smalltalk : " Scoped keyword method "
  [24, 25] source.smalltalk.gnu comment.block.double-quoted.smalltalk punctuation.definition.comment.end.smalltalk : """
LINE: MyScopedMethodDemo >> update: newData ifOld: oldDataBlock [
  [0, 18] source.smalltalk.gnu entity.name.type.class.smalltalk : "MyScopedMethodDemo"
  [18, 22] source.smalltalk.gnu keyword.operator.binary.smalltalk : " >> "
  [22, 29] source.smalltalk.gnu entity.name.function.keyword.smalltalk : "update:"
  [29, 30] source.smalltalk.gnu keyword.operator.binary.smalltalk : " "
  [30, 37] source.smalltalk.gnu variable.other.smalltalk : "newData"
  [37, 38] source.smalltalk.gnu keyword.operator.binary.smalltalk : " "
  [38, 44] source.smalltalk.gnu entity.name.function.keyword.smalltalk : "ifOld:"
  [44, 45] source.smalltalk.gnu keyword.operator.binary.smalltalk : " "
  [45, 57] source.smalltalk.gnu variable.other.smalltalk : "oldDataBlock"
  [57, 58] source.smalltalk.gnu keyword.operator.binary.smalltalk : " "
  [58, 59] source.smalltalk.gnu meta.block.literal.smalltalk punctuation.definition.block.begin.smalltalk : "["
LINE:     data = newData ifTrue: [ ^oldDataBlock value ].
  [0, 4] source.smalltalk.gnu meta.block.literal.smalltalk keyword.operator.binary.smalltalk : "    "
  [4, 8] source.smalltalk.gnu meta.block.literal.smalltalk variable.other.smalltalk : "data"
  [8, 11] source.smalltalk.gnu meta.block.literal.smalltalk keyword.operator.binary.smalltalk : " = "
  [11, 18] source.smalltalk.gnu meta.block.literal.smalltalk variable.other.smalltalk : "newData"
  [18, 19] source.smalltalk.gnu meta.block.literal.smalltalk keyword.operator.binary.smalltalk : " "
  [19, 26] source.smalltalk.gnu meta.block.literal.smalltalk entity.name.function.keyword.smalltalk : "ifTrue:"
  [26, 27] source.smalltalk.gnu meta.block.literal.smalltalk keyword.operator.binary.smalltalk : " "
  [27, 28] source.smalltalk.gnu meta.block.literal.smalltalk meta.block.literal.smalltalk punctuation.definition.block.begin.smalltalk : "["
  [28, 29] source.smalltalk.gnu meta.block.literal.smalltalk meta.block.literal.smalltalk keyword.operator.binary.smalltalk : " "
  [29, 30] source.smalltalk.gnu meta.block.literal.smalltalk meta.block.literal.smalltalk keyword.control.return.smalltalk : "^"
  [30, 42] source.smalltalk.gnu meta.block.literal.smalltalk meta.block.literal.smalltalk variable.other.smalltalk : "oldDataBlock"
  [42, 43] source.smalltalk.gnu meta.block.literal.smalltalk meta.block.literal.smalltalk keyword.operator.binary.smalltalk : " "
  [43, 48] source.smalltalk.gnu meta.block.literal.smalltalk meta.block.literal.smalltalk variable.other.smalltalk : "value"
  [48, 49] source.smalltalk.gnu meta.block.literal.smalltalk meta.block.literal.smalltalk keyword.operator.binary.smalltalk : " "
  [49, 50] source.smalltalk.gnu meta.block.literal.smalltalk meta.block.literal.smalltalk punctuation.definition.block.end.smalltalk : "]"
  [50, 51] source.smalltalk.gnu meta.block.literal.smalltalk punctuation.terminator.statement.smalltalk : "."
LINE:     data := newData.
  [0, 4] source.smalltalk.gnu meta.block.literal.smalltalk keyword.operator.binary.smalltalk : "    "
  [4, 8] source.smalltalk.gnu meta.block.literal.smalltalk variable.other.smalltalk : "data"
  [8, 9] source.smalltalk.gnu meta.block.literal.smalltalk keyword.operator.binary.smalltalk : " "
  [9, 11] source.smalltalk.gnu meta.block.literal.smalltalk keyword.operator.assignment.smalltalk : ":="
  [11, 12] source.smalltalk.gnu meta.block.literal.smalltalk keyword.operator.binary.smalltalk : " "
  [12, 19] source.smalltalk.gnu meta.block.literal.smalltalk variable.other.smalltalk : "newData"
  [19, 20] source.smalltalk.gnu meta.block.literal.smalltalk punctuation.terminator.statement.smalltalk : "."
LINE:     ^'Data updated'.
  [0, 4] source.smalltalk.gnu meta.block.literal.smalltalk keyword.operator.binary.smalltalk : "    "
  [4, 5] source.smalltalk.gnu meta.block.literal.smalltalk keyword.control.return.smalltalk : "^"
  [5, 6] source.smalltalk.gnu meta.block.literal.smalltalk string.quoted.single.smalltalk punctuation.definition.string.begin.smalltalk : "'"
  [6, 18] source.smalltalk.gnu meta.block.literal.smalltalk string.quoted.single.smalltalk : "Data updated"
  [18, 19] source.smalltalk.gnu meta.block.literal.smalltalk string.quoted.single.smalltalk punctuation.definition.string.end.smalltalk : "'"
  [19, 20] source.smalltalk.gnu meta.block.literal.smalltalk punctuation.terminator.statement.smalltalk : "."
LINE: ].
  [0, 1] source.smalltalk.gnu meta.block.literal.smalltalk punctuation.definition.block.end.smalltalk : "]"
  [1, 2] source.smalltalk.gnu punctuation.terminator.statement.smalltalk : "."
LINE: 
  [0, 1] source.smalltalk.gnu : ""
LINE: (demoObj update: 'New Data' ifOld: [ 'Data was already new!' ]) printNl.
  [0, 1] source.smalltalk.gnu meta.expression.parenthesized.smalltalk punctuation.section.group.begin.smalltalk : "("
  [1, 8] source.smalltalk.gnu meta.expression.parenthesized.smalltalk variable.other.smalltalk : "demoObj"
  [8, 9] source.smalltalk.gnu meta.expression.parenthesized.smalltalk keyword.operator.binary.smalltalk : " "
  [9, 16] source.smalltalk.gnu meta.expression.parenthesized.smalltalk entity.name.function.keyword.smalltalk : "update:"
  [16, 17] source.smalltalk.gnu meta.expression.parenthesized.smalltalk keyword.operator.binary.smalltalk : " "
  [17, 18] source.smalltalk.gnu meta.expression.parenthesized.smalltalk string.quoted.single.smalltalk punctuation.definition.string.begin.smalltalk : "'"
  [18, 26] source.smalltalk.gnu meta.expression.parenthesized.smalltalk string.quoted.single.smalltalk : "New Data"
  [26, 27] source.smalltalk.gnu meta.expression.parenthesized.smalltalk string.quoted.single.smalltalk punctuation.definition.string.end.smalltalk : "'"
  [27, 28] source.smalltalk.gnu meta.expression.parenthesized.smalltalk keyword.operator.binary.smalltalk : " "
  [28, 34] source.smalltalk.gnu meta.expression.parenthesized.smalltalk entity.name.function.keyword.smalltalk : "ifOld:"
  [34, 35] source.smalltalk.gnu meta.expression.parenthesized.smalltalk keyword.operator.binary.smalltalk : " "
  [35, 36] source.smalltalk.gnu meta.expression.parenthesized.smalltalk meta.block.literal.smalltalk punctuation.definition.block.begin.smalltalk : "["
  [36, 37] source.smalltalk.gnu meta.expression.parenthesized.smalltalk meta.block.literal.smalltalk keyword.operator.binary.smalltalk : " "
  [37, 38] source.smalltalk.gnu meta.expression.parenthesized.smalltalk meta.block.literal.smalltalk string.quoted.single.smalltalk punctuation.definition.string.begin.smalltalk : "'"
  [38, 59] source.smalltalk.gnu meta.expression.parenthesized.smalltalk meta.block.literal.smalltalk string.quoted.single.smalltalk : "Data was already new!"
  [59, 60] source.smalltalk.gnu meta.expression.parenthesized.smalltalk meta.block.literal.smalltalk string.quoted.single.smalltalk punctuation.definition.string.end.smalltalk : "'"
  [60, 61] source.smalltalk.gnu meta.expression.parenthesized.smalltalk meta.block.literal.smalltalk keyword.operator.binary.smalltalk : " "
  [61, 62] source.smalltalk.gnu meta.expression.parenthesized.smalltalk meta.block.literal.smalltalk punctuation.definition.block.end.smalltalk : "]"
  [62, 63] source.smalltalk.gnu meta.expression.parenthesized.smalltalk punctuation.section.group.end.smalltalk : ")"
  [63, 64] source.smalltalk.gnu keyword.operator.binary.smalltalk : " "
  [64, 71] source.smalltalk.gnu variable.other.smalltalk : "printNl"
  [71, 72] source.smalltalk.gnu punctuation.terminator.statement.smalltalk : "."
LINE: (demoObj update: 'New Data' ifOld: [ 'Data was already new!' ]) printNl. " Call again "
  [0, 1] source.smalltalk.gnu meta.expression.parenthesized.smalltalk punctuation.section.group.begin.smalltalk : "("
  [1, 8] source.smalltalk.gnu meta.expression.parenthesized.smalltalk variable.other.smalltalk : "demoObj"
  [8, 9] source.smalltalk.gnu meta.expression.parenthesized.smalltalk keyword.operator.binary.smalltalk : " "
  [9, 16] source.smalltalk.gnu meta.expression.parenthesized.smalltalk entity.name.function.keyword.smalltalk : "update:"
  [16, 17] source.smalltalk.gnu meta.expression.parenthesized.smalltalk keyword.operator.binary.smalltalk : " "
  [17, 18] source.smalltalk.gnu meta.expression.parenthesized.smalltalk string.quoted.single.smalltalk punctuation.definition.string.begin.smalltalk : "'"
  [18, 26] source.smalltalk.gnu meta.expression.parenthesized.smalltalk string.quoted.single.smalltalk : "New Data"
  [26, 27] source.smalltalk.gnu meta.expression.parenthesized.smalltalk string.quoted.single.smalltalk punctuation.definition.string.end.smalltalk : "'"
  [27, 28] source.smalltalk.gnu meta.expression.parenthesized.smalltalk keyword.operator.binary.smalltalk : " "
  [28, 34] source.smalltalk.gnu meta.expression.parenthesized.smalltalk entity.name.function.keyword.smalltalk : "ifOld:"
  [34, 35] source.smalltalk.gnu meta.expression.parenthesized.smalltalk keyword.operator.binary.smalltalk : " "
  [35, 36] source.smalltalk.gnu meta.expression.parenthesized.smalltalk meta.block.literal.smalltalk punctuation.definition.block.begin.smalltalk : "["
  [36, 37] source.smalltalk.gnu meta.expression.parenthesized.smalltalk meta.block.literal.smalltalk keyword.operator.binary.smalltalk : " "
  [37, 38] source.smalltalk.gnu meta.expression.parenthesized.smalltalk meta.block.literal.smalltalk string.quoted.single.smalltalk punctuation.definition.string.begin.smalltalk : "'"
  [38, 59] source.smalltalk.gnu meta.expression.parenthesized.smalltalk meta.block.literal.smalltalk string.quoted.single.smalltalk : "Data was already new!"
  [59, 60] source.smalltalk.gnu meta.expression.parenthesized.smalltalk meta.block.literal.smalltalk string.quoted.single.smalltalk punctuation.definition.string.end.smalltalk : "'"
  [60, 61] source.smalltalk.gnu meta.expression.parenthesized.smalltalk meta.block.literal.smalltalk keyword.operator.binary.smalltalk : " "
  [61, 62] source.smalltalk.gnu meta.expression.parenthesized.smalltalk meta.block.literal.smalltalk punctuation.definition.block.end.smalltalk : "]"
  [62, 63] source.smalltalk.gnu meta.expression.parenthesized.smalltalk punctuation.section.group.end.smalltalk : ")"
  [63, 64] source.smalltalk.gnu keyword.operator.binary.smalltalk : " "
  [64, 71] source.smalltalk.gnu variable.other.smalltalk : "printNl"
  [71, 72] source.smalltalk.gnu punctuation.terminator.statement.smalltalk : "."
  [72, 73] source.smalltalk.gnu keyword.operator.binary.smalltalk : " "
  [73, 74] source.smalltalk.gnu comment.block.double-quoted.smalltalk punctuation.definition.comment.begin.smalltalk : """
  [74, 86] source.smalltalk.gnu comment.block.double-quoted.smalltalk : " Call again "
  [86, 87] source.smalltalk.gnu comment.block.double-quoted.smalltalk punctuation.definition.comment.end.smalltalk : """
LINE: 
  [0, 1] source.smalltalk.gnu : ""
LINE: 
  [0, 1] source.smalltalk.gnu : ""
LINE: " End of object extend and Scoped Method Definition Test "
  [0, 1] source.smalltalk.gnu comment.block.double-quoted.smalltalk punctuation.definition.comment.begin.smalltalk : """
  [1, 57] source.smalltalk.gnu comment.block.double-quoted.smalltalk : " End of object extend and Scoped Method Definition Test "
  [57, 58] source.smalltalk.gnu comment.block.double-quoted.smalltalk punctuation.definition.comment.end.smalltalk : """
LINE: !
  [0, 1] source.smalltalk.gnu keyword.operator.binary.smalltalk : "!"
LINE: 
  [0, 1] source.smalltalk.gnu : ""